Device       : cpu

========== GPOMDP LOSS ==========
states shape  = (128, 500, 17)
actions shape = (128, 500, 6)
rewards shape = (128, 500)
returns shape = (128, 500)
mask shape    = (128, 500)
log_probs shape = (128, 500)
valid steps = 64000
objective = 7.102295
loss = -7.102295
========== END GPOMDP DEBUG ==========


========== NPG PRECONDITIONING ==========
Fisher condition number  : 8.050e+03
||nat_g|| / ||g||        : 11.026
========== END NPG DEBUG ==========

Iteration 0000 | train reward: -185.85 | best: -185.85 | KL: 3.647e-03 | std: 0.6066 | rollout: 4.925s | update: 0.505s | total: 5.430s | samples/s: 11787
Iteration 0001 | train reward: -169.64 | best: -169.64 | KL: 2.672e-03 | std: 0.6043 | rollout: 5.060s | update: 0.485s | total: 5.545s | samples/s: 11542
Iteration 0002 | train reward: -160.82 | best: -160.82 | KL: 3.461e-03 | std: 0.6040 | rollout: 5.532s | update: 0.477s | total: 6.010s | samples/s: 10650
Iteration 0003 | train reward: -147.55 | best: -147.55 | KL: 3.137e-03 | std: 0.6042 | rollout: 7.239s | update: 0.461s | total: 7.700s | samples/s: 8312
Iteration 0004 | train reward: -147.37 | best: -147.37 | KL: 3.644e-03 | std: 0.6042 | rollout: 7.785s | update: 0.458s | total: 8.243s | samples/s: 7765
Iteration 0005 | train reward: -130.64 | best: -130.64 | KL: 3.215e-03 | std: 0.6021 | rollout: 6.916s | update: 0.480s | total: 7.396s | samples/s: 8653
Iteration 0006 | train reward: -120.14 | best: -120.14 | KL: 3.172e-03 | std: 0.6036 | rollout: 6.954s | update: 0.492s | total: 7.445s | samples/s: 8596
Iteration 0007 | train reward: -109.31 | best: -109.31 | KL: 2.424e-03 | std: 0.6035 | rollout: 7.022s | update: 0.457s | total: 7.479s | samples/s: 8557
Iteration 0008 | train reward: -101.31 | best: -101.31 | KL: 1.932e-03 | std: 0.6017 | rollout: 6.874s | update: 0.456s | total: 7.329s | samples/s: 8732
Iteration 0009 | train reward: -97.54 | best: -97.54 | KL: 2.147e-03 | std: 0.6010 | rollout: 6.971s | update: 0.459s | total: 7.430s | samples/s: 8613
Iteration 0010 | train reward: -81.63 | best: -81.63 | KL: 2.273e-03 | std: 0.5991 | rollout: 7.495s | update: 0.505s | total: 8.000s | samples/s: 8000
Iteration 0011 | train reward: -69.82 | best: -69.82 | KL: 1.615e-03 | std: 0.5988 | rollout: 7.353s | update: 0.477s | total: 7.830s | samples/s: 8173
Iteration 0012 | train reward: -63.10 | best: -63.10 | KL: 1.816e-03 | std: 0.5984 | rollout: 6.988s | update: 0.464s | total: 7.452s | samples/s: 8588
Iteration 0013 | train reward: -50.12 | best: -50.12 | KL: 1.974e-03 | std: 0.5962 | rollout: 9.014s | update: 0.478s | total: 9.491s | samples/s: 6743
Iteration 0014 | train reward: -47.99 | best: -47.99 | KL: 1.872e-03 | std: 0.5943 | rollout: 7.019s | update: 0.504s | total: 7.523s | samples/s: 8507
Iteration 0015 | train reward: -29.36 | best: -29.36 | KL: 2.078e-03 | std: 0.5938 | rollout: 6.768s | update: 0.480s | total: 7.248s | samples/s: 8830
Iteration 0016 | train reward: -21.67 | best: -21.67 | KL: 1.602e-03 | std: 0.5936 | rollout: 6.950s | update: 0.468s | total: 7.418s | samples/s: 8628
Iteration 0017 | train reward: -4.88 | best: -4.88 | KL: 1.788e-03 | std: 0.5912 | rollout: 6.722s | update: 0.488s | total: 7.210s | samples/s: 8876
Iteration 0018 | train reward: 0.28 | best: 0.28 | KL: 2.437e-03 | std: 0.5911 | rollout: 7.363s | update: 0.471s | total: 7.833s | samples/s: 8170
Iteration 0019 | train reward: 17.31 | best: 17.31 | KL: 2.188e-03 | std: 0.5891 | rollout: 7.200s | update: 0.496s | total: 7.696s | samples/s: 8316
Iteration 0020 | train reward: 22.61 | best: 22.61 | KL: 2.809e-03 | std: 0.5885 | rollout: 7.712s | update: 0.465s | total: 8.177s | samples/s: 7827
Iteration 0021 | train reward: 36.83 | best: 36.83 | KL: 2.662e-03 | std: 0.5884 | rollout: 7.504s | update: 0.503s | total: 8.007s | samples/s: 7993
Iteration 0022 | train reward: 58.55 | best: 58.55 | KL: 2.706e-03 | std: 0.5861 | rollout: 6.633s | update: 0.489s | total: 7.122s | samples/s: 8986
Iteration 0023 | train reward: 60.45 | best: 60.45 | KL: 4.051e-03 | std: 0.5841 | rollout: 7.526s | update: 0.453s | total: 7.980s | samples/s: 8020
Iteration 0024 | train reward: 76.55 | best: 76.55 | KL: 4.409e-03 | std: 0.5852 | rollout: 7.401s | update: 0.455s | total: 7.856s | samples/s: 8146
Iteration 0025 | train reward: 80.24 | best: 80.24 | KL: 2.940e-03 | std: 0.5826 | rollout: 7.541s | update: 0.453s | total: 7.995s | samples/s: 8005
Iteration 0026 | train reward: 92.38 | best: 92.38 | KL: 4.846e-03 | std: 0.5807 | rollout: 7.260s | update: 0.561s | total: 7.822s | samples/s: 8182
Iteration 0027 | train reward: 100.69 | best: 100.69 | KL: 4.689e-03 | std: 0.5787 | rollout: 6.907s | update: 0.493s | total: 7.400s | samples/s: 8649
Iteration 0028 | train reward: 115.76 | best: 115.76 | KL: 3.709e-03 | std: 0.5782 | rollout: 7.392s | update: 0.470s | total: 7.861s | samples/s: 8141
Iteration 0029 | train reward: 127.94 | best: 127.94 | KL: 6.231e-03 | std: 0.5755 | rollout: 6.456s | update: 0.454s | total: 6.910s | samples/s: 9262
Iteration 0030 | train reward: 126.76 | best: 127.94 | KL: 6.825e-03 | std: 0.5735 | rollout: 5.860s | update: 0.480s | total: 6.340s | samples/s: 10094
Iteration 0031 | train reward: 145.84 | best: 145.84 | KL: 1.072e-02 | std: 0.5723 | rollout: 7.990s | update: 0.501s | total: 8.491s | samples/s: 7537
Iteration 0032 | train reward: 152.54 | best: 152.54 | KL: 7.677e-03 | std: 0.5702 | rollout: 7.120s | update: 0.481s | total: 7.601s | samples/s: 8420
Iteration 0033 | train reward: 163.96 | best: 163.96 | KL: 9.194e-03 | std: 0.5701 | rollout: 6.903s | update: 0.466s | total: 7.368s | samples/s: 8686
Iteration 0034 | train reward: 167.61 | best: 167.61 | KL: 6.993e-03 | std: 0.5676 | rollout: 7.843s | update: 0.500s | total: 8.343s | samples/s: 7671
Iteration 0035 | train reward: 190.33 | best: 190.33 | KL: 9.981e-03 | std: 0.5653 | rollout: 6.897s | update: 0.457s | total: 7.354s | samples/s: 8703
Iteration 0036 | train reward: 186.05 | best: 190.33 | KL: 6.700e-03 | std: 0.5644 | rollout: 7.233s | update: 0.458s | total: 7.691s | samples/s: 8321
Iteration 0037 | train reward: 214.97 | best: 214.97 | KL: 8.717e-03 | std: 0.5606 | rollout: 7.319s | update: 0.454s | total: 7.772s | samples/s: 8234
Iteration 0038 | train reward: 215.61 | best: 215.61 | KL: 7.688e-03 | std: 0.5579 | rollout: 7.187s | update: 0.477s | total: 7.664s | samples/s: 8350
Iteration 0039 | train reward: 223.71 | best: 223.71 | KL: 1.289e-02 | std: 0.5591 | rollout: 7.305s | update: 0.469s | total: 7.774s | samples/s: 8233
Iteration 0040 | train reward: 240.56 | best: 240.56 | KL: 9.726e-03 | std: 0.5555 | rollout: 7.422s | update: 0.503s | total: 7.925s | samples/s: 8076
Iteration 0041 | train reward: 254.46 | best: 254.46 | KL: 1.292e-02 | std: 0.5529 | rollout: 6.810s | update: 0.473s | total: 7.283s | samples/s: 8788
Iteration 0042 | train reward: 275.84 | best: 275.84 | KL: 1.126e-02 | std: 0.5513 | rollout: 7.236s | update: 0.509s | total: 7.744s | samples/s: 8264
Iteration 0043 | train reward: 274.37 | best: 275.84 | KL: 1.368e-02 | std: 0.5502 | rollout: 7.218s | update: 0.459s | total: 7.677s | samples/s: 8337
Iteration 0044 | train reward: 285.87 | best: 285.87 | KL: 1.845e-02 | std: 0.5494 | rollout: 6.926s | update: 0.498s | total: 7.423s | samples/s: 8622
Iteration 0045 | train reward: 299.98 | best: 299.98 | KL: 1.214e-02 | std: 0.5476 | rollout: 7.191s | update: 0.479s | total: 7.670s | samples/s: 8344
Iteration 0046 | train reward: 311.48 | best: 311.48 | KL: 1.252e-02 | std: 0.5463 | rollout: 7.132s | update: 0.488s | total: 7.620s | samples/s: 8399
Iteration 0047 | train reward: 331.80 | best: 331.80 | KL: 2.215e-02 | std: 0.5468 | rollout: 7.033s | update: 0.460s | total: 7.493s | samples/s: 8541
Iteration 0048 | train reward: 337.49 | best: 337.49 | KL: 2.185e-02 | std: 0.5441 | rollout: 6.998s | update: 0.481s | total: 7.479s | samples/s: 8558
Iteration 0049 | train reward: 344.06 | best: 344.06 | KL: 2.210e-02 | std: 0.5410 | rollout: 6.806s | update: 0.459s | total: 7.265s | samples/s: 8809
Iteration 0050 | train reward: 351.14 | best: 351.14 | KL: 2.835e-02 | std: 0.5410 | rollout: 7.394s | update: 0.479s | total: 7.873s | samples/s: 8129
Iteration 0051 | train reward: 394.05 | best: 394.05 | KL: 2.568e-02 | std: 0.5367 | rollout: 9.027s | update: 0.496s | total: 9.522s | samples/s: 6721
Iteration 0052 | train reward: 407.09 | best: 407.09 | KL: 1.965e-02 | std: 0.5367 | rollout: 6.785s | update: 0.453s | total: 7.238s | samples/s: 8842
Iteration 0053 | train reward: 400.25 | best: 407.09 | KL: 3.226e-02 | std: 0.5358 | rollout: 7.342s | update: 0.495s | total: 7.837s | samples/s: 8166
Iteration 0054 | train reward: 418.25 | best: 418.25 | KL: 1.649e-02 | std: 0.5314 | rollout: 7.803s | update: 0.454s | total: 8.257s | samples/s: 7751
Iteration 0055 | train reward: 425.60 | best: 425.60 | KL: 2.005e-02 | std: 0.5294 | rollout: 7.069s | update: 0.479s | total: 7.548s | samples/s: 8479
Iteration 0056 | train reward: 433.29 | best: 433.29 | KL: 1.708e-02 | std: 0.5269 | rollout: 6.937s | update: 0.564s | total: 7.501s | samples/s: 8532
Iteration 0057 | train reward: 452.76 | best: 452.76 | KL: 1.925e-02 | std: 0.5267 | rollout: 6.857s | update: 0.477s | total: 7.334s | samples/s: 8726
Iteration 0058 | train reward: 459.82 | best: 459.82 | KL: 2.820e-02 | std: 0.5241 | rollout: 7.237s | update: 0.459s | total: 7.696s | samples/s: 8316
Iteration 0059 | train reward: 493.31 | best: 493.31 | KL: 3.227e-02 | std: 0.5228 | rollout: 7.221s | update: 0.486s | total: 7.707s | samples/s: 8304
Iteration 0060 | train reward: 477.39 | best: 493.31 | KL: 2.269e-02 | std: 0.5190 | rollout: 7.891s | update: 0.477s | total: 8.368s | samples/s: 7648
Iteration 0061 | train reward: 496.75 | best: 496.75 | KL: 4.545e-02 | std: 0.5155 | rollout: 7.223s | update: 0.488s | total: 7.710s | samples/s: 8301
Iteration 0062 | train reward: 518.56 | best: 518.56 | KL: 2.305e-02 | std: 0.5156 | rollout: 7.059s | update: 0.475s | total: 7.534s | samples/s: 8495
Iteration 0063 | train reward: 545.57 | best: 545.57 | KL: 2.431e-02 | std: 0.5131 | rollout: 7.148s | update: 0.465s | total: 7.612s | samples/s: 8407
Iteration 0064 | train reward: 553.30 | best: 553.30 | KL: 3.821e-02 | std: 0.5137 | rollout: 7.141s | update: 0.476s | total: 7.616s | samples/s: 8403
Iteration 0065 | train reward: 551.59 | best: 553.30 | KL: 4.125e-02 | std: 0.5105 | rollout: 6.867s | update: 0.491s | total: 7.357s | samples/s: 8699
Iteration 0066 | train reward: 586.42 | best: 586.42 | KL: 2.373e-02 | std: 0.5080 | rollout: 6.956s | update: 0.476s | total: 7.432s | samples/s: 8611
Iteration 0067 | train reward: 587.81 | best: 587.81 | KL: 4.178e-02 | std: 0.5050 | rollout: 6.955s | update: 0.484s | total: 7.439s | samples/s: 8603
Iteration 0068 | train reward: 605.82 | best: 605.82 | KL: 4.176e-02 | std: 0.5009 | rollout: 7.077s | update: 0.486s | total: 7.563s | samples/s: 8463
Iteration 0069 | train reward: 628.88 | best: 628.88 | KL: 2.995e-02 | std: 0.4993 | rollout: 6.979s | update: 0.486s | total: 7.465s | samples/s: 8574
Iteration 0070 | train reward: 641.38 | best: 641.38 | KL: 2.675e-02 | std: 0.4991 | rollout: 6.685s | update: 0.460s | total: 7.145s | samples/s: 8957
Iteration 0071 | train reward: 624.08 | best: 641.38 | KL: 7.002e-02 | std: 0.4956 | rollout: 6.772s | update: 0.484s | total: 7.256s | samples/s: 8820
Iteration 0072 | train reward: 643.12 | best: 643.12 | KL: 5.374e-02 | std: 0.4939 | rollout: 6.742s | update: 0.489s | total: 7.231s | samples/s: 8851
Iteration 0073 | train reward: 659.97 | best: 659.97 | KL: 3.321e-02 | std: 0.4922 | rollout: 6.816s | update: 0.475s | total: 7.291s | samples/s: 8778
Iteration 0074 | train reward: 662.33 | best: 662.33 | KL: 4.789e-02 | std: 0.4894 | rollout: 6.939s | update: 0.469s | total: 7.408s | samples/s: 8639
Iteration 0075 | train reward: 668.93 | best: 668.93 | KL: 5.132e-02 | std: 0.4879 | rollout: 6.771s | update: 0.457s | total: 7.229s | samples/s: 8854
Iteration 0076 | train reward: 672.09 | best: 672.09 | KL: 5.355e-02 | std: 0.4863 | rollout: 6.704s | update: 0.497s | total: 7.201s | samples/s: 8888
Iteration 0077 | train reward: 709.48 | best: 709.48 | KL: 7.298e-02 | std: 0.4825 | rollout: 8.027s | update: 0.476s | total: 8.504s | samples/s: 7526
Iteration 0078 | train reward: 724.95 | best: 724.95 | KL: 7.844e-02 | std: 0.4820 | rollout: 7.239s | update: 0.476s | total: 7.715s | samples/s: 8296
Iteration 0079 | train reward: 747.27 | best: 747.27 | KL: 5.131e-02 | std: 0.4784 | rollout: 7.143s | update: 0.482s | total: 7.625s | samples/s: 8393
Iteration 0080 | train reward: 743.84 | best: 747.27 | KL: 5.211e-02 | std: 0.4766 | rollout: 6.992s | update: 0.465s | total: 7.457s | samples/s: 8582
Iteration 0081 | train reward: 737.23 | best: 747.27 | KL: 8.228e-02 | std: 0.4758 | rollout: 6.995s | update: 0.522s | total: 7.517s | samples/s: 8514
Iteration 0082 | train reward: 777.82 | best: 777.82 | KL: 5.056e-02 | std: 0.4689 | rollout: 7.412s | update: 0.476s | total: 7.888s | samples/s: 8113
Iteration 0083 | train reward: 786.73 | best: 786.73 | KL: 6.258e-02 | std: 0.4686 | rollout: 7.198s | update: 0.461s | total: 7.659s | samples/s: 8356
Iteration 0084 | train reward: 800.25 | best: 800.25 | KL: 1.001e-01 | std: 0.4671 | rollout: 6.851s | update: 0.455s | total: 7.307s | samples/s: 8759
Iteration 0085 | train reward: 816.93 | best: 816.93 | KL: 8.279e-02 | std: 0.4619 | rollout: 7.064s | update: 0.458s | total: 7.522s | samples/s: 8508
Iteration 0086 | train reward: 832.04 | best: 832.04 | KL: 9.047e-02 | std: 0.4602 | rollout: 6.976s | update: 0.470s | total: 7.446s | samples/s: 8595
Iteration 0087 | train reward: 852.71 | best: 852.71 | KL: 6.903e-02 | std: 0.4583 | rollout: 6.752s | update: 0.529s | total: 7.281s | samples/s: 8790
Iteration 0088 | train reward: 841.06 | best: 852.71 | KL: 7.341e-02 | std: 0.4539 | rollout: 7.383s | update: 0.454s | total: 7.837s | samples/s: 8166
Iteration 0089 | train reward: 847.95 | best: 852.71 | KL: 6.216e-02 | std: 0.4523 | rollout: 6.593s | update: 0.590s | total: 7.183s | samples/s: 8910
Iteration 0090 | train reward: 842.79 | best: 852.71 | KL: 7.518e-02 | std: 0.4489 | rollout: 7.180s | update: 0.457s | total: 7.637s | samples/s: 8380
Iteration 0091 | train reward: 848.89 | best: 852.71 | KL: 8.160e-02 | std: 0.4481 | rollout: 7.096s | update: 0.480s | total: 7.576s | samples/s: 8448
Iteration 0092 | train reward: 880.00 | best: 880.00 | KL: 9.196e-02 | std: 0.4497 | rollout: 7.219s | update: 0.455s | total: 7.675s | samples/s: 8339
Iteration 0093 | train reward: 857.77 | best: 880.00 | KL: 1.479e-01 | std: 0.4471 | rollout: 6.818s | update: 0.456s | total: 7.274s | samples/s: 8798
Iteration 0094 | train reward: 848.63 | best: 880.00 | KL: 9.523e-02 | std: 0.4435 | rollout: 6.883s | update: 0.454s | total: 7.336s | samples/s: 8724
Iteration 0095 | train reward: 877.69 | best: 880.00 | KL: 1.145e-01 | std: 0.4437 | rollout: 6.951s | update: 0.454s | total: 7.405s | samples/s: 8643
Iteration 0096 | train reward: 829.62 | best: 880.00 | KL: 8.127e-02 | std: 0.4403 | rollout: 6.926s | update: 0.464s | total: 7.390s | samples/s: 8660
Iteration 0097 | train reward: 836.55 | best: 880.00 | KL: 4.830e-02 | std: 0.4419 | rollout: 7.007s | update: 0.455s | total: 7.462s | samples/s: 8577
Iteration 0098 | train reward: 861.26 | best: 880.00 | KL: 6.799e-02 | std: 0.4411 | rollout: 6.995s | update: 0.454s | total: 7.449s | samples/s: 8591
Iteration 0099 | train reward: 856.39 | best: 880.00 | KL: 7.394e-02 | std: 0.4393 | rollout: 6.690s | update: 0.475s | total: 7.165s | samples/s: 8932
Iteration 0100 | train reward: 882.79 | best: 882.79 | KL: 1.102e-01 | std: 0.4351 | rollout: 7.086s | update: 0.470s | total: 7.556s | samples/s: 8470
Iteration 0101 | train reward: 933.69 | best: 933.69 | KL: 7.690e-02 | std: 0.4333 | rollout: 7.028s | update: 0.480s | total: 7.508s | samples/s: 8525
Iteration 0102 | train reward: 942.85 | best: 942.85 | KL: 1.040e-01 | std: 0.4324 | rollout: 6.927s | update: 0.477s | total: 7.404s | samples/s: 8644
Iteration 0103 | train reward: 935.53 | best: 942.85 | KL: 7.724e-02 | std: 0.4322 | rollout: 7.019s | update: 0.483s | total: 7.502s | samples/s: 8531
Iteration 0104 | train reward: 953.52 | best: 953.52 | KL: 1.389e-01 | std: 0.4289 | rollout: 8.295s | update: 0.488s | total: 8.783s | samples/s: 7287
Iteration 0105 | train reward: 948.82 | best: 953.52 | KL: 1.217e-01 | std: 0.4281 | rollout: 7.445s | update: 0.479s | total: 7.924s | samples/s: 8077
Iteration 0106 | train reward: 922.45 | best: 953.52 | KL: 1.150e-01 | std: 0.4287 | rollout: 7.320s | update: 0.525s | total: 7.845s | samples/s: 8158
Iteration 0107 | train reward: 866.88 | best: 953.52 | KL: 1.462e-01 | std: 0.4279 | rollout: 6.936s | update: 0.487s | total: 7.423s | samples/s: 8621
Iteration 0108 | train reward: 883.70 | best: 953.52 | KL: 1.084e-01 | std: 0.4305 | rollout: 6.121s | update: 0.476s | total: 6.597s | samples/s: 9701
Iteration 0109 | train reward: 898.35 | best: 953.52 | KL: 1.815e-01 | std: 0.4323 | rollout: 6.368s | update: 0.460s | total: 6.828s | samples/s: 9373
Iteration 0110 | train reward: 910.85 | best: 953.52 | KL: 6.525e-02 | std: 0.4305 | rollout: 5.852s | update: 0.494s | total: 6.347s | samples/s: 10084
Iteration 0111 | train reward: 916.02 | best: 953.52 | KL: 6.545e-02 | std: 0.4287 | rollout: 6.710s | update: 0.455s | total: 7.165s | samples/s: 8932
Iteration 0112 | train reward: 924.74 | best: 953.52 | KL: 1.607e-01 | std: 0.4279 | rollout: 6.808s | update: 0.485s | total: 7.293s | samples/s: 8776
Iteration 0113 | train reward: 975.85 | best: 975.85 | KL: 1.399e-01 | std: 0.4315 | rollout: 7.258s | update: 0.487s | total: 7.745s | samples/s: 8263
Iteration 0114 | train reward: 1007.19 | best: 1007.19 | KL: 9.864e-02 | std: 0.4325 | rollout: 7.502s | update: 0.480s | total: 7.983s | samples/s: 8017
Iteration 0115 | train reward: 971.53 | best: 1007.19 | KL: 1.345e-01 | std: 0.4287 | rollout: 7.327s | update: 0.458s | total: 7.785s | samples/s: 8221
Iteration 0116 | train reward: 956.43 | best: 1007.19 | KL: 9.735e-02 | std: 0.4270 | rollout: 7.227s | update: 0.458s | total: 7.685s | samples/s: 8328
Iteration 0117 | train reward: 990.95 | best: 1007.19 | KL: 2.900e-01 | std: 0.4221 | rollout: 6.973s | update: 0.478s | total: 7.450s | samples/s: 8590
Iteration 0118 | train reward: 965.46 | best: 1007.19 | KL: 8.403e-02 | std: 0.4221 | rollout: 7.163s | update: 0.496s | total: 7.659s | samples/s: 8356
Iteration 0119 | train reward: 962.37 | best: 1007.19 | KL: 6.719e-02 | std: 0.4183 | rollout: 7.652s | update: 0.460s | total: 8.112s | samples/s: 7889
Iteration 0120 | train reward: 954.84 | best: 1007.19 | KL: 8.717e-02 | std: 0.4167 | rollout: 7.079s | update: 0.466s | total: 7.545s | samples/s: 8482
Iteration 0121 | train reward: 951.92 | best: 1007.19 | KL: 9.062e-02 | std: 0.4177 | rollout: 7.078s | update: 0.463s | total: 7.542s | samples/s: 8486
Iteration 0122 | train reward: 928.63 | best: 1007.19 | KL: 8.678e-02 | std: 0.4123 | rollout: 7.626s | update: 0.466s | total: 8.093s | samples/s: 7909
Iteration 0123 | train reward: 955.26 | best: 1007.19 | KL: 1.088e-01 | std: 0.4089 | rollout: 6.831s | update: 0.488s | total: 7.319s | samples/s: 8745
Iteration 0124 | train reward: 978.16 | best: 1007.19 | KL: 8.334e-02 | std: 0.4112 | rollout: 7.069s | update: 0.466s | total: 7.535s | samples/s: 8494
Iteration 0125 | train reward: 1028.65 | best: 1028.65 | KL: 5.932e-02 | std: 0.4086 | rollout: 7.444s | update: 0.482s | total: 7.926s | samples/s: 8074
Iteration 0126 | train reward: 1022.44 | best: 1028.65 | KL: 6.462e-02 | std: 0.4028 | rollout: 6.947s | update: 0.518s | total: 7.465s | samples/s: 8573
Iteration 0127 | train reward: 1036.13 | best: 1036.13 | KL: 9.450e-02 | std: 0.4089 | rollout: 6.289s | update: 0.490s | total: 6.779s | samples/s: 9441
Iteration 0128 | train reward: 1017.52 | best: 1036.13 | KL: 6.168e-02 | std: 0.4060 | rollout: 6.802s | update: 0.481s | total: 7.283s | samples/s: 8788
Iteration 0129 | train reward: 1008.06 | best: 1036.13 | KL: 8.622e-02 | std: 0.4019 | rollout: 6.723s | update: 0.456s | total: 7.179s | samples/s: 8915
Iteration 0130 | train reward: 1047.08 | best: 1047.08 | KL: 6.449e-02 | std: 0.3961 | rollout: 6.832s | update: 0.481s | total: 7.314s | samples/s: 8750
Iteration 0131 | train reward: 1073.93 | best: 1073.93 | KL: 1.005e-01 | std: 0.3866 | rollout: 7.048s | update: 0.461s | total: 7.509s | samples/s: 8523
Iteration 0132 | train reward: 1095.63 | best: 1095.63 | KL: 1.072e-01 | std: 0.3826 | rollout: 7.042s | update: 0.473s | total: 7.515s | samples/s: 8516
Iteration 0133 | train reward: 1105.94 | best: 1105.94 | KL: 1.024e-01 | std: 0.3802 | rollout: 7.038s | update: 0.459s | total: 7.497s | samples/s: 8537
Iteration 0134 | train reward: 1107.55 | best: 1107.55 | KL: 1.378e-01 | std: 0.3803 | rollout: 6.968s | update: 0.458s | total: 7.425s | samples/s: 8619
Iteration 0135 | train reward: 1145.85 | best: 1145.85 | KL: 1.281e-01 | std: 0.3813 | rollout: 6.976s | update: 0.496s | total: 7.472s | samples/s: 8565
Iteration 0136 | train reward: 1081.05 | best: 1145.85 | KL: 2.359e-01 | std: 0.3828 | rollout: 6.839s | update: 0.538s | total: 7.377s | samples/s: 8676
Iteration 0137 | train reward: 1126.71 | best: 1145.85 | KL: 1.483e-01 | std: 0.3819 | rollout: 5.734s | update: 0.457s | total: 6.191s | samples/s: 10337
Iteration 0138 | train reward: 1149.65 | best: 1149.65 | KL: 2.901e-01 | std: 0.3790 | rollout: 5.693s | update: 0.466s | total: 6.159s | samples/s: 10391
Iteration 0139 | train reward: 1112.81 | best: 1149.65 | KL: 1.153e-01 | std: 0.3761 | rollout: 6.856s | update: 0.478s | total: 7.334s | samples/s: 8727
Iteration 0140 | train reward: 1095.91 | best: 1149.65 | KL: 1.108e-01 | std: 0.3749 | rollout: 7.042s | update: 0.457s | total: 7.499s | samples/s: 8534
Iteration 0141 | train reward: 1103.43 | best: 1149.65 | KL: 9.145e-02 | std: 0.3791 | rollout: 6.963s | update: 0.457s | total: 7.420s | samples/s: 8625
Iteration 0142 | train reward: 1139.13 | best: 1149.65 | KL: 1.004e-01 | std: 0.3778 | rollout: 7.047s | update: 0.462s | total: 7.508s | samples/s: 8524
Iteration 0143 | train reward: 1105.64 | best: 1149.65 | KL: 9.883e-02 | std: 0.3790 | rollout: 6.838s | update: 0.464s | total: 7.302s | samples/s: 8765
Iteration 0144 | train reward: 1094.37 | best: 1149.65 | KL: 2.060e-01 | std: 0.3776 | rollout: 6.941s | update: 0.457s | total: 7.398s | samples/s: 8652
Iteration 0145 | train reward: 1096.12 | best: 1149.65 | KL: 1.600e-01 | std: 0.3800 | rollout: 6.760s | update: 0.454s | total: 7.213s | samples/s: 8872
Iteration 0146 | train reward: 1089.56 | best: 1149.65 | KL: 1.418e-01 | std: 0.3811 | rollout: 6.814s | update: 0.460s | total: 7.273s | samples/s: 8799
Iteration 0147 | train reward: 1032.67 | best: 1149.65 | KL: 1.514e-01 | std: 0.3825 | rollout: 6.940s | update: 0.474s | total: 7.414s | samples/s: 8632
Iteration 0148 | train reward: 1103.14 | best: 1149.65 | KL: 1.443e-01 | std: 0.3826 | rollout: 7.064s | update: 0.469s | total: 7.532s | samples/s: 8497
Iteration 0149 | train reward: 1101.89 | best: 1149.65 | KL: 1.349e-01 | std: 0.3817 | rollout: 7.515s | update: 0.456s | total: 7.970s | samples/s: 8030
Iteration 0150 | train reward: 1037.73 | best: 1149.65 | KL: 8.623e-02 | std: 0.3788 | rollout: 6.960s | update: 0.479s | total: 7.439s | samples/s: 8603
Iteration 0151 | train reward: 1091.08 | best: 1149.65 | KL: 6.770e-02 | std: 0.3738 | rollout: 6.936s | update: 0.494s | total: 7.429s | samples/s: 8614
Iteration 0152 | train reward: 1095.12 | best: 1149.65 | KL: 7.852e-02 | std: 0.3759 | rollout: 6.860s | update: 0.456s | total: 7.317s | samples/s: 8747
Iteration 0153 | train reward: 1098.57 | best: 1149.65 | KL: 5.924e-02 | std: 0.3767 | rollout: 6.932s | update: 0.457s | total: 7.390s | samples/s: 8661
Iteration 0154 | train reward: 1091.91 | best: 1149.65 | KL: 7.787e-02 | std: 0.3735 | rollout: 6.436s | update: 0.462s | total: 6.898s | samples/s: 9277
Iteration 0155 | train reward: 1067.26 | best: 1149.65 | KL: 8.398e-02 | std: 0.3697 | rollout: 6.637s | update: 0.458s | total: 7.094s | samples/s: 9021
Iteration 0156 | train reward: 1091.66 | best: 1149.65 | KL: 8.067e-02 | std: 0.3701 | rollout: 6.618s | update: 0.458s | total: 7.076s | samples/s: 9045
Iteration 0157 | train reward: 1071.16 | best: 1149.65 | KL: 7.428e-02 | std: 0.3714 | rollout: 5.626s | update: 0.467s | total: 6.093s | samples/s: 10504
Iteration 0158 | train reward: 1085.72 | best: 1149.65 | KL: 1.274e-01 | std: 0.3688 | rollout: 5.836s | update: 0.481s | total: 6.317s | samples/s: 10132
Iteration 0159 | train reward: 1072.70 | best: 1149.65 | KL: 7.341e-02 | std: 0.3646 | rollout: 6.917s | update: 0.472s | total: 7.388s | samples/s: 8662
Iteration 0160 | train reward: 1071.37 | best: 1149.65 | KL: 4.822e-01 | std: 0.3631 | rollout: 6.959s | update: 0.457s | total: 7.416s | samples/s: 8630
Iteration 0161 | train reward: 1100.68 | best: 1149.65 | KL: 7.611e-02 | std: 0.3582 | rollout: 6.689s | update: 0.488s | total: 7.177s | samples/s: 8917
Iteration 0162 | train reward: 1105.91 | best: 1149.65 | KL: 6.659e-02 | std: 0.3570 | rollout: 6.727s | update: 0.485s | total: 7.212s | samples/s: 8874
Iteration 0163 | train reward: 1100.10 | best: 1149.65 | KL: 7.987e-02 | std: 0.3620 | rollout: 6.850s | update: 0.490s | total: 7.340s | samples/s: 8719
Iteration 0164 | train reward: 1117.92 | best: 1149.65 | KL: 1.413e-01 | std: 0.3623 | rollout: 7.656s | update: 0.511s | total: 8.167s | samples/s: 7836
Iteration 0165 | train reward: 1106.54 | best: 1149.65 | KL: 9.780e-02 | std: 0.3594 | rollout: 6.454s | update: 0.490s | total: 6.944s | samples/s: 9217
Iteration 0166 | train reward: 1142.09 | best: 1149.65 | KL: 1.171e-01 | std: 0.3571 | rollout: 6.918s | update: 0.464s | total: 7.382s | samples/s: 8669
Iteration 0167 | train reward: 1114.89 | best: 1149.65 | KL: 7.554e-02 | std: 0.3552 | rollout: 7.048s | update: 0.457s | total: 7.505s | samples/s: 8528
Iteration 0168 | train reward: 1122.14 | best: 1149.65 | KL: 7.664e-02 | std: 0.3570 | rollout: 6.953s | update: 0.475s | total: 7.428s | samples/s: 8616
Iteration 0169 | train reward: 1139.39 | best: 1149.65 | KL: 6.958e-02 | std: 0.3568 | rollout: 6.938s | update: 0.510s | total: 7.448s | samples/s: 8593
Iteration 0170 | train reward: 1150.21 | best: 1150.21 | KL: 6.520e-02 | std: 0.3555 | rollout: 6.901s | update: 0.458s | total: 7.360s | samples/s: 8696
Iteration 0171 | train reward: 1156.08 | best: 1156.08 | KL: 7.602e-02 | std: 0.3553 | rollout: 6.948s | update: 0.482s | total: 7.430s | samples/s: 8614
Iteration 0172 | train reward: 1166.90 | best: 1166.90 | KL: 1.046e-01 | std: 0.3489 | rollout: 7.098s | update: 0.482s | total: 7.580s | samples/s: 8444
Iteration 0173 | train reward: 1181.44 | best: 1181.44 | KL: 7.053e-02 | std: 0.3490 | rollout: 7.033s | update: 0.482s | total: 7.514s | samples/s: 8517
Iteration 0174 | train reward: 1169.66 | best: 1181.44 | KL: 1.133e-01 | std: 0.3424 | rollout: 7.352s | update: 0.464s | total: 7.816s | samples/s: 8189
Iteration 0175 | train reward: 1185.97 | best: 1185.97 | KL: 2.747e-01 | std: 0.3438 | rollout: 6.989s | update: 0.478s | total: 7.466s | samples/s: 8572
Iteration 0176 | train reward: 1196.08 | best: 1196.08 | KL: 7.479e-02 | std: 0.3389 | rollout: 7.021s | update: 0.490s | total: 7.511s | samples/s: 8521
Iteration 0177 | train reward: 1184.70 | best: 1196.08 | KL: 1.028e-01 | std: 0.3346 | rollout: 7.122s | update: 0.456s | total: 7.578s | samples/s: 8446
Iteration 0178 | train reward: 1183.59 | best: 1196.08 | KL: 1.350e-01 | std: 0.3333 | rollout: 6.976s | update: 0.490s | total: 7.466s | samples/s: 8572
Iteration 0179 | train reward: 1209.44 | best: 1209.44 | KL: 1.361e-01 | std: 0.3307 | rollout: 7.034s | update: 0.458s | total: 7.492s | samples/s: 8542
Iteration 0180 | train reward: 1203.90 | best: 1209.44 | KL: 6.501e-02 | std: 0.3323 | rollout: 7.083s | update: 0.455s | total: 7.537s | samples/s: 8491
Iteration 0181 | train reward: 1207.20 | best: 1209.44 | KL: 1.066e-01 | std: 0.3344 | rollout: 7.377s | update: 0.458s | total: 7.835s | samples/s: 8168
Iteration 0182 | train reward: 1202.69 | best: 1209.44 | KL: 8.433e-02 | std: 0.3346 | rollout: 7.024s | update: 0.456s | total: 7.480s | samples/s: 8556
Iteration 0183 | train reward: 1212.09 | best: 1212.09 | KL: 1.946e-01 | std: 0.3363 | rollout: 6.901s | update: 0.480s | total: 7.381s | samples/s: 8671
Iteration 0184 | train reward: 1190.01 | best: 1212.09 | KL: 1.522e-01 | std: 0.3359 | rollout: 6.629s | update: 0.478s | total: 7.107s | samples/s: 9005
Iteration 0185 | train reward: 1149.13 | best: 1212.09 | KL: 9.461e-02 | std: 0.3375 | rollout: 6.657s | update: 0.481s | total: 7.138s | samples/s: 8966
Iteration 0186 | train reward: 1158.71 | best: 1212.09 | KL: 6.000e-02 | std: 0.3349 | rollout: 6.815s | update: 0.507s | total: 7.322s | samples/s: 8740
Iteration 0187 | train reward: 1154.80 | best: 1212.09 | KL: 8.975e-02 | std: 0.3369 | rollout: 6.524s | update: 0.503s | total: 7.027s | samples/s: 9108
Iteration 0188 | train reward: 1166.33 | best: 1212.09 | KL: 8.879e-02 | std: 0.3360 | rollout: 6.093s | update: 0.485s | total: 6.578s | samples/s: 9729
Iteration 0189 | train reward: 1145.43 | best: 1212.09 | KL: 1.153e-01 | std: 0.3317 | rollout: 6.662s | update: 0.461s | total: 7.123s | samples/s: 8985
Iteration 0190 | train reward: 1154.07 | best: 1212.09 | KL: 9.260e-02 | std: 0.3284 | rollout: 7.020s | update: 0.483s | total: 7.503s | samples/s: 8530
Iteration 0191 | train reward: 1162.68 | best: 1212.09 | KL: 8.178e-02 | std: 0.3307 | rollout: 6.672s | update: 0.459s | total: 7.131s | samples/s: 8975
Iteration 0192 | train reward: 1157.07 | best: 1212.09 | KL: 9.902e-02 | std: 0.3294 | rollout: 7.002s | update: 0.491s | total: 7.493s | samples/s: 8542
Iteration 0193 | train reward: 1150.19 | best: 1212.09 | KL: 1.673e-01 | std: 0.3284 | rollout: 7.286s | update: 0.482s | total: 7.768s | samples/s: 8239
Iteration 0194 | train reward: 1177.55 | best: 1212.09 | KL: 8.066e-02 | std: 0.3267 | rollout: 7.289s | update: 0.467s | total: 7.757s | samples/s: 8251
Iteration 0195 | train reward: 1168.01 | best: 1212.09 | KL: 9.529e-02 | std: 0.3228 | rollout: 6.850s | update: 0.469s | total: 7.319s | samples/s: 8745
Iteration 0196 | train reward: 1184.97 | best: 1212.09 | KL: 1.198e-01 | std: 0.3226 | rollout: 6.483s | update: 0.474s | total: 6.958s | samples/s: 9198
Iteration 0197 | train reward: 1196.55 | best: 1212.09 | KL: 8.480e-02 | std: 0.3233 | rollout: 6.785s | update: 0.517s | total: 7.303s | samples/s: 8764
Iteration 0198 | train reward: 1187.67 | best: 1212.09 | KL: 1.150e-01 | std: 0.3206 | rollout: 6.947s | update: 0.482s | total: 7.429s | samples/s: 8615
Iteration 0199 | train reward: 1197.45 | best: 1212.09 | KL: 6.787e-02 | std: 0.3177 | rollout: 6.900s | update: 0.486s | total: 7.386s | samples/s: 8665
Iteration 0200 | train reward: 1199.31 | best: 1212.09 | KL: 6.065e-01 | std: 0.3152 | rollout: 6.691s | update: 0.469s | total: 7.160s | samples/s: 8938
Iteration 0201 | train reward: 1106.92 | best: 1212.09 | KL: 7.454e-02 | std: 0.3102 | rollout: 6.947s | update: 0.461s | total: 7.408s | samples/s: 8640
Iteration 0202 | train reward: 1114.38 | best: 1212.09 | KL: 6.280e-02 | std: 0.3112 | rollout: 7.057s | update: 0.457s | total: 7.514s | samples/s: 8518
Iteration 0203 | train reward: 1114.05 | best: 1212.09 | KL: 8.644e-02 | std: 0.3082 | rollout: 7.079s | update: 0.459s | total: 7.538s | samples/s: 8490
Iteration 0204 | train reward: 1108.21 | best: 1212.09 | KL: 6.601e-02 | std: 0.3082 | rollout: 7.065s | update: 0.460s | total: 7.524s | samples/s: 8506
Iteration 0205 | train reward: 1120.14 | best: 1212.09 | KL: 7.674e-02 | std: 0.3070 | rollout: 6.730s | update: 0.472s | total: 7.202s | samples/s: 8887
Iteration 0206 | train reward: 1118.28 | best: 1212.09 | KL: 6.973e-02 | std: 0.3076 | rollout: 6.624s | update: 0.499s | total: 7.123s | samples/s: 8985
Iteration 0207 | train reward: 1114.86 | best: 1212.09 | KL: 7.162e-02 | std: 0.3037 | rollout: 6.722s | update: 0.474s | total: 7.197s | samples/s: 8893
Iteration 0208 | train reward: 1107.30 | best: 1212.09 | KL: 6.832e-02 | std: 0.3024 | rollout: 6.498s | update: 0.538s | total: 7.036s | samples/s: 9096
Iteration 0209 | train reward: 1121.53 | best: 1212.09 | KL: 6.582e-02 | std: 0.3004 | rollout: 6.715s | update: 0.463s | total: 7.178s | samples/s: 8916
Iteration 0210 | train reward: 1140.10 | best: 1212.09 | KL: 7.884e-02 | std: 0.2985 | rollout: 6.995s | update: 0.462s | total: 7.458s | samples/s: 8582
Iteration 0211 | train reward: 1134.10 | best: 1212.09 | KL: 7.386e-02 | std: 0.2968 | rollout: 6.971s | update: 0.478s | total: 7.449s | samples/s: 8592
Iteration 0212 | train reward: 1131.51 | best: 1212.09 | KL: 8.971e-02 | std: 0.2978 | rollout: 6.854s | update: 0.462s | total: 7.316s | samples/s: 8748
Iteration 0213 | train reward: 1120.21 | best: 1212.09 | KL: 7.161e-02 | std: 0.2957 | rollout: 7.135s | update: 0.482s | total: 7.617s | samples/s: 8402
Iteration 0214 | train reward: 1102.33 | best: 1212.09 | KL: 8.183e-02 | std: 0.2955 | rollout: 6.873s | update: 0.484s | total: 7.357s | samples/s: 8699
Iteration 0215 | train reward: 1090.93 | best: 1212.09 | KL: 7.661e-02 | std: 0.2953 | rollout: 6.435s | update: 0.519s | total: 6.954s | samples/s: 9203
Iteration 0216 | train reward: 1090.65 | best: 1212.09 | KL: 8.893e-02 | std: 0.2916 | rollout: 6.858s | update: 0.504s | total: 7.362s | samples/s: 8693
Iteration 0217 | train reward: 1092.29 | best: 1212.09 | KL: 6.758e-02 | std: 0.2926 | rollout: 6.720s | update: 0.456s | total: 7.176s | samples/s: 8918
Iteration 0218 | train reward: 1096.17 | best: 1212.09 | KL: 7.244e-02 | std: 0.2903 | rollout: 6.767s | update: 0.473s | total: 7.241s | samples/s: 8839
Iteration 0219 | train reward: 1114.72 | best: 1212.09 | KL: 8.704e-02 | std: 0.2916 | rollout: 8.324s | update: 0.458s | total: 8.782s | samples/s: 7288
Iteration 0220 | train reward: 1112.20 | best: 1212.09 | KL: 7.813e-02 | std: 0.2905 | rollout: 7.005s | update: 0.483s | total: 7.488s | samples/s: 8547
Iteration 0221 | train reward: 1118.35 | best: 1212.09 | KL: 8.251e-02 | std: 0.2901 | rollout: 7.007s | update: 0.462s | total: 7.469s | samples/s: 8569
Iteration 0222 | train reward: 1099.60 | best: 1212.09 | KL: 6.797e-02 | std: 0.2881 | rollout: 7.230s | update: 0.476s | total: 7.707s | samples/s: 8304
Iteration 0223 | train reward: 1119.88 | best: 1212.09 | KL: 4.487e-01 | std: 0.2838 | rollout: 6.838s | update: 0.533s | total: 7.371s | samples/s: 8683
Iteration 0224 | train reward: 1096.50 | best: 1212.09 | KL: 8.328e-02 | std: 0.2822 | rollout: 7.226s | update: 0.477s | total: 7.703s | samples/s: 8308
Iteration 0225 | train reward: 1102.50 | best: 1212.09 | KL: 7.425e-02 | std: 0.2809 | rollout: 7.200s | update: 0.490s | total: 7.690s | samples/s: 8323
Iteration 0226 | train reward: 1112.14 | best: 1212.09 | KL: 8.721e-02 | std: 0.2813 | rollout: 6.924s | update: 0.478s | total: 7.402s | samples/s: 8646
Iteration 0227 | train reward: 1073.47 | best: 1212.09 | KL: 7.441e-02 | std: 0.2829 | rollout: 6.915s | update: 0.460s | total: 7.375s | samples/s: 8678
Iteration 0228 | train reward: 1069.57 | best: 1212.09 | KL: 6.860e-02 | std: 0.2839 | rollout: 6.874s | update: 0.460s | total: 7.334s | samples/s: 8726
Iteration 0229 | train reward: 1081.21 | best: 1212.09 | KL: 1.071e-01 | std: 0.2798 | rollout: 7.062s | update: 0.475s | total: 7.537s | samples/s: 8492
Iteration 0230 | train reward: 1080.79 | best: 1212.09 | KL: 8.107e-02 | std: 0.2777 | rollout: 7.034s | update: 0.458s | total: 7.492s | samples/s: 8543
Iteration 0231 | train reward: 1095.05 | best: 1212.09 | KL: 1.075e-01 | std: 0.2760 | rollout: 6.933s | update: 0.465s | total: 7.398s | samples/s: 8651
Iteration 0232 | train reward: 1080.42 | best: 1212.09 | KL: 6.756e-02 | std: 0.2773 | rollout: 6.921s | update: 0.471s | total: 7.392s | samples/s: 8658
Iteration 0233 | train reward: 1077.88 | best: 1212.09 | KL: 7.200e-02 | std: 0.2773 | rollout: 6.526s | update: 0.462s | total: 6.989s | samples/s: 9157
Iteration 0234 | train reward: 1114.75 | best: 1212.09 | KL: 8.560e-02 | std: 0.2734 | rollout: 6.743s | update: 0.480s | total: 7.224s | samples/s: 8860
Iteration 0235 | train reward: 1107.87 | best: 1212.09 | KL: 6.195e-02 | std: 0.2734 | rollout: 6.970s | update: 0.452s | total: 7.421s | samples/s: 8624
Iteration 0236 | train reward: 1120.56 | best: 1212.09 | KL: 7.314e-02 | std: 0.2686 | rollout: 6.857s | update: 0.456s | total: 7.314s | samples/s: 8751
Iteration 0237 | train reward: 1129.87 | best: 1212.09 | KL: 7.567e-02 | std: 0.2647 | rollout: 7.189s | update: 0.485s | total: 7.674s | samples/s: 8340
Iteration 0238 | train reward: 1141.23 | best: 1212.09 | KL: 7.416e-02 | std: 0.2640 | rollout: 6.727s | update: 0.456s | total: 7.184s | samples/s: 8909
Iteration 0239 | train reward: 1141.08 | best: 1212.09 | KL: 8.068e-02 | std: 0.2613 | rollout: 6.769s | update: 0.460s | total: 7.229s | samples/s: 8853
Iteration 0240 | train reward: 1136.86 | best: 1212.09 | KL: 7.532e-02 | std: 0.2630 | rollout: 6.778s | update: 0.478s | total: 7.255s | samples/s: 8821
Iteration 0241 | train reward: 1147.03 | best: 1212.09 | KL: 8.063e-02 | std: 0.2608 | rollout: 6.988s | update: 0.478s | total: 7.466s | samples/s: 8572
Iteration 0242 | train reward: 1145.44 | best: 1212.09 | KL: 7.151e-02 | std: 0.2613 | rollout: 6.956s | update: 0.487s | total: 7.443s | samples/s: 8599
Iteration 0243 | train reward: 1153.42 | best: 1212.09 | KL: 7.474e-02 | std: 0.2591 | rollout: 6.819s | update: 0.503s | total: 7.322s | samples/s: 8740
Iteration 0244 | train reward: 1168.23 | best: 1212.09 | KL: 8.753e-02 | std: 0.2590 | rollout: 6.865s | update: 0.456s | total: 7.320s | samples/s: 8743
Iteration 0245 | train reward: 1143.44 | best: 1212.09 | KL: 7.336e-02 | std: 0.2616 | rollout: 6.857s | update: 0.497s | total: 7.354s | samples/s: 8702
Iteration 0246 | train reward: 1140.87 | best: 1212.09 | KL: 8.141e-02 | std: 0.2618 | rollout: 7.199s | update: 0.463s | total: 7.662s | samples/s: 8353
Iteration 0247 | train reward: 1128.29 | best: 1212.09 | KL: 7.658e-02 | std: 0.2630 | rollout: 7.000s | update: 0.497s | total: 7.497s | samples/s: 8537
Iteration 0248 | train reward: 1126.08 | best: 1212.09 | KL: 6.601e-02 | std: 0.2640 | rollout: 6.742s | update: 0.477s | total: 7.219s | samples/s: 8866
Iteration 0249 | train reward: 1139.77 | best: 1212.09 | KL: 5.937e-02 | std: 0.2640 | rollout: 6.703s | update: 0.467s | total: 7.171s | samples/s: 8925
Iteration 0250 | train reward: 1146.78 | best: 1212.09 | KL: 7.790e-02 | std: 0.2617 | rollout: 6.900s | update: 0.472s | total: 7.372s | samples/s: 8682
Iteration 0251 | train reward: 1150.57 | best: 1212.09 | KL: 6.699e-02 | std: 0.2601 | rollout: 7.034s | update: 0.459s | total: 7.493s | samples/s: 8541
Iteration 0252 | train reward: 1163.86 | best: 1212.09 | KL: 8.014e-02 | std: 0.2617 | rollout: 6.977s | update: 0.474s | total: 7.451s | samples/s: 8589
Iteration 0253 | train reward: 1166.59 | best: 1212.09 | KL: 7.019e-02 | std: 0.2600 | rollout: 7.803s | update: 0.460s | total: 8.263s | samples/s: 7745
Iteration 0254 | train reward: 1159.48 | best: 1212.09 | KL: 8.182e-02 | std: 0.2566 | rollout: 7.051s | update: 0.458s | total: 7.509s | samples/s: 8523
Iteration 0255 | train reward: 1166.43 | best: 1212.09 | KL: 7.390e-02 | std: 0.2529 | rollout: 6.947s | update: 0.458s | total: 7.405s | samples/s: 8642
Iteration 0256 | train reward: 1173.09 | best: 1212.09 | KL: 7.584e-02 | std: 0.2503 | rollout: 6.920s | update: 0.462s | total: 7.381s | samples/s: 8671
Iteration 0257 | train reward: 1164.82 | best: 1212.09 | KL: 8.378e-02 | std: 0.2487 | rollout: 7.025s | update: 0.464s | total: 7.488s | samples/s: 8547
Iteration 0258 | train reward: 1152.42 | best: 1212.09 | KL: 9.115e-02 | std: 0.2443 | rollout: 6.838s | update: 0.490s | total: 7.329s | samples/s: 8733
Iteration 0259 | train reward: 1169.17 | best: 1212.09 | KL: 6.762e-02 | std: 0.2431 | rollout: 6.900s | update: 0.464s | total: 7.364s | samples/s: 8691
Iteration 0260 | train reward: 1177.23 | best: 1212.09 | KL: 8.658e-02 | std: 0.2413 | rollout: 6.970s | update: 0.457s | total: 7.428s | samples/s: 8616
Iteration 0261 | train reward: 1176.94 | best: 1212.09 | KL: 9.142e-02 | std: 0.2386 | rollout: 6.985s | update: 0.462s | total: 7.447s | samples/s: 8594
Iteration 0262 | train reward: 1179.67 | best: 1212.09 | KL: 1.024e-01 | std: 0.2369 | rollout: 6.829s | update: 0.470s | total: 7.299s | samples/s: 8769
Iteration 0263 | train reward: 1161.35 | best: 1212.09 | KL: 7.439e-02 | std: 0.2374 | rollout: 5.651s | update: 0.472s | total: 6.123s | samples/s: 10453
Iteration 0264 | train reward: 1164.76 | best: 1212.09 | KL: 7.256e-02 | std: 0.2348 | rollout: 5.744s | update: 0.458s | total: 6.202s | samples/s: 10320
Iteration 0265 | train reward: 1155.54 | best: 1212.09 | KL: 6.398e-02 | std: 0.2322 | rollout: 7.137s | update: 0.456s | total: 7.593s | samples/s: 8429
Iteration 0266 | train reward: 1145.91 | best: 1212.09 | KL: 8.263e-02 | std: 0.2296 | rollout: 6.844s | update: 0.458s | total: 7.303s | samples/s: 8764
Iteration 0267 | train reward: 1138.48 | best: 1212.09 | KL: 7.662e-02 | std: 0.2300 | rollout: 7.078s | update: 0.461s | total: 7.539s | samples/s: 8489
Iteration 0268 | train reward: 1127.08 | best: 1212.09 | KL: 5.899e-02 | std: 0.2280 | rollout: 7.036s | update: 0.457s | total: 7.493s | samples/s: 8541
Iteration 0269 | train reward: 1144.83 | best: 1212.09 | KL: 6.283e-02 | std: 0.2290 | rollout: 6.920s | update: 0.455s | total: 7.375s | samples/s: 8678
Iteration 0270 | train reward: 1147.42 | best: 1212.09 | KL: 7.417e-02 | std: 0.2279 | rollout: 7.131s | update: 0.519s | total: 7.650s | samples/s: 8366
Iteration 0271 | train reward: 1158.92 | best: 1212.09 | KL: 7.452e-02 | std: 0.2275 | rollout: 6.853s | update: 0.477s | total: 7.330s | samples/s: 8731
Iteration 0272 | train reward: 1158.65 | best: 1212.09 | KL: 1.276e-01 | std: 0.2269 | rollout: 6.833s | update: 0.480s | total: 7.313s | samples/s: 8751
Iteration 0273 | train reward: 1138.00 | best: 1212.09 | KL: 6.237e-02 | std: 0.2254 | rollout: 7.408s | update: 0.489s | total: 7.897s | samples/s: 8104
Iteration 0274 | train reward: 1122.87 | best: 1212.09 | KL: 7.213e-02 | std: 0.2249 | rollout: 7.511s | update: 0.468s | total: 7.980s | samples/s: 8020
Iteration 0275 | train reward: 1125.46 | best: 1212.09 | KL: 7.337e-02 | std: 0.2261 | rollout: 7.081s | update: 0.459s | total: 7.540s | samples/s: 8488
Iteration 0276 | train reward: 1129.37 | best: 1212.09 | KL: 7.441e-02 | std: 0.2213 | rollout: 7.183s | update: 0.473s | total: 7.655s | samples/s: 8360
Iteration 0277 | train reward: 1127.79 | best: 1212.09 | KL: 9.752e-02 | std: 0.2175 | rollout: 6.999s | update: 0.456s | total: 7.455s | samples/s: 8585
Iteration 0278 | train reward: 1134.31 | best: 1212.09 | KL: 7.500e-02 | std: 0.2187 | rollout: 6.884s | update: 0.457s | total: 7.341s | samples/s: 8718
Iteration 0279 | train reward: 1119.89 | best: 1212.09 | KL: 9.929e-02 | std: 0.2154 | rollout: 6.793s | update: 0.515s | total: 7.308s | samples/s: 8758
Iteration 0280 | train reward: 1124.30 | best: 1212.09 | KL: 8.300e-02 | std: 0.2162 | rollout: 6.440s | update: 0.493s | total: 6.932s | samples/s: 9232
Iteration 0281 | train reward: 1110.98 | best: 1212.09 | KL: 8.318e-02 | std: 0.2124 | rollout: 7.353s | update: 0.458s | total: 7.812s | samples/s: 8193
Iteration 0282 | train reward: 1123.07 | best: 1212.09 | KL: 9.154e-02 | std: 0.2109 | rollout: 7.128s | update: 0.461s | total: 7.589s | samples/s: 8434
Iteration 0283 | train reward: 1133.32 | best: 1212.09 | KL: 7.056e-02 | std: 0.2084 | rollout: 6.948s | update: 0.472s | total: 7.419s | samples/s: 8626
Iteration 0284 | train reward: 1126.13 | best: 1212.09 | KL: 6.409e-02 | std: 0.2083 | rollout: 6.317s | update: 0.488s | total: 6.805s | samples/s: 9405
Iteration 0285 | train reward: 1118.19 | best: 1212.09 | KL: 1.053e-01 | std: 0.2062 | rollout: 5.842s | update: 0.482s | total: 6.324s | samples/s: 10121
Iteration 0286 | train reward: 1149.74 | best: 1212.09 | KL: 7.850e-02 | std: 0.2056 | rollout: 5.295s | update: 0.472s | total: 5.767s | samples/s: 11097
Iteration 0287 | train reward: 1144.71 | best: 1212.09 | KL: 6.182e-02 | std: 0.2050 | rollout: 5.447s | update: 0.460s | total: 5.907s | samples/s: 10835
Iteration 0288 | train reward: 1153.82 | best: 1212.09 | KL: 7.158e-02 | std: 0.2056 | rollout: 5.883s | update: 0.456s | total: 6.339s | samples/s: 10096
Iteration 0289 | train reward: 1168.81 | best: 1212.09 | KL: 9.410e-02 | std: 0.2019 | rollout: 5.646s | update: 0.454s | total: 6.100s | samples/s: 10492
Iteration 0290 | train reward: 1171.49 | best: 1212.09 | KL: 9.847e-02 | std: 0.2005 | rollout: 6.625s | update: 0.457s | total: 7.081s | samples/s: 9038
Iteration 0291 | train reward: 1163.88 | best: 1212.09 | KL: 6.800e-02 | std: 0.2005 | rollout: 5.829s | update: 0.473s | total: 6.302s | samples/s: 10155
Iteration 0292 | train reward: 1177.09 | best: 1212.09 | KL: 1.253e-01 | std: 0.1988 | rollout: 6.030s | update: 0.458s | total: 6.488s | samples/s: 9864
Iteration 0293 | train reward: 1174.15 | best: 1212.09 | KL: 7.959e-02 | std: 0.1979 | rollout: 5.660s | update: 0.481s | total: 6.141s | samples/s: 10421
Iteration 0294 | train reward: 1185.60 | best: 1212.09 | KL: 8.013e-02 | std: 0.1966 | rollout: 5.673s | update: 0.478s | total: 6.150s | samples/s: 10406
Iteration 0295 | train reward: 1185.52 | best: 1212.09 | KL: 1.025e-01 | std: 0.1962 | rollout: 6.169s | update: 0.456s | total: 6.625s | samples/s: 9660
Iteration 0296 | train reward: 1202.12 | best: 1212.09 | KL: 8.575e-02 | std: 0.1975 | rollout: 6.637s | update: 0.459s | total: 7.096s | samples/s: 9019
Iteration 0297 | train reward: 1205.35 | best: 1212.09 | KL: 8.348e-02 | std: 0.1962 | rollout: 6.869s | update: 0.478s | total: 7.347s | samples/s: 8711
Iteration 0298 | train reward: 1206.97 | best: 1212.09 | KL: 9.286e-02 | std: 0.1958 | rollout: 6.927s | update: 0.477s | total: 7.403s | samples/s: 8645
Iteration 0299 | train reward: 1216.98 | best: 1216.98 | KL: 8.012e-02 | std: 0.1987 | rollout: 7.147s | update: 0.458s | total: 7.605s | samples/s: 8415
Iteration 0300 | train reward: 1204.86 | best: 1216.98 | KL: 9.316e-02 | std: 0.1974 | rollout: 6.949s | update: 0.456s | total: 7.405s | samples/s: 8643
Iteration 0301 | train reward: 1202.54 | best: 1216.98 | KL: 1.363e-01 | std: 0.1987 | rollout: 6.824s | update: 0.459s | total: 7.283s | samples/s: 8787
Iteration 0302 | train reward: 1175.13 | best: 1216.98 | KL: 8.813e-02 | std: 0.1993 | rollout: 6.905s | update: 0.468s | total: 7.373s | samples/s: 8680
Iteration 0303 | train reward: 1154.89 | best: 1216.98 | KL: 8.229e-02 | std: 0.2011 | rollout: 7.230s | update: 0.467s | total: 7.698s | samples/s: 8314
Iteration 0304 | train reward: 1155.15 | best: 1216.98 | KL: 6.997e-02 | std: 0.2017 | rollout: 7.046s | update: 0.459s | total: 7.506s | samples/s: 8527
Iteration 0305 | train reward: 1170.74 | best: 1216.98 | KL: 1.962e-01 | std: 0.2009 | rollout: 7.080s | update: 0.455s | total: 7.535s | samples/s: 8493
Iteration 0306 | train reward: 1160.72 | best: 1216.98 | KL: 6.771e-02 | std: 0.2013 | rollout: 7.124s | update: 0.513s | total: 7.637s | samples/s: 8381
Iteration 0307 | train reward: 1168.76 | best: 1216.98 | KL: 9.360e-02 | std: 0.2043 | rollout: 6.789s | update: 0.477s | total: 7.267s | samples/s: 8807
Iteration 0308 | train reward: 1174.03 | best: 1216.98 | KL: 7.316e-02 | std: 0.2031 | rollout: 6.138s | update: 0.493s | total: 6.631s | samples/s: 9652
Iteration 0309 | train reward: 1178.10 | best: 1216.98 | KL: 7.119e-02 | std: 0.2033 | rollout: 6.922s | update: 0.501s | total: 7.423s | samples/s: 8622
Iteration 0310 | train reward: 1189.01 | best: 1216.98 | KL: 1.065e-01 | std: 0.2052 | rollout: 7.113s | update: 0.469s | total: 7.582s | samples/s: 8441
Iteration 0311 | train reward: 1194.55 | best: 1216.98 | KL: 7.782e-02 | std: 0.2040 | rollout: 6.805s | update: 0.538s | total: 7.343s | samples/s: 8716
Iteration 0312 | train reward: 1191.56 | best: 1216.98 | KL: 8.009e-02 | std: 0.2058 | rollout: 7.139s | update: 0.464s | total: 7.603s | samples/s: 8418
Iteration 0313 | train reward: 1209.21 | best: 1216.98 | KL: 9.610e-02 | std: 0.2039 | rollout: 6.863s | update: 0.463s | total: 7.326s | samples/s: 8736
Iteration 0314 | train reward: 1206.08 | best: 1216.98 | KL: 7.808e-02 | std: 0.2033 | rollout: 6.035s | update: 0.458s | total: 6.493s | samples/s: 9857
Iteration 0315 | train reward: 1222.97 | best: 1222.97 | KL: 3.105e-01 | std: 0.2017 | rollout: 5.685s | update: 0.477s | total: 6.162s | samples/s: 10386
Iteration 0316 | train reward: 1204.97 | best: 1222.97 | KL: 8.399e-02 | std: 0.2018 | rollout: 5.681s | update: 0.494s | total: 6.175s | samples/s: 10364
Iteration 0317 | train reward: 1204.62 | best: 1222.97 | KL: 7.788e-02 | std: 0.2039 | rollout: 7.290s | update: 0.482s | total: 7.772s | samples/s: 8234
Iteration 0318 | train reward: 1200.51 | best: 1222.97 | KL: 6.838e-02 | std: 0.2056 | rollout: 7.253s | update: 0.475s | total: 7.728s | samples/s: 8282
Iteration 0319 | train reward: 1187.10 | best: 1222.97 | KL: 8.291e-02 | std: 0.2053 | rollout: 7.226s | update: 0.460s | total: 7.686s | samples/s: 8327
Iteration 0320 | train reward: 1198.93 | best: 1222.97 | KL: 7.585e-02 | std: 0.2052 | rollout: 6.991s | update: 0.470s | total: 7.461s | samples/s: 8578
Iteration 0321 | train reward: 1209.23 | best: 1222.97 | KL: 7.489e-02 | std: 0.2046 | rollout: 6.358s | update: 0.460s | total: 6.817s | samples/s: 9388
Iteration 0322 | train reward: 1206.29 | best: 1222.97 | KL: 9.838e-02 | std: 0.2010 | rollout: 6.977s | update: 0.465s | total: 7.442s | samples/s: 8600
Iteration 0323 | train reward: 1218.33 | best: 1222.97 | KL: 7.333e-02 | std: 0.2030 | rollout: 6.921s | update: 0.499s | total: 7.420s | samples/s: 8625
Iteration 0324 | train reward: 1210.83 | best: 1222.97 | KL: 8.738e-02 | std: 0.2033 | rollout: 6.976s | update: 0.456s | total: 7.432s | samples/s: 8611
