This is pdfTeX, Version 3.141592653-2.6-1.40.27 (MiKTeX 25.4) (preloaded format=pdflatex 2025.7.27)  2 AUG 2026 12:34
entering extended mode
 restricted \write18 enabled.
 %&-line parsing enabled.
**./exploration/tabular_mdp/two_state_geometry.tex
(exploration/tabular_mdp/two_state_geometry.tex
LaTeX2e <2025-06-01> patch level 1
L3 programming layer <2025-07-19>
(C:\Users\andre\AppData\Local\Programs\MiKTeX\tex/latex/base\article.cls
Document Class: article 2025/01/22 v1.4n Standard LaTeX document class
(C:\Users\andre\AppData\Local\Programs\MiKTeX\tex/latex/base\size10.clo
File: size10.clo 2025/01/22 v1.4n Standard LaTeX file (size option)
)
\c@part=\count275
\c@section=\count276
\c@subsection=\count277
\c@subsubsection=\count278
\c@paragraph=\count279
\c@subparagraph=\count280
\c@figure=\count281
\c@table=\count282
\abovecaptionskip=\skip49
\belowcaptionskip=\skip50
\bibindent=\dimen148
)
(C:\Users\andre\AppData\Local\Programs\MiKTeX\tex/latex/geometry\geometry.sty
Package: geometry 2020/01/02 v5.9 Page Geometry

(C:\Users\andre\AppData\Local\Programs\MiKTeX\tex/latex/graphics\keyval.sty
Package: keyval 2022/05/29 v1.15 key=value parser (DPC)
\KV@toks@=\toks17
)
(C:\Users\andre\AppData\Local\Programs\MiKTeX\tex/generic/iftex\ifvtex.sty
Package: ifvtex 2019/10/25 v1.7 ifvtex legacy package. Use iftex instead.

(C:\Users\andre\AppData\Local\Programs\MiKTeX\tex/generic/iftex\iftex.sty
Package: iftex 2024/12/12 v1.0g TeX engine tests
))
\Gm@cnth=\count283
\Gm@cntv=\count284
\c@Gm@tempcnt=\count285
\Gm@bindingoffset=\dimen149
\Gm@wd@mp=\dimen150
\Gm@odd@mp=\dimen151
\Gm@even@mp=\dimen152
\Gm@layoutwidth=\dimen153
\Gm@layoutheight=\dimen154
\Gm@layouthoffset=\dimen155
\Gm@layoutvoffset=\dimen156
\Gm@dimlist=\toks18

(C:\Users\andre\AppData\Local\Programs\MiKTeX\tex/latex/geometry\geometry.cfg))
(C:\Users\andre\AppData\Local\Programs\MiKTeX\tex/latex/amsmath\amsmath.sty
Package: amsmath 2025/06/16 v2.17y AMS math features
\@mathmargin=\skip51

For additional information on amsmath, use the `?' option.
(C:\Users\andre\AppData\Local\Programs\MiKTeX\tex/latex/amsmath\amstext.sty
Package: amstext 2024/11/17 v2.01 AMS text

(C:\Users\andre\AppData\Local\Programs\MiKTeX\tex/latex/amsmath\amsgen.sty
File: amsgen.sty 1999/11/30 v2.0 generic functions
\@emptytoks=\toks19
\ex@=\dimen157
))
(C:\Users\andre\AppData\Local\Programs\MiKTeX\tex/latex/amsmath\amsbsy.sty
Package: amsbsy 1999/11/29 v1.2d Bold Symbols
\pmbraise@=\dimen158
)
(C:\Users\andre\AppData\Local\Programs\MiKTeX\tex/latex/amsmath\amsopn.sty
Package: amsopn 2022/04/08 v2.04 operator names
)
\inf@bad=\count286
LaTeX Info: Redefining \frac on input line 233.
\uproot@=\count287
\leftroot@=\count288
LaTeX Info: Redefining \overline on input line 398.
LaTeX Info: Redefining \colon on input line 409.
\classnum@=\count289
\DOTSCASE@=\count290
LaTeX Info: Redefining \ldots on input line 495.
LaTeX Info: Redefining \dots on input line 498.
LaTeX Info: Redefining \cdots on input line 619.
\Mathstrutbox@=\box53
\strutbox@=\box54
LaTeX Info: Redefining \big on input line 721.
LaTeX Info: Redefining \Big on input line 722.
LaTeX Info: Redefining \bigg on input line 723.
LaTeX Info: Redefining \Bigg on input line 724.
\big@size=\dimen159
LaTeX Font Info:    Redeclaring font encoding OML on input line 742.
LaTeX Font Info:    Redeclaring font encoding OMS on input line 743.
\macc@depth=\count291
LaTeX Info: Redefining \bmod on input line 904.
LaTeX Info: Redefining \pmod on input line 909.
LaTeX Info: Redefining \smash on input line 939.
LaTeX Info: Redefining \relbar on input line 969.
LaTeX Info: Redefining \Relbar on input line 970.
\c@MaxMatrixCols=\count292
\dotsspace@=\muskip17
\c@parentequation=\count293
\dspbrk@lvl=\count294
\tag@help=\toks20
\row@=\count295
\column@=\count296
\maxfields@=\count297
\andhelp@=\toks21
\eqnshift@=\dimen160
\alignsep@=\dimen161
\tagshift@=\dimen162
\tagwidth@=\dimen163
\totwidth@=\dimen164
\lineht@=\dimen165
\@envbody=\toks22
\multlinegap=\skip52
\multlinetaggap=\skip53
\mathdisplay@stack=\toks23
LaTeX Info: Redefining \[ on input line 2949.
LaTeX Info: Redefining \] on input line 2950.
)
(C:\Users\andre\AppData\Local\Programs\MiKTeX\tex/latex/amsfonts\amssymb.sty
Package: amssymb 2013/01/14 v3.01 AMS font symbols

(C:\Users\andre\AppData\Local\Programs\MiKTeX\tex/latex/amsfonts\amsfonts.sty
Package: amsfonts 2013/01/14 v3.01 Basic AMSFonts support
\symAMSa=\mathgroup4
\symAMSb=\mathgroup5
LaTeX Font Info:    Redeclaring math symbol \hbar on input line 98.
LaTeX Font Info:    Overwriting math alphabet `\mathfrak' in version `bold'
(Font)                  U/euf/m/n --> U/euf/b/n on input line 106.
)) (C:\Users\andre\AppData\Local\Programs\MiKTeX\tex/latex/booktabs\booktabs.st
y
Package: booktabs 2020/01/12 v1.61803398 Publication quality tables
\heavyrulewidth=\dimen166
\lightrulewidth=\dimen167
\cmidrulewidth=\dimen168
\belowrulesep=\dimen169
\belowbottomsep=\dimen170
\aboverulesep=\dimen171
\abovetopsep=\dimen172
\cmidrulesep=\dimen173
\cmidrulekern=\dimen174
\defaultaddspace=\dimen175
\@cmidla=\count298
\@cmidlb=\count299
\@aboverulesep=\dimen176
\@belowrulesep=\dimen177
\@thisruleclass=\count300
\@lastruleclass=\count301
\@thisrulewidth=\dimen178
) (C:\Users\andre\AppData\Local\Programs\MiKTeX\tex/latex/graphics\graphicx.sty
Package: graphicx 2024/12/31 v1.2e Enhanced LaTeX Graphics (DPC,SPQR)

(C:\Users\andre\AppData\Local\Programs\MiKTeX\tex/latex/graphics\graphics.sty
Package: graphics 2024/08/06 v1.4g Standard LaTeX Graphics (DPC,SPQR)

(C:\Users\andre\AppData\Local\Programs\MiKTeX\tex/latex/graphics\trig.sty
Package: trig 2023/12/02 v1.11 sin cos tan (DPC)
)
(C:\Users\andre\AppData\Local\Programs\MiKTeX\tex/latex/graphics-cfg\graphics.c
fg
File: graphics.cfg 2016/06/04 v1.11 sample graphics configuration
)
Package graphics Info: Driver file: pdftex.def on input line 106.

(C:\Users\andre\AppData\Local\Programs\MiKTeX\tex/latex/graphics-def\pdftex.def
File: pdftex.def 2024/04/13 v1.2c Graphics/color driver for pdftex
))
\Gin@req@height=\dimen179
\Gin@req@width=\dimen180
) (C:\Users\andre\AppData\Local\Programs\MiKTeX\tex/latex/tools\tabularx.sty
Package: tabularx 2023/12/11 v2.12a `tabularx' package (DPC)

(C:\Users\andre\AppData\Local\Programs\MiKTeX\tex/latex/tools\array.sty
Package: array 2025/06/08 v2.6j Tabular extension package (FMi)
\col@sep=\dimen181
\ar@mcellbox=\box55
\extrarowheight=\dimen182
\NC@list=\toks24
\extratabsurround=\skip54
\backup@length=\skip55
\ar@cellbox=\box56
)
\TX@col@width=\dimen183
\TX@old@table=\dimen184
\TX@old@col=\dimen185
\TX@target=\dimen186
\TX@delta=\dimen187
\TX@cols=\count302
\TX@ftn=\toks25
)
(C:\Users\andre\AppData\Local\Programs\MiKTeX\tex/latex/xcolor\xcolor.sty
Package: xcolor 2024/09/29 v3.02 LaTeX color extensions (UK)

(C:\Users\andre\AppData\Local\Programs\MiKTeX\tex/latex/graphics-cfg\color.cfg
File: color.cfg 2016/01/02 v1.6 sample color configuration
)
Package xcolor Info: Driver file: pdftex.def on input line 274.
(C:\Users\andre\AppData\Local\Programs\MiKTeX\tex/latex/graphics\mathcolor.ltx)
Package xcolor Info: Model `cmy' substituted by `cmy0' on input line 1349.
Package xcolor Info: Model `hsb' substituted by `rgb' on input line 1353.
Package xcolor Info: Model `RGB' extended on input line 1365.
Package xcolor Info: Model `HTML' substituted by `rgb' on input line 1367.
Package xcolor Info: Model `Hsb' substituted by `hsb' on input line 1368.
Package xcolor Info: Model `tHsb' substituted by `hsb' on input line 1369.
Package xcolor Info: Model `HSB' substituted by `hsb' on input line 1370.
Package xcolor Info: Model `Gray' substituted by `gray' on input line 1371.
Package xcolor Info: Model `wave' substituted by `hsb' on input line 1372.
) (C:\Users\andre\AppData\Local\Programs\MiKTeX\tex/latex/hyperref\hyperref.sty
Package: hyperref 2025-07-12 v7.01o Hypertext links for LaTeX

(C:\Users\andre\AppData\Local\Programs\MiKTeX\tex/latex/kvsetkeys\kvsetkeys.sty
Package: kvsetkeys 2022-10-05 v1.19 Key value parser (HO)
)
(C:\Users\andre\AppData\Local\Programs\MiKTeX\tex/generic/kvdefinekeys\kvdefine
keys.sty
Package: kvdefinekeys 2019-12-19 v1.6 Define keys (HO)
)
(C:\Users\andre\AppData\Local\Programs\MiKTeX\tex/generic/pdfescape\pdfescape.s
ty
Package: pdfescape 2019/12/09 v1.15 Implements pdfTeX's escape features (HO)

(C:\Users\andre\AppData\Local\Programs\MiKTeX\tex/generic/ltxcmds\ltxcmds.sty
Package: ltxcmds 2023-12-04 v1.26 LaTeX kernel commands for general use (HO)
)
(C:\Users\andre\AppData\Local\Programs\MiKTeX\tex/generic/pdftexcmds\pdftexcmds
.sty
Package: pdftexcmds 2020-06-27 v0.33 Utility functions of pdfTeX for LuaTeX (HO
)

(C:\Users\andre\AppData\Local\Programs\MiKTeX\tex/generic/infwarerr\infwarerr.s
ty
Package: infwarerr 2019/12/03 v1.5 Providing info/warning/error messages (HO)
)
Package pdftexcmds Info: \pdf@primitive is available.
Package pdftexcmds Info: \pdf@ifprimitive is available.
Package pdftexcmds Info: \pdfdraftmode found.
))
(C:\Users\andre\AppData\Local\Programs\MiKTeX\tex/latex/hycolor\hycolor.sty
Package: hycolor 2020-01-27 v1.10 Color options for hyperref/bookmark (HO)
)
(C:\Users\andre\AppData\Local\Programs\MiKTeX\tex/latex/hyperref\nameref.sty
Package: nameref 2025-06-21 v2.57 Cross-referencing by name of section

(C:\Users\andre\AppData\Local\Programs\MiKTeX\tex/latex/refcount\refcount.sty
Package: refcount 2019/12/15 v3.6 Data extraction from label references (HO)
)
(C:\Users\andre\AppData\Local\Programs\MiKTeX\tex/generic/gettitlestring\gettit
lestring.sty
Package: gettitlestring 2019/12/15 v1.6 Cleanup title references (HO)

(C:\Users\andre\AppData\Local\Programs\MiKTeX\tex/latex/kvoptions\kvoptions.sty
Package: kvoptions 2022-06-15 v3.15 Key value format for package options (HO)
))
\c@section@level=\count303
)
(C:\Users\andre\AppData\Local\Programs\MiKTeX\tex/latex/etoolbox\etoolbox.sty
Package: etoolbox 2025/02/11 v2.5l e-TeX tools for LaTeX (JAW)
\etb@tempcnta=\count304
)
(C:\Users\andre\AppData\Local\Programs\MiKTeX\tex/generic/stringenc\stringenc.s
ty
Package: stringenc 2019/11/29 v1.12 Convert strings between diff. encodings (HO
)
)
\@linkdim=\dimen188
\Hy@linkcounter=\count305
\Hy@pagecounter=\count306
 (C:\Users\andre\AppData\Local\Programs\MiKTeX\tex/latex/hyperref\pd1enc.def
File: pd1enc.def 2025-07-12 v7.01o Hyperref: PDFDocEncoding definition (HO)
Now handling font encoding PD1 ...
... no UTF-8 mapping file for font encoding PD1
) (C:\Users\andre\AppData\Local\Programs\MiKTeX\tex/generic/intcalc\intcalc.sty
Package: intcalc 2019/12/15 v1.3 Expandable calculations with integers (HO)
)
\Hy@SavedSpaceFactor=\count307
 (C:\Users\andre\AppData\Local\Programs\MiKTeX\tex/latex/hyperref\puenc.def
File: puenc.def 2025-07-12 v7.01o Hyperref: PDF Unicode definition (HO)
Now handling font encoding PU ...
... no UTF-8 mapping file for font encoding PU
)
Package hyperref Info: Hyper figures OFF on input line 4195.
Package hyperref Info: Link nesting OFF on input line 4200.
Package hyperref Info: Hyper index ON on input line 4203.
Package hyperref Info: Plain pages OFF on input line 4210.
Package hyperref Info: Backreferencing OFF on input line 4215.
Package hyperref Info: Implicit mode ON; LaTeX internals redefined.
Package hyperref Info: Bookmarks ON on input line 4462.
\c@Hy@tempcnt=\count308

(C:\Users\andre\AppData\Local\Programs\MiKTeX\tex/latex/url\url.sty
\Urlmuskip=\muskip18
Package: url 2013/09/16  ver 3.4  Verb mode for urls, etc.
)
LaTeX Info: Redefining \url on input line 4801.
\XeTeXLinkMargin=\dimen189

(C:\Users\andre\AppData\Local\Programs\MiKTeX\tex/generic/bitset\bitset.sty
Package: bitset 2019/12/09 v1.3 Handle bit-vector datatype (HO)

(C:\Users\andre\AppData\Local\Programs\MiKTeX\tex/generic/bigintcalc\bigintcalc
.sty
Package: bigintcalc 2019/12/15 v1.5 Expandable calculations on big integers (HO
)
))
\Fld@menulength=\count309
\Field@Width=\dimen190
\Fld@charsize=\dimen191
Package hyperref Info: Hyper figures OFF on input line 6078.
Package hyperref Info: Link nesting OFF on input line 6083.
Package hyperref Info: Hyper index ON on input line 6086.
Package hyperref Info: backreferencing OFF on input line 6093.
Package hyperref Info: Link coloring OFF on input line 6098.
Package hyperref Info: Link coloring with OCG OFF on input line 6103.
Package hyperref Info: PDF/A mode OFF on input line 6108.
\Hy@abspage=\count310
\c@Item=\count311
\c@Hfootnote=\count312
)
Package hyperref Info: Driver (autodetected): hpdftex.

(C:\Users\andre\AppData\Local\Programs\MiKTeX\tex/latex/hyperref\hpdftex.def
File: hpdftex.def 2025-07-12 v7.01o Hyperref driver for pdfTeX
\Fld@listcount=\count313
\c@bookmark@seq@number=\count314

(C:\Users\andre\AppData\Local\Programs\MiKTeX\tex/latex/rerunfilecheck\rerunfil
echeck.sty
Package: rerunfilecheck 2025-06-21 v1.11 Rerun checks for auxiliary files (HO)

(C:\Users\andre\AppData\Local\Programs\MiKTeX\tex/generic/uniquecounter\uniquec
ounter.sty
Package: uniquecounter 2019/12/15 v1.4 Provide unlimited unique counter (HO)
)
Package uniquecounter Info: New unique counter `rerunfilecheck' on input line 2
84.
)
\Hy@SectionHShift=\skip56
)
(C:\Users\andre\AppData\Local\Programs\MiKTeX\tex/latex/l3backend\l3backend-pdf
tex.def
File: l3backend-pdftex.def 2025-06-09 L3 backend support: PDF output (pdfTeX)
\l__color_backend_stack_int=\count315
)
(C:\Users\andre\OneDrive\Desktop\Exams\RL\MP\vanilla-policy-gradient\output\pdf
\two_state_geometry.aux)
\openout1 = `two_state_geometry.aux'.

LaTeX Font Info:    Checking defaults for OML/cmm/m/it on input line 20.
LaTeX Font Info:    ... okay on input line 20.
LaTeX Font Info:    Checking defaults for OMS/cmsy/m/n on input line 20.
LaTeX Font Info:    ... okay on input line 20.
LaTeX Font Info:    Checking defaults for OT1/cmr/m/n on input line 20.
LaTeX Font Info:    ... okay on input line 20.
LaTeX Font Info:    Checking defaults for T1/cmr/m/n on input line 20.
LaTeX Font Info:    ... okay on input line 20.
LaTeX Font Info:    Checking defaults for TS1/cmr/m/n on input line 20.
LaTeX Font Info:    ... okay on input line 20.
LaTeX Font Info:    Checking defaults for OMX/cmex/m/n on input line 20.
LaTeX Font Info:    ... okay on input line 20.
LaTeX Font Info:    Checking defaults for U/cmr/m/n on input line 20.
LaTeX Font Info:    ... okay on input line 20.
LaTeX Font Info:    Checking defaults for PD1/pdf/m/n on input line 20.
LaTeX Font Info:    ... okay on input line 20.
LaTeX Font Info:    Checking defaults for PU/pdf/m/n on input line 20.
LaTeX Font Info:    ... okay on input line 20.

*geometry* driver: auto-detecting
*geometry* detected driver: pdftex
*geometry* verbose mode - [ preamble ] result:
* driver: pdftex
* paper: a4paper
* layout: <same size as paper>
* layoutoffset:(h,v)=(0.0pt,0.0pt)
* modes: 
* h-part:(L,W,R)=(49.79231pt, 497.92325pt, 49.79231pt)
* v-part:(T,H,B)=(49.79231pt, 745.46222pt, 49.79231pt)
* \paperwidth=597.50787pt
* \paperheight=845.04684pt
* \textwidth=497.92325pt
* \textheight=745.46222pt
* \oddsidemargin=-22.47768pt
* \evensidemargin=-22.47768pt
* \topmargin=-59.47768pt
* \headheight=12.0pt
* \headsep=25.0pt
* \topskip=10.0pt
* \footskip=30.0pt
* \marginparwidth=57.0pt
* \marginparsep=11.0pt
* \columnsep=10.0pt
* \skip\footins=9.0pt plus 4.0pt minus 2.0pt
* \hoffset=0.0pt
* \voffset=0.0pt
* \mag=1000
* \@twocolumnfalse
* \@twosidefalse
* \@mparswitchfalse
* \@reversemarginfalse
* (1in=72.27pt=25.4mm, 1cm=28.453pt)


(C:\Users\andre\AppData\Local\Programs\MiKTeX\tex/context/base/mkii\supp-pdf.mk
ii
[Loading MPS to PDF converter (version 2006.09.02).]
\scratchcounter=\count316
\scratchdimen=\dimen192
\scratchbox=\box57
\nofMPsegments=\count317
\nofMParguments=\count318
\everyMPshowfont=\toks26
\MPscratchCnt=\count319
\MPscratchDim=\dimen193
\MPnumerator=\count320
\makeMPintoPDFobject=\count321
\everyMPtoPDFconversion=\toks27
)
(C:\Users\andre\AppData\Local\Programs\MiKTeX\tex/latex/epstopdf-pkg\epstopdf-b
ase.sty
Package: epstopdf-base 2020-01-24 v2.11 Base part for package epstopdf
Package epstopdf-base Info: Redefining graphics rule for `.eps' on input line 4
85.

(C:\Users\andre\AppData\Local\Programs\MiKTeX\tex/latex/00miktex\epstopdf-sys.c
fg
File: epstopdf-sys.cfg 2021/03/18 v2.0 Configuration of epstopdf for MiKTeX
))
Package hyperref Info: Link coloring OFF on input line 20.

(C:\Users\andre\OneDrive\Desktop\Exams\RL\MP\vanilla-policy-gradient\output\pdf
\two_state_geometry.out)
(C:\Users\andre\OneDrive\Desktop\Exams\RL\MP\vanilla-policy-gradient\output\pdf
\two_state_geometry.out)
\@outlinefile=\write3
\openout3 = `two_state_geometry.out'.

LaTeX Font Info:    Trying to load font information for U+msa on input line 22.


(C:\Users\andre\AppData\Local\Programs\MiKTeX\tex/latex/amsfonts\umsa.fd
File: umsa.fd 2013/01/14 v3.01 AMS symbols A
)
LaTeX Font Info:    Trying to load font information for U+msb on input line 22.


(C:\Users\andre\AppData\Local\Programs\MiKTeX\tex/latex/amsfonts\umsb.fd
File: umsb.fd 2013/01/14 v3.01 AMS symbols B
)
(C:\Users\andre\OneDrive\Desktop\Exams\RL\MP\vanilla-policy-gradient\output\pdf
\two_state_geometry.toc

[1

{C:/Users/andre/AppData/Local/MiKTeX/fonts/map/pdftex/pdftex.map}])
\tf@toc=\write4
\openout4 = `two_state_geometry.toc'.



[2]

[3]

[4]

[5]

[6]

[7]
<exploration/results/tabular_mdp/two_step_trap/plots/main/adverse_beta_0p1/perf
ormance_policy.png, id=364, 794.97pt x 578.16pt>
File: exploration/results/tabular_mdp/two_step_trap/plots/main/adverse_beta_0p1
/performance_policy.png Graphic file (type png)
<use exploration/results/tabular_mdp/two_step_trap/plots/main/adverse_beta_0p1/
performance_policy.png>
Package pdftex.def Info: exploration/results/tabular_mdp/two_step_trap/plots/ma
in/adverse_beta_0p1/performance_policy.png  used on input line 565.
(pdftex.def)             Requested size: 468.04906pt x 340.40569pt.
<exploration/results/tabular_mdp/two_step_trap/plots/main/adverse_beta_0p1/phas
e_q_vs_good.png, id=366, 433.62pt x 361.35pt>
File: exploration/results/tabular_mdp/two_step_trap/plots/main/adverse_beta_0p1
/phase_q_vs_good.png Graphic file (type png)
<use exploration/results/tabular_mdp/two_step_trap/plots/main/adverse_beta_0p1/
phase_q_vs_good.png>
Package pdftex.def Info: exploration/results/tabular_mdp/two_step_trap/plots/ma
in/adverse_beta_0p1/phase_q_vs_good.png  used on input line 573.
(pdftex.def)             Requested size: 428.2143pt x 356.86092pt.
<exploration/results/tabular_mdp/two_step_trap/plots/main/adverse_beta_0p1/grad
ient_decompositions.png, id=367, 794.97pt x 578.16pt>
File: exploration/results/tabular_mdp/two_step_trap/plots/main/adverse_beta_0p1
/gradient_decompositions.png Graphic file (type png)
<use exploration/results/tabular_mdp/two_step_trap/plots/main/adverse_beta_0p1/
gradient_decompositions.png>
Package pdftex.def Info: exploration/results/tabular_mdp/two_step_trap/plots/ma
in/adverse_beta_0p1/gradient_decompositions.png  used on input line 619.
(pdftex.def)             Requested size: 468.04906pt x 340.40569pt.


[8]

[9 <./exploration/results/tabular_mdp/two_step_trap/plots/main/adverse_beta_0p1
/performance_policy.png>]

[10 <./exploration/results/tabular_mdp/two_step_trap/plots/main/adverse_beta_0p
1/phase_q_vs_good.png>]

[11 <./exploration/results/tabular_mdp/two_step_trap/plots/main/adverse_beta_0p
1/gradient_decompositions.png>]
<exploration/results/tabular_mdp/two_step_trap/plots/basin/reward_only.png, id=
396, 650.43pt x 578.16pt>
File: exploration/results/tabular_mdp/two_step_trap/plots/basin/reward_only.png
 Graphic file (type png)
<use exploration/results/tabular_mdp/two_step_trap/plots/basin/reward_only.png>

Package pdftex.def Info: exploration/results/tabular_mdp/two_step_trap/plots/ba
sin/reward_only.png  used on input line 683.
(pdftex.def)             Requested size: 239.00102pt x 212.44257pt.
<exploration/results/tabular_mdp/two_step_trap/plots/basin/detached_conditional
.png, id=397, 650.43pt x 578.16pt>
File: exploration/results/tabular_mdp/two_step_trap/plots/basin/detached_condit
ional.png Graphic file (type png)
<use exploration/results/tabular_mdp/two_step_trap/plots/basin/detached_conditi
onal.png>
Package pdftex.def Info: exploration/results/tabular_mdp/two_step_trap/plots/ba
sin/detached_conditional.png  used on input line 684.
(pdftex.def)             Requested size: 239.00102pt x 212.44257pt.
<exploration/results/tabular_mdp/two_step_trap/plots/basin/complete_weighted.pn
g, id=398, 650.43pt x 578.16pt>
File: exploration/results/tabular_mdp/two_step_trap/plots/basin/complete_weight
ed.png Graphic file (type png)
<use exploration/results/tabular_mdp/two_step_trap/plots/basin/complete_weighte
d.png>
Package pdftex.def Info: exploration/results/tabular_mdp/two_step_trap/plots/ba
sin/complete_weighted.png  used on input line 688.
(pdftex.def)             Requested size: 239.00102pt x 212.44257pt.
<exploration/results/tabular_mdp/two_step_trap/plots/basin/uniform_action.png, 
id=399, 650.43pt x 578.16pt>
File: exploration/results/tabular_mdp/two_step_trap/plots/basin/uniform_action.
png Graphic file (type png)
<use exploration/results/tabular_mdp/two_step_trap/plots/basin/uniform_action.p
ng>
Package pdftex.def Info: exploration/results/tabular_mdp/two_step_trap/plots/ba
sin/uniform_action.png  used on input line 689.
(pdftex.def)             Requested size: 239.00102pt x 212.44257pt.
<exploration/results/tabular_mdp/two_step_trap/plots/basin/visitation_only.png,
 id=400, 650.43pt x 578.16pt>
File: exploration/results/tabular_mdp/two_step_trap/plots/basin/visitation_only
.png Graphic file (type png)
<use exploration/results/tabular_mdp/two_step_trap/plots/basin/visitation_only.
png>
Package pdftex.def Info: exploration/results/tabular_mdp/two_step_trap/plots/ba
sin/visitation_only.png  used on input line 693.
(pdftex.def)             Requested size: 239.00102pt x 212.44257pt.
<exploration/results/tabular_mdp/two_step_trap/plots/basin/full_pooled_fisher.p
ng, id=401, 650.43pt x 578.16pt>
File: exploration/results/tabular_mdp/two_step_trap/plots/basin/full_pooled_fis
her.png Graphic file (type png)
<use exploration/results/tabular_mdp/two_step_trap/plots/basin/full_pooled_fish
er.png>
Package pdftex.def Info: exploration/results/tabular_mdp/two_step_trap/plots/ba
sin/full_pooled_fisher.png  used on input line 694.
(pdftex.def)             Requested size: 239.00102pt x 212.44257pt.
<exploration/results/tabular_mdp/two_step_trap/plots/main/adverse_beta_0p1/stat
ewise_geometry.png, id=402, 794.97pt x 578.16pt>
File: exploration/results/tabular_mdp/two_step_trap/plots/main/adverse_beta_0p1
/statewise_geometry.png Graphic file (type png)
<use exploration/results/tabular_mdp/two_step_trap/plots/main/adverse_beta_0p1/
statewise_geometry.png>
Package pdftex.def Info: exploration/results/tabular_mdp/two_step_trap/plots/ma
in/adverse_beta_0p1/statewise_geometry.png  used on input line 725.
(pdftex.def)             Requested size: 408.3007pt x 296.95734pt.
<exploration/results/tabular_mdp/two_step_trap/plots/main/adverse_beta_0p1/pool
ed_statewise_logdet.png, id=403, 794.97pt x 578.16pt>
File: exploration/results/tabular_mdp/two_step_trap/plots/main/adverse_beta_0p1
/pooled_statewise_logdet.png Graphic file (type png)
<use exploration/results/tabular_mdp/two_step_trap/plots/main/adverse_beta_0p1/
pooled_statewise_logdet.png>
Package pdftex.def Info: exploration/results/tabular_mdp/two_step_trap/plots/ma
in/adverse_beta_0p1/pooled_statewise_logdet.png  used on input line 732.
(pdftex.def)             Requested size: 448.12788pt x 325.91995pt.
<exploration/results/tabular_mdp/two_step_trap/plots/main/adverse_beta_0p1/acti
on_visitation_barriers.png, id=404, 794.97pt x 289.08pt>
File: exploration/results/tabular_mdp/two_step_trap/plots/main/adverse_beta_0p1
/action_visitation_barriers.png Graphic file (type png)
<use exploration/results/tabular_mdp/two_step_trap/plots/main/adverse_beta_0p1/
action_visitation_barriers.png>
Package pdftex.def Info: exploration/results/tabular_mdp/two_step_trap/plots/ma
in/adverse_beta_0p1/action_visitation_barriers.png  used on input line 739.
(pdftex.def)             Requested size: 438.17488pt x 159.33855pt.


[12]

[13 <./exploration/results/tabular_mdp/two_step_trap/plots/basin/reward_only.pn
g> <./exploration/results/tabular_mdp/two_step_trap/plots/basin/detached_condit
ional.png> <./exploration/results/tabular_mdp/two_step_trap/plots/basin/complet
e_weighted.png> <./exploration/results/tabular_mdp/two_step_trap/plots/basin/un
iform_action.png> <./exploration/results/tabular_mdp/two_step_trap/plots/basin/
visitation_only.png> <./exploration/results/tabular_mdp/two_step_trap/plots/bas
in/full_pooled_fisher.png>]

[14 <./exploration/results/tabular_mdp/two_step_trap/plots/main/adverse_beta_0p
1/statewise_geometry.png> <./exploration/results/tabular_mdp/two_step_trap/plot
s/main/adverse_beta_0p1/pooled_statewise_logdet.png>]

[15 <./exploration/results/tabular_mdp/two_step_trap/plots/main/adverse_beta_0p
1/action_visitation_barriers.png>]

[16]

[17]
(C:\Users\andre\OneDrive\Desktop\Exams\RL\MP\vanilla-policy-gradient\output\pdf
\two_state_geometry.aux)
 ***********
LaTeX2e <2025-06-01> patch level 1
L3 programming layer <2025-07-19>
 ***********
Package rerunfilecheck Info: File `two_state_geometry.out' has not changed.
(rerunfilecheck)             Checksum: F616DC05FAACA7146BD52AE145B4D16B;11636.
 ) 
Here is how much of TeX's memory you used:
 11151 strings out of 468149
 177846 string characters out of 5431082
 604212 words of memory out of 5000000
 39473 multiletter control sequences out of 15000+600000
 639001 words of font info for 87 fonts, out of 8000000 for 9000
 1141 hyphenation exceptions out of 8191
 75i,15n,79p,444b,572s stack positions out of 10000i,1000n,20000p,200000b,200000s
 <C:\Users\andre\AppData\Local\MiKTeX\fonts/pk/ljfour/jknappen/ec/dpi600\tcrm
1000.pk><C:/Users/andre/AppData/Local/Programs/MiKTeX/fonts/type1/public/amsfon
ts/cm/cmbx10.pfb><C:/Users/andre/AppData/Local/Programs/MiKTeX/fonts/type1/publ
ic/amsfonts/cm/cmbx12.pfb><C:/Users/andre/AppData/Local/Programs/MiKTeX/fonts/t
ype1/public/amsfonts/cm/cmbx9.pfb><C:/Users/andre/AppData/Local/Programs/MiKTeX
/fonts/type1/public/amsfonts/cm/cmex10.pfb><C:/Users/andre/AppData/Local/Progra
ms/MiKTeX/fonts/type1/public/amsfonts/cm/cmmi10.pfb><C:/Users/andre/AppData/Loc
al/Programs/MiKTeX/fonts/type1/public/amsfonts/cm/cmmi5.pfb><C:/Users/andre/App
Data/Local/Programs/MiKTeX/fonts/type1/public/amsfonts/cm/cmmi6.pfb><C:/Users/a
ndre/AppData/Local/Programs/MiKTeX/fonts/type1/public/amsfonts/cm/cmmi7.pfb><C:
/Users/andre/AppData/Local/Programs/MiKTeX/fonts/type1/public/amsfonts/cm/cmmi9
.pfb><C:/Users/andre/AppData/Local/Programs/MiKTeX/fonts/type1/public/amsfonts/
cm/cmr10.pfb><C:/Users/andre/AppData/Local/Programs/MiKTeX/fonts/type1/public/a
msfonts/cm/cmr12.pfb><C:/Users/andre/AppData/Local/Programs/MiKTeX/fonts/type1/
public/amsfonts/cm/cmr17.pfb><C:/Users/andre/AppData/Local/Programs/MiKTeX/font
s/type1/public/amsfonts/cm/cmr5.pfb><C:/Users/andre/AppData/Local/Programs/MiKT
eX/fonts/type1/public/amsfonts/cm/cmr6.pfb><C:/Users/andre/AppData/Local/Progra
ms/MiKTeX/fonts/type1/public/amsfonts/cm/cmr7.pfb><C:/Users/andre/AppData/Local
/Programs/MiKTeX/fonts/type1/public/amsfonts/cm/cmr9.pfb><C:/Users/andre/AppDat
a/Local/Programs/MiKTeX/fonts/type1/public/amsfonts/cm/cmsy10.pfb><C:/Users/and
re/AppData/Local/Programs/MiKTeX/fonts/type1/public/amsfonts/cm/cmsy7.pfb><C:/U
sers/andre/AppData/Local/Programs/MiKTeX/fonts/type1/public/amsfonts/cm/cmsy9.p
fb><C:/Users/andre/AppData/Local/Programs/MiKTeX/fonts/type1/public/amsfonts/cm
/cmti10.pfb><C:/Users/andre/AppData/Local/Programs/MiKTeX/fonts/type1/public/am
sfonts/cm/cmti9.pfb><C:/Users/andre/AppData/Local/Programs/MiKTeX/fonts/type1/p
ublic/amsfonts/cm/cmtt10.pfb><C:/Users/andre/AppData/Local/Programs/MiKTeX/font
s/type1/public/amsfonts/cm/cmtt8.pfb><C:/Users/andre/AppData/Local/Programs/MiK
TeX/fonts/type1/public/amsfonts/cm/cmtt9.pfb><C:/Users/andre/AppData/Local/Prog
rams/MiKTeX/fonts/type1/public/amsfonts/symbols/msbm10.pfb>
Output written on C:\Users\andre\OneDrive\Desktop\Exams\RL\MP\vanilla-policy-gr
adient\output\pdf\two_state_geometry.pdf (17 pages, 2311706 bytes).
PDF statistics:
 604 PDF objects out of 1000 (max. 8388607)
 134 named destinations out of 1000 (max. 500000)
 445 words of extra memory for PDF output out of 10000 (max. 10000000)

