Device       : cpu

========== GPOMDP LOSS ==========
states shape  = (128, 37, 11)
actions shape = (128, 37, 3)
rewards shape = (128, 37)
returns shape = (128, 37)
mask shape    = (128, 37)
log_probs shape = (128, 37)
valid steps = 1939
objective = -0.417499
loss = 0.417499
========== END GPOMDP DEBUG ==========


========== NPG PRECONDITIONING ==========
Fisher condition number  : 1.024e+03
||nat_g|| / ||g||        : 2.186
========== END NPG DEBUG ==========

/Users/adelella/Documents/Useful/More/pj/vanilla-policy-gradient/vpg/train.py:127: UserWarning: Converting a tensor with requires_grad=True to a scalar may lead to unexpected behavior.
Consider using tensor.detach() first. (Triggered internally at /Users/runner/work/pytorch/pytorch/torch/csrc/autograd/generated/python_variable_methods.cpp:839.)
  return float(torch.cat(grads).norm())
Iteration 0000 | train reward: 7.28 | best: 7.28 | KL: 4.449e-04 | std: 0.6078 | rollout: 0.210s | update: 0.059s | total: 0.270s | samples/s: 7193
Iteration 0001 | train reward: 7.69 | best: 7.69 | KL: 7.037e-04 | std: 0.6087 | rollout: 0.206s | update: 0.008s | total: 0.214s | samples/s: 9204
Iteration 0002 | train reward: 7.96 | best: 7.96 | KL: 5.106e-04 | std: 0.6091 | rollout: 0.141s | update: 0.008s | total: 0.150s | samples/s: 12958
Iteration 0003 | train reward: 7.79 | best: 7.96 | KL: 4.378e-04 | std: 0.6095 | rollout: 0.155s | update: 0.009s | total: 0.163s | samples/s: 12407
Iteration 0004 | train reward: 9.08 | best: 9.08 | KL: 6.293e-04 | std: 0.6090 | rollout: 0.138s | update: 0.009s | total: 0.147s | samples/s: 14512
Iteration 0005 | train reward: 9.14 | best: 9.14 | KL: 8.413e-04 | std: 0.6096 | rollout: 0.173s | update: 0.009s | total: 0.181s | samples/s: 12213
Iteration 0006 | train reward: 10.55 | best: 10.55 | KL: 8.250e-04 | std: 0.6095 | rollout: 0.148s | update: 0.009s | total: 0.157s | samples/s: 14203
Iteration 0007 | train reward: 10.20 | best: 10.55 | KL: 6.781e-04 | std: 0.6092 | rollout: 0.152s | update: 0.008s | total: 0.160s | samples/s: 14669
Iteration 0008 | train reward: 13.46 | best: 13.46 | KL: 8.362e-04 | std: 0.6095 | rollout: 0.229s | update: 0.011s | total: 0.240s | samples/s: 10930
Iteration 0009 | train reward: 14.45 | best: 14.45 | KL: 6.825e-04 | std: 0.6087 | rollout: 0.271s | update: 0.011s | total: 0.283s | samples/s: 9161
Iteration 0010 | train reward: 19.39 | best: 19.39 | KL: 1.121e-03 | std: 0.6092 | rollout: 0.288s | update: 0.011s | total: 0.299s | samples/s: 9901
Iteration 0011 | train reward: 19.32 | best: 19.39 | KL: 9.040e-04 | std: 0.6077 | rollout: 0.347s | update: 0.011s | total: 0.358s | samples/s: 8857
Iteration 0012 | train reward: 21.89 | best: 21.89 | KL: 8.486e-04 | std: 0.6075 | rollout: 0.326s | update: 0.012s | total: 0.338s | samples/s: 9387
Iteration 0013 | train reward: 24.67 | best: 24.67 | KL: 1.205e-03 | std: 0.6089 | rollout: 0.320s | update: 0.012s | total: 0.332s | samples/s: 10604
Iteration 0014 | train reward: 35.62 | best: 35.62 | KL: 1.864e-03 | std: 0.6065 | rollout: 0.468s | update: 0.015s | total: 0.482s | samples/s: 8599
Iteration 0015 | train reward: 43.82 | best: 43.82 | KL: 2.449e-03 | std: 0.6068 | rollout: 0.396s | update: 0.014s | total: 0.410s | samples/s: 11610
Iteration 0016 | train reward: 63.48 | best: 63.48 | KL: 2.261e-03 | std: 0.6042 | rollout: 0.455s | update: 0.018s | total: 0.472s | samples/s: 13089
Iteration 0017 | train reward: 88.38 | best: 88.38 | KL: 3.412e-03 | std: 0.6009 | rollout: 0.536s | update: 0.021s | total: 0.557s | samples/s: 13446
Iteration 0018 | train reward: 112.60 | best: 112.60 | KL: 4.529e-03 | std: 0.5993 | rollout: 0.588s | update: 0.025s | total: 0.613s | samples/s: 14742
Iteration 0019 | train reward: 129.46 | best: 129.46 | KL: 4.951e-03 | std: 0.5938 | rollout: 0.592s | update: 0.026s | total: 0.618s | samples/s: 16037
Iteration 0020 | train reward: 160.81 | best: 160.81 | KL: 5.419e-03 | std: 0.5904 | rollout: 0.579s | update: 0.027s | total: 0.606s | samples/s: 19192
Iteration 0021 | train reward: 186.98 | best: 186.98 | KL: 4.115e-03 | std: 0.5868 | rollout: 0.635s | update: 0.030s | total: 0.665s | samples/s: 19498
Iteration 0022 | train reward: 207.26 | best: 207.26 | KL: 2.847e-03 | std: 0.5890 | rollout: 0.628s | update: 0.035s | total: 0.663s | samples/s: 21062
Iteration 0023 | train reward: 211.61 | best: 211.61 | KL: 3.894e-03 | std: 0.5871 | rollout: 0.676s | update: 0.033s | total: 0.709s | samples/s: 20058
Iteration 0024 | train reward: 208.57 | best: 211.61 | KL: 7.262e-03 | std: 0.5840 | rollout: 0.631s | update: 0.029s | total: 0.660s | samples/s: 21376
Iteration 0025 | train reward: 215.42 | best: 215.42 | KL: 6.147e-03 | std: 0.5831 | rollout: 0.593s | update: 0.032s | total: 0.625s | samples/s: 23017
Iteration 0026 | train reward: 230.18 | best: 230.18 | KL: 4.585e-03 | std: 0.5827 | rollout: 0.689s | update: 0.033s | total: 0.723s | samples/s: 21102
Iteration 0027 | train reward: 239.05 | best: 239.05 | KL: 5.164e-03 | std: 0.5822 | rollout: 0.677s | update: 0.034s | total: 0.711s | samples/s: 22367
Iteration 0028 | train reward: 238.54 | best: 239.05 | KL: 7.955e-03 | std: 0.5820 | rollout: 0.750s | update: 0.034s | total: 0.784s | samples/s: 20078
Iteration 0029 | train reward: 247.45 | best: 247.45 | KL: 6.763e-03 | std: 0.5822 | rollout: 0.766s | update: 0.037s | total: 0.803s | samples/s: 20215
Iteration 0030 | train reward: 267.47 | best: 267.47 | KL: 7.119e-03 | std: 0.5861 | rollout: 0.754s | update: 0.037s | total: 0.791s | samples/s: 21513
Iteration 0031 | train reward: 274.03 | best: 274.03 | KL: 7.797e-03 | std: 0.5891 | rollout: 0.810s | update: 0.040s | total: 0.850s | samples/s: 20545
Iteration 0032 | train reward: 275.55 | best: 275.55 | KL: 5.053e-03 | std: 0.5881 | rollout: 0.906s | update: 0.039s | total: 0.945s | samples/s: 18448
Iteration 0033 | train reward: 277.89 | best: 277.89 | KL: 1.618e-02 | std: 0.5905 | rollout: 0.792s | update: 0.039s | total: 0.831s | samples/s: 21099
Iteration 0034 | train reward: 289.42 | best: 289.42 | KL: 7.804e-03 | std: 0.5933 | rollout: 0.980s | update: 0.041s | total: 1.021s | samples/s: 17859
Iteration 0035 | train reward: 296.51 | best: 296.51 | KL: 1.360e-02 | std: 0.5912 | rollout: 0.977s | update: 0.044s | total: 1.022s | samples/s: 18508
Iteration 0036 | train reward: 322.10 | best: 322.10 | KL: 1.843e-02 | std: 0.5871 | rollout: 1.230s | update: 0.054s | total: 1.283s | samples/s: 15835
Iteration 0037 | train reward: 320.41 | best: 322.10 | KL: 1.609e-02 | std: 0.5853 | rollout: 1.166s | update: 0.044s | total: 1.210s | samples/s: 16540
Iteration 0038 | train reward: 349.67 | best: 349.67 | KL: 1.282e-02 | std: 0.5874 | rollout: 1.182s | update: 0.050s | total: 1.232s | samples/s: 17188
Iteration 0039 | train reward: 364.33 | best: 364.33 | KL: 1.614e-02 | std: 0.5872 | rollout: 1.262s | update: 0.052s | total: 1.314s | samples/s: 16485
Iteration 0040 | train reward: 407.15 | best: 407.15 | KL: 1.622e-02 | std: 0.5897 | rollout: 1.245s | update: 0.063s | total: 1.308s | samples/s: 18108
Iteration 0041 | train reward: 477.67 | best: 477.67 | KL: 2.508e-02 | std: 0.5847 | rollout: 1.765s | update: 0.063s | total: 1.828s | samples/s: 14866
Iteration 0042 | train reward: 485.34 | best: 485.34 | KL: 1.755e-02 | std: 0.5843 | rollout: 1.721s | update: 0.065s | total: 1.786s | samples/s: 15521
Iteration 0043 | train reward: 690.57 | best: 690.57 | KL: 4.768e-02 | std: 0.5795 | rollout: 2.054s | update: 0.081s | total: 2.135s | samples/s: 17776
Iteration 0044 | train reward: 752.76 | best: 752.76 | KL: 3.511e-02 | std: 0.5755 | rollout: 1.987s | update: 0.086s | total: 2.073s | samples/s: 19276
Iteration 0045 | train reward: 621.78 | best: 752.76 | KL: 2.723e-02 | std: 0.5758 | rollout: 1.952s | update: 0.067s | total: 2.019s | samples/s: 15901
Iteration 0046 | train reward: 685.82 | best: 752.76 | KL: 5.757e-02 | std: 0.5717 | rollout: 2.036s | update: 0.074s | total: 2.110s | samples/s: 17028
Iteration 0047 | train reward: 606.59 | best: 752.76 | KL: 2.927e-02 | std: 0.5622 | rollout: 1.914s | update: 0.065s | total: 1.979s | samples/s: 15971
Iteration 0048 | train reward: 950.53 | best: 950.53 | KL: 4.451e-02 | std: 0.5601 | rollout: 1.971s | update: 0.098s | total: 2.070s | samples/s: 23474
Iteration 0049 | train reward: 1021.20 | best: 1021.20 | KL: 4.875e-02 | std: 0.5599 | rollout: 1.945s | update: 0.103s | total: 2.048s | samples/s: 24650
Iteration 0050 | train reward: 1063.08 | best: 1063.08 | KL: 5.826e-02 | std: 0.5679 | rollout: 1.947s | update: 0.128s | total: 2.075s | samples/s: 27609
Iteration 0051 | train reward: 1060.17 | best: 1063.08 | KL: 5.586e-02 | std: 0.5670 | rollout: 1.995s | update: 0.101s | total: 2.095s | samples/s: 25525
Iteration 0052 | train reward: 1037.59 | best: 1063.08 | KL: 7.189e-02 | std: 0.5651 | rollout: 2.027s | update: 0.103s | total: 2.130s | samples/s: 26138
Iteration 0053 | train reward: 960.36 | best: 1063.08 | KL: 6.085e-02 | std: 0.5677 | rollout: 2.059s | update: 0.089s | total: 2.147s | samples/s: 20671
Iteration 0054 | train reward: 1236.63 | best: 1236.63 | KL: 4.660e-02 | std: 0.5659 | rollout: 1.964s | update: 0.118s | total: 2.083s | samples/s: 27643
Iteration 0055 | train reward: 1215.02 | best: 1236.63 | KL: 6.773e-02 | std: 0.5649 | rollout: 2.053s | update: 0.103s | total: 2.156s | samples/s: 26020
Iteration 0056 | train reward: 1197.10 | best: 1236.63 | KL: 7.978e-02 | std: 0.5644 | rollout: 1.980s | update: 0.101s | total: 2.081s | samples/s: 26229
Iteration 0057 | train reward: 1273.23 | best: 1273.23 | KL: 8.566e-02 | std: 0.5514 | rollout: 2.301s | update: 0.122s | total: 2.423s | samples/s: 23710
Iteration 0058 | train reward: 1205.78 | best: 1273.23 | KL: 5.281e-02 | std: 0.5549 | rollout: 2.084s | update: 0.116s | total: 2.200s | samples/s: 26465
Iteration 0059 | train reward: 1136.99 | best: 1273.23 | KL: 7.913e-02 | std: 0.5467 | rollout: 2.086s | update: 0.102s | total: 2.188s | samples/s: 24638
Iteration 0060 | train reward: 1224.04 | best: 1273.23 | KL: 9.932e-02 | std: 0.5445 | rollout: 2.090s | update: 0.108s | total: 2.198s | samples/s: 26493
Iteration 0061 | train reward: 1204.15 | best: 1273.23 | KL: 5.472e-02 | std: 0.5540 | rollout: 2.083s | update: 0.106s | total: 2.189s | samples/s: 25959
Iteration 0062 | train reward: 1204.69 | best: 1273.23 | KL: 6.236e-02 | std: 0.5554 | rollout: 2.061s | update: 0.102s | total: 2.163s | samples/s: 25067
Iteration 0063 | train reward: 1133.17 | best: 1273.23 | KL: 4.780e-02 | std: 0.5617 | rollout: 2.036s | update: 0.098s | total: 2.134s | samples/s: 23902
Iteration 0064 | train reward: 1141.36 | best: 1273.23 | KL: 7.199e-02 | std: 0.5573 | rollout: 2.193s | update: 0.098s | total: 2.291s | samples/s: 22390
Iteration 0065 | train reward: 1223.92 | best: 1273.23 | KL: 5.420e-02 | std: 0.5573 | rollout: 2.146s | update: 0.106s | total: 2.253s | samples/s: 25254
Iteration 0066 | train reward: 1191.24 | best: 1273.23 | KL: 6.528e-02 | std: 0.5571 | rollout: 2.060s | update: 0.102s | total: 2.161s | samples/s: 25448
Iteration 0067 | train reward: 1101.86 | best: 1273.23 | KL: 6.903e-02 | std: 0.5601 | rollout: 2.083s | update: 0.097s | total: 2.179s | samples/s: 23365
Iteration 0068 | train reward: 1174.19 | best: 1273.23 | KL: 6.491e-02 | std: 0.5539 | rollout: 2.218s | update: 0.105s | total: 2.323s | samples/s: 22462
Iteration 0069 | train reward: 1292.71 | best: 1292.71 | KL: 7.924e-02 | std: 0.5503 | rollout: 2.224s | update: 0.109s | total: 2.333s | samples/s: 24605
Iteration 0070 | train reward: 1286.46 | best: 1292.71 | KL: 8.630e-02 | std: 0.5523 | rollout: 2.029s | update: 0.119s | total: 2.147s | samples/s: 28037
Iteration 0071 | train reward: 1242.79 | best: 1292.71 | KL: 6.070e-02 | std: 0.5495 | rollout: 2.105s | update: 0.100s | total: 2.206s | samples/s: 24378
Iteration 0072 | train reward: 1342.88 | best: 1342.88 | KL: 7.528e-02 | std: 0.5528 | rollout: 2.078s | update: 0.113s | total: 2.192s | samples/s: 26784
Iteration 0073 | train reward: 1303.78 | best: 1342.88 | KL: 9.839e-02 | std: 0.5608 | rollout: 2.120s | update: 0.120s | total: 2.239s | samples/s: 24534
Iteration 0074 | train reward: 1211.35 | best: 1342.88 | KL: 8.458e-02 | std: 0.5570 | rollout: 2.475s | update: 0.095s | total: 2.570s | samples/s: 19749
Iteration 0075 | train reward: 1229.67 | best: 1342.88 | KL: 7.907e-02 | std: 0.5581 | rollout: 2.104s | update: 0.111s | total: 2.215s | samples/s: 23826
Iteration 0076 | train reward: 1366.50 | best: 1366.50 | KL: 7.607e-02 | std: 0.5521 | rollout: 2.507s | update: 0.123s | total: 2.630s | samples/s: 23066
Iteration 0077 | train reward: 1095.39 | best: 1366.50 | KL: 6.294e-02 | std: 0.5492 | rollout: 2.007s | update: 0.093s | total: 2.100s | samples/s: 23244
Iteration 0078 | train reward: 1209.77 | best: 1366.50 | KL: 7.258e-02 | std: 0.5425 | rollout: 2.178s | update: 0.100s | total: 2.279s | samples/s: 23497
Iteration 0079 | train reward: 1204.88 | best: 1366.50 | KL: 7.774e-02 | std: 0.5331 | rollout: 2.079s | update: 0.102s | total: 2.181s | samples/s: 24620
Iteration 0080 | train reward: 1274.38 | best: 1366.50 | KL: 6.588e-02 | std: 0.5339 | rollout: 2.089s | update: 0.106s | total: 2.195s | samples/s: 26259
Iteration 0081 | train reward: 1227.47 | best: 1366.50 | KL: 6.545e-02 | std: 0.5270 | rollout: 2.210s | update: 0.109s | total: 2.319s | samples/s: 23321
Iteration 0082 | train reward: 1316.91 | best: 1366.50 | KL: 7.687e-02 | std: 0.5284 | rollout: 2.517s | update: 0.118s | total: 2.635s | samples/s: 22154
Iteration 0083 | train reward: 1228.95 | best: 1366.50 | KL: 9.396e-02 | std: 0.5244 | rollout: 2.038s | update: 0.103s | total: 2.141s | samples/s: 25524
Iteration 0084 | train reward: 1321.04 | best: 1366.50 | KL: 6.694e-02 | std: 0.5289 | rollout: 2.052s | update: 0.109s | total: 2.161s | samples/s: 25751
Iteration 0085 | train reward: 1313.27 | best: 1366.50 | KL: 7.182e-02 | std: 0.5225 | rollout: 2.147s | update: 0.104s | total: 2.251s | samples/s: 24761
Iteration 0086 | train reward: 1225.08 | best: 1366.50 | KL: 8.999e-02 | std: 0.5226 | rollout: 2.131s | update: 0.111s | total: 2.242s | samples/s: 23183
Iteration 0087 | train reward: 1268.00 | best: 1366.50 | KL: 8.526e-02 | std: 0.5184 | rollout: 2.477s | update: 0.111s | total: 2.588s | samples/s: 21338
Iteration 0088 | train reward: 1343.28 | best: 1366.50 | KL: 6.018e-02 | std: 0.5208 | rollout: 2.079s | update: 0.121s | total: 2.200s | samples/s: 27614
Iteration 0089 | train reward: 1338.13 | best: 1366.50 | KL: 7.562e-02 | std: 0.5201 | rollout: 2.133s | update: 0.113s | total: 2.246s | samples/s: 26539
Iteration 0090 | train reward: 1314.58 | best: 1366.50 | KL: 7.220e-02 | std: 0.5218 | rollout: 2.140s | update: 0.111s | total: 2.251s | samples/s: 26059
Iteration 0091 | train reward: 1224.30 | best: 1366.50 | KL: 6.274e-02 | std: 0.5166 | rollout: 2.109s | update: 0.104s | total: 2.213s | samples/s: 24903
Iteration 0092 | train reward: 1203.37 | best: 1366.50 | KL: 7.315e-02 | std: 0.5216 | rollout: 2.076s | update: 0.102s | total: 2.178s | samples/s: 24930
Iteration 0093 | train reward: 1319.94 | best: 1366.50 | KL: 8.915e-02 | std: 0.5251 | rollout: 2.115s | update: 0.106s | total: 2.222s | samples/s: 25988
Iteration 0094 | train reward: 1355.52 | best: 1366.50 | KL: 4.900e-02 | std: 0.5241 | rollout: 1.986s | update: 0.109s | total: 2.095s | samples/s: 28372
Iteration 0095 | train reward: 1408.79 | best: 1408.79 | KL: 6.937e-02 | std: 0.5339 | rollout: 2.045s | update: 0.128s | total: 2.173s | samples/s: 28423
Iteration 0096 | train reward: 1417.32 | best: 1417.32 | KL: 5.881e-02 | std: 0.5365 | rollout: 1.984s | update: 0.116s | total: 2.099s | samples/s: 29221
Iteration 0097 | train reward: 1314.85 | best: 1417.32 | KL: 7.431e-02 | std: 0.5287 | rollout: 1.984s | update: 0.107s | total: 2.092s | samples/s: 26866
Iteration 0098 | train reward: 1411.17 | best: 1417.32 | KL: 6.648e-02 | std: 0.5295 | rollout: 1.959s | update: 0.111s | total: 2.070s | samples/s: 28873
Iteration 0099 | train reward: 1319.77 | best: 1417.32 | KL: 7.322e-02 | std: 0.5356 | rollout: 2.036s | update: 0.107s | total: 2.142s | samples/s: 25989
Iteration 0100 | train reward: 1231.18 | best: 1417.32 | KL: 7.584e-02 | std: 0.5415 | rollout: 2.074s | update: 0.097s | total: 2.171s | samples/s: 23666
Iteration 0101 | train reward: 1370.06 | best: 1417.32 | KL: 7.444e-02 | std: 0.5398 | rollout: 2.031s | update: 0.109s | total: 2.140s | samples/s: 26568
Iteration 0102 | train reward: 1369.35 | best: 1417.32 | KL: 5.261e-02 | std: 0.5418 | rollout: 1.980s | update: 0.109s | total: 2.089s | samples/s: 27509
Iteration 0103 | train reward: 1411.68 | best: 1417.32 | KL: 7.029e-02 | std: 0.5441 | rollout: 2.080s | update: 0.109s | total: 2.189s | samples/s: 27021
Iteration 0104 | train reward: 1442.89 | best: 1442.89 | KL: 8.391e-02 | std: 0.5408 | rollout: 2.053s | update: 0.112s | total: 2.165s | samples/s: 27998
Iteration 0105 | train reward: 1220.74 | best: 1442.89 | KL: 8.321e-02 | std: 0.5313 | rollout: 2.024s | update: 0.098s | total: 2.122s | samples/s: 24753
Iteration 0106 | train reward: 1341.06 | best: 1442.89 | KL: 7.095e-02 | std: 0.5313 | rollout: 2.022s | update: 0.117s | total: 2.139s | samples/s: 26681
Iteration 0107 | train reward: 1367.01 | best: 1442.89 | KL: 6.557e-02 | std: 0.5314 | rollout: 2.080s | update: 0.106s | total: 2.187s | samples/s: 26210
Iteration 0108 | train reward: 1422.03 | best: 1442.89 | KL: 7.066e-02 | std: 0.5259 | rollout: 2.095s | update: 0.114s | total: 2.208s | samples/s: 27290
Iteration 0109 | train reward: 1456.80 | best: 1456.80 | KL: 8.318e-02 | std: 0.5235 | rollout: 2.135s | update: 0.133s | total: 2.267s | samples/s: 27256
Iteration 0110 | train reward: 1165.65 | best: 1456.80 | KL: 4.968e-02 | std: 0.5245 | rollout: 2.072s | update: 0.096s | total: 2.168s | samples/s: 22826
Iteration 0111 | train reward: 1337.47 | best: 1456.80 | KL: 7.077e-02 | std: 0.5251 | rollout: 2.160s | update: 0.109s | total: 2.269s | samples/s: 25024
Iteration 0112 | train reward: 1238.27 | best: 1456.80 | KL: 5.987e-02 | std: 0.5303 | rollout: 2.448s | update: 0.102s | total: 2.550s | samples/s: 21033
Iteration 0113 | train reward: 1264.48 | best: 1456.80 | KL: 7.436e-02 | std: 0.5270 | rollout: 2.078s | update: 0.103s | total: 2.181s | samples/s: 25148
Iteration 0114 | train reward: 1334.02 | best: 1456.80 | KL: 7.326e-02 | std: 0.5252 | rollout: 2.053s | update: 0.109s | total: 2.163s | samples/s: 26846
Iteration 0115 | train reward: 1329.57 | best: 1456.80 | KL: 6.181e-02 | std: 0.5268 | rollout: 2.020s | update: 0.106s | total: 2.126s | samples/s: 26994
Iteration 0116 | train reward: 1342.74 | best: 1456.80 | KL: 7.628e-02 | std: 0.5234 | rollout: 2.127s | update: 0.106s | total: 2.233s | samples/s: 25272
Iteration 0117 | train reward: 1193.81 | best: 1456.80 | KL: 6.260e-02 | std: 0.5154 | rollout: 2.026s | update: 0.098s | total: 2.124s | samples/s: 24106
Iteration 0118 | train reward: 1309.18 | best: 1456.80 | KL: 6.837e-02 | std: 0.5130 | rollout: 2.269s | update: 0.116s | total: 2.385s | samples/s: 23054
Iteration 0119 | train reward: 1257.76 | best: 1456.80 | KL: 6.379e-02 | std: 0.5146 | rollout: 2.122s | update: 0.101s | total: 2.224s | samples/s: 24032
Iteration 0120 | train reward: 1299.71 | best: 1456.80 | KL: 7.434e-02 | std: 0.5130 | rollout: 2.276s | update: 0.109s | total: 2.385s | samples/s: 23287
Iteration 0121 | train reward: 1351.71 | best: 1456.80 | KL: 5.732e-02 | std: 0.5121 | rollout: 2.440s | update: 0.112s | total: 2.553s | samples/s: 22574
Iteration 0122 | train reward: 1412.17 | best: 1456.80 | KL: 7.235e-02 | std: 0.5085 | rollout: 2.105s | update: 0.136s | total: 2.241s | samples/s: 26625
Iteration 0123 | train reward: 1429.14 | best: 1456.80 | KL: 9.216e-02 | std: 0.5087 | rollout: 2.103s | update: 0.121s | total: 2.224s | samples/s: 27140
Iteration 0124 | train reward: 1333.80 | best: 1456.80 | KL: 5.996e-02 | std: 0.5086 | rollout: 2.034s | update: 0.106s | total: 2.140s | samples/s: 26507
Iteration 0125 | train reward: 1320.24 | best: 1456.80 | KL: 6.295e-02 | std: 0.5052 | rollout: 2.055s | update: 0.103s | total: 2.158s | samples/s: 25690
Iteration 0126 | train reward: 1377.03 | best: 1456.80 | KL: 5.312e-02 | std: 0.5138 | rollout: 2.032s | update: 0.111s | total: 2.143s | samples/s: 27105
Iteration 0127 | train reward: 1426.49 | best: 1456.80 | KL: 5.831e-02 | std: 0.5304 | rollout: 2.093s | update: 0.114s | total: 2.208s | samples/s: 27228
Iteration 0128 | train reward: 1377.23 | best: 1456.80 | KL: 8.351e-02 | std: 0.5262 | rollout: 2.198s | update: 0.111s | total: 2.309s | samples/s: 24764
Iteration 0129 | train reward: 1338.98 | best: 1456.80 | KL: 5.798e-02 | std: 0.5294 | rollout: 2.132s | update: 0.105s | total: 2.236s | samples/s: 24793
Iteration 0130 | train reward: 1344.67 | best: 1456.80 | KL: 6.555e-02 | std: 0.5262 | rollout: 2.382s | update: 0.110s | total: 2.493s | samples/s: 22469
Iteration 0131 | train reward: 1302.58 | best: 1456.80 | KL: 7.434e-02 | std: 0.5305 | rollout: 2.324s | update: 0.106s | total: 2.430s | samples/s: 22134
Iteration 0132 | train reward: 1316.20 | best: 1456.80 | KL: 6.632e-02 | std: 0.5331 | rollout: 2.498s | update: 0.105s | total: 2.602s | samples/s: 20830
Iteration 0133 | train reward: 1336.63 | best: 1456.80 | KL: 7.465e-02 | std: 0.5311 | rollout: 2.226s | update: 0.107s | total: 2.333s | samples/s: 23384
Iteration 0134 | train reward: 1304.17 | best: 1456.80 | KL: 5.949e-02 | std: 0.5314 | rollout: 2.213s | update: 0.105s | total: 2.318s | samples/s: 23541
Iteration 0135 | train reward: 1371.88 | best: 1456.80 | KL: 6.974e-02 | std: 0.5331 | rollout: 2.189s | update: 0.112s | total: 2.301s | samples/s: 24625
Iteration 0136 | train reward: 1381.62 | best: 1456.80 | KL: 7.312e-02 | std: 0.5339 | rollout: 2.343s | update: 0.112s | total: 2.455s | samples/s: 23326
Iteration 0137 | train reward: 1451.42 | best: 1456.80 | KL: 7.067e-02 | std: 0.5365 | rollout: 2.502s | update: 0.143s | total: 2.645s | samples/s: 22813
Iteration 0138 | train reward: 1481.84 | best: 1481.84 | KL: 5.469e-02 | std: 0.5417 | rollout: 2.320s | update: 0.127s | total: 2.447s | samples/s: 25192
Iteration 0139 | train reward: 1388.65 | best: 1481.84 | KL: 7.730e-02 | std: 0.5441 | rollout: 2.389s | update: 0.111s | total: 2.499s | samples/s: 22959
Iteration 0140 | train reward: 1390.66 | best: 1481.84 | KL: 6.252e-02 | std: 0.5504 | rollout: 2.298s | update: 0.115s | total: 2.413s | samples/s: 24080
Iteration 0141 | train reward: 1377.08 | best: 1481.84 | KL: 6.918e-02 | std: 0.5462 | rollout: 2.469s | update: 0.114s | total: 2.583s | samples/s: 22349
Iteration 0142 | train reward: 1441.22 | best: 1481.84 | KL: 5.033e-02 | std: 0.5512 | rollout: 2.436s | update: 0.119s | total: 2.555s | samples/s: 23582
Iteration 0143 | train reward: 1413.44 | best: 1481.84 | KL: 5.989e-02 | std: 0.5520 | rollout: 2.142s | update: 0.111s | total: 2.253s | samples/s: 26188
Iteration 0144 | train reward: 1361.57 | best: 1481.84 | KL: 7.734e-02 | std: 0.5486 | rollout: 2.456s | update: 0.110s | total: 2.567s | samples/s: 22244
Iteration 0145 | train reward: 1393.76 | best: 1481.84 | KL: 6.593e-02 | std: 0.5503 | rollout: 2.289s | update: 0.113s | total: 2.401s | samples/s: 24281
Iteration 0146 | train reward: 1447.58 | best: 1481.84 | KL: 7.034e-02 | std: 0.5468 | rollout: 2.407s | update: 0.115s | total: 2.522s | samples/s: 23870
Iteration 0147 | train reward: 1335.34 | best: 1481.84 | KL: 9.334e-02 | std: 0.5443 | rollout: 2.123s | update: 0.106s | total: 2.229s | samples/s: 24974
Iteration 0148 | train reward: 1425.15 | best: 1481.84 | KL: 6.675e-02 | std: 0.5417 | rollout: 2.210s | update: 0.119s | total: 2.329s | samples/s: 25441
