Device       : cpu

========== GPOMDP LOSS ==========
states shape  = (128, 500, 17)
actions shape = (128, 500, 6)
rewards shape = (128, 500)
returns shape = (128, 500)
mask shape    = (128, 500)
log_probs shape = (128, 500)
valid steps = 64000
objective = 47.570557
loss = -47.570557
========== END GPOMDP DEBUG ==========


========== NPG PRECONDITIONING ==========
Fisher condition number  : 1.263e+04
||nat_g|| / ||g||        : 10.744
========== END NPG DEBUG ==========

/Users/adelella/Documents/Useful/More/pj/vanilla-policy-gradient/vpg/train.py:127: UserWarning: Converting a tensor with requires_grad=True to a scalar may lead to unexpected behavior.
Consider using tensor.detach() first. (Triggered internally at /Users/runner/work/pytorch/pytorch/torch/csrc/autograd/generated/python_variable_methods.cpp:839.)
  return float(torch.cat(grads).norm())
Iteration 0000 | train reward: -194.39 | best: -194.39 | KL: 3.541e-05 | std: 0.6067 | rollout: 5.709s | update: 0.229s | total: 5.939s | samples/s: 10777
Iteration 0001 | train reward: -191.77 | best: -191.77 | KL: 3.262e-05 | std: 0.6066 | rollout: 5.382s | update: 0.183s | total: 5.566s | samples/s: 11499
Iteration 0002 | train reward: -202.20 | best: -191.77 | KL: 3.461e-05 | std: 0.6066 | rollout: 5.616s | update: 0.106s | total: 5.722s | samples/s: 11184
Iteration 0003 | train reward: -192.68 | best: -191.77 | KL: 3.709e-05 | std: 0.6066 | rollout: 5.423s | update: 0.156s | total: 5.578s | samples/s: 11473
Iteration 0004 | train reward: -188.68 | best: -188.68 | KL: 3.296e-05 | std: 0.6066 | rollout: 5.408s | update: 0.137s | total: 5.545s | samples/s: 11542
Iteration 0005 | train reward: -191.82 | best: -188.68 | KL: 3.324e-05 | std: 0.6067 | rollout: 5.632s | update: 0.144s | total: 5.777s | samples/s: 11079
Iteration 0006 | train reward: -192.54 | best: -188.68 | KL: 4.078e-05 | std: 0.6067 | rollout: 5.257s | update: 0.170s | total: 5.426s | samples/s: 11795
Iteration 0007 | train reward: -198.91 | best: -188.68 | KL: 3.658e-05 | std: 0.6066 | rollout: 5.260s | update: 0.249s | total: 5.509s | samples/s: 11618
Iteration 0008 | train reward: -194.93 | best: -188.68 | KL: 3.983e-05 | std: 0.6066 | rollout: 5.262s | update: 0.135s | total: 5.397s | samples/s: 11858
Iteration 0009 | train reward: -197.46 | best: -188.68 | KL: 3.501e-05 | std: 0.6066 | rollout: 5.152s | update: 0.132s | total: 5.284s | samples/s: 12112
Iteration 0010 | train reward: -189.06 | best: -188.68 | KL: 5.054e-05 | std: 0.6066 | rollout: 4.891s | update: 0.179s | total: 5.070s | samples/s: 12622
Iteration 0011 | train reward: -197.00 | best: -188.68 | KL: 4.432e-05 | std: 0.6066 | rollout: 5.078s | update: 0.146s | total: 5.224s | samples/s: 12252
Iteration 0012 | train reward: -186.62 | best: -186.62 | KL: 3.490e-05 | std: 0.6066 | rollout: 5.353s | update: 0.155s | total: 5.509s | samples/s: 11618
Iteration 0013 | train reward: -182.95 | best: -182.95 | KL: 4.047e-05 | std: 0.6066 | rollout: 4.760s | update: 0.143s | total: 4.902s | samples/s: 13055
Iteration 0014 | train reward: -182.59 | best: -182.59 | KL: 3.128e-05 | std: 0.6066 | rollout: 4.896s | update: 0.159s | total: 5.055s | samples/s: 12661
Iteration 0015 | train reward: -185.18 | best: -182.59 | KL: 3.191e-05 | std: 0.6066 | rollout: 4.778s | update: 0.147s | total: 4.925s | samples/s: 12995
Iteration 0016 | train reward: -174.10 | best: -174.10 | KL: 3.484e-05 | std: 0.6062 | rollout: 4.717s | update: 0.176s | total: 4.894s | samples/s: 13079
Iteration 0017 | train reward: -185.69 | best: -174.10 | KL: 3.959e-05 | std: 0.6062 | rollout: 4.993s | update: 0.313s | total: 5.306s | samples/s: 12061
Iteration 0018 | train reward: -182.00 | best: -174.10 | KL: 3.920e-05 | std: 0.6062 | rollout: 4.955s | update: 0.176s | total: 5.130s | samples/s: 12475
Iteration 0019 | train reward: -184.65 | best: -174.10 | KL: 3.271e-05 | std: 0.6062 | rollout: 5.137s | update: 0.170s | total: 5.307s | samples/s: 12059
Iteration 0020 | train reward: -178.27 | best: -174.10 | KL: 3.200e-05 | std: 0.6061 | rollout: 4.934s | update: 0.169s | total: 5.103s | samples/s: 12541
Iteration 0021 | train reward: -174.57 | best: -174.10 | KL: 4.080e-05 | std: 0.6061 | rollout: 5.112s | update: 0.209s | total: 5.321s | samples/s: 12028
Iteration 0022 | train reward: -181.86 | best: -174.10 | KL: 3.610e-05 | std: 0.6061 | rollout: 4.911s | update: 0.187s | total: 5.098s | samples/s: 12553
Iteration 0023 | train reward: -168.24 | best: -168.24 | KL: 3.761e-05 | std: 0.6061 | rollout: 4.805s | update: 0.223s | total: 5.028s | samples/s: 12728
Iteration 0024 | train reward: -183.10 | best: -168.24 | KL: 4.352e-05 | std: 0.6060 | rollout: 5.054s | update: 0.149s | total: 5.203s | samples/s: 12301
Iteration 0025 | train reward: -171.57 | best: -168.24 | KL: 3.544e-05 | std: 0.6060 | rollout: 4.963s | update: 0.134s | total: 5.097s | samples/s: 12556
Iteration 0026 | train reward: -168.69 | best: -168.24 | KL: 3.202e-05 | std: 0.6060 | rollout: 4.624s | update: 0.231s | total: 4.855s | samples/s: 13182
Iteration 0027 | train reward: -179.54 | best: -168.24 | KL: 3.761e-05 | std: 0.6060 | rollout: 5.189s | update: 0.189s | total: 5.377s | samples/s: 11902
Iteration 0028 | train reward: -173.26 | best: -168.24 | KL: 4.020e-05 | std: 0.6049 | rollout: 4.912s | update: 0.155s | total: 5.066s | samples/s: 12632
Iteration 0029 | train reward: -167.77 | best: -167.77 | KL: 3.532e-05 | std: 0.6049 | rollout: 5.350s | update: 0.184s | total: 5.534s | samples/s: 11564
Iteration 0030 | train reward: -174.69 | best: -167.77 | KL: 3.393e-05 | std: 0.6049 | rollout: 5.590s | update: 0.166s | total: 5.756s | samples/s: 11119
Iteration 0031 | train reward: -165.24 | best: -165.24 | KL: 4.059e-05 | std: 0.6048 | rollout: 4.616s | update: 0.238s | total: 4.854s | samples/s: 13186
Iteration 0032 | train reward: -161.23 | best: -161.23 | KL: 4.462e-05 | std: 0.6048 | rollout: 4.804s | update: 0.162s | total: 4.966s | samples/s: 12887
Iteration 0033 | train reward: -168.40 | best: -161.23 | KL: 3.177e-05 | std: 0.6048 | rollout: 4.730s | update: 0.219s | total: 4.949s | samples/s: 12932
Iteration 0034 | train reward: -167.14 | best: -161.23 | KL: 3.052e-05 | std: 0.6047 | rollout: 4.805s | update: 0.141s | total: 4.946s | samples/s: 12940
Iteration 0035 | train reward: -169.58 | best: -161.23 | KL: 3.890e-05 | std: 0.6047 | rollout: 4.853s | update: 0.168s | total: 5.021s | samples/s: 12746
Iteration 0036 | train reward: -166.70 | best: -161.23 | KL: 4.142e-05 | std: 0.6047 | rollout: 5.118s | update: 0.149s | total: 5.267s | samples/s: 12150
Iteration 0037 | train reward: -150.66 | best: -150.66 | KL: 2.818e-05 | std: 0.6047 | rollout: 4.806s | update: 0.172s | total: 4.978s | samples/s: 12858
Iteration 0038 | train reward: -168.95 | best: -150.66 | KL: 3.614e-05 | std: 0.6047 | rollout: 4.775s | update: 0.141s | total: 4.916s | samples/s: 13020
Iteration 0039 | train reward: -159.18 | best: -150.66 | KL: 2.833e-05 | std: 0.6047 | rollout: 4.641s | update: 0.207s | total: 4.847s | samples/s: 13203
Iteration 0040 | train reward: -155.97 | best: -150.66 | KL: 2.987e-05 | std: 0.6047 | rollout: 4.977s | update: 0.141s | total: 5.118s | samples/s: 12505
Iteration 0041 | train reward: -158.14 | best: -150.66 | KL: 3.570e-05 | std: 0.6047 | rollout: 4.954s | update: 0.293s | total: 5.247s | samples/s: 12198
Iteration 0042 | train reward: -171.56 | best: -150.66 | KL: 4.180e-05 | std: 0.6047 | rollout: 4.733s | update: 0.177s | total: 4.910s | samples/s: 13034
Iteration 0043 | train reward: -163.17 | best: -150.66 | KL: 2.939e-05 | std: 0.6047 | rollout: 4.702s | update: 0.208s | total: 4.910s | samples/s: 13036
Iteration 0044 | train reward: -163.96 | best: -150.66 | KL: 3.218e-05 | std: 0.6047 | rollout: 4.797s | update: 0.143s | total: 4.940s | samples/s: 12957
Iteration 0045 | train reward: -156.12 | best: -150.66 | KL: 3.231e-05 | std: 0.6043 | rollout: 4.792s | update: 0.198s | total: 4.990s | samples/s: 12826
Iteration 0046 | train reward: -159.53 | best: -150.66 | KL: 2.666e-05 | std: 0.6047 | rollout: 4.780s | update: 0.154s | total: 4.934s | samples/s: 12971
Iteration 0047 | train reward: -157.44 | best: -150.66 | KL: 3.246e-05 | std: 0.6047 | rollout: 4.565s | update: 0.148s | total: 4.713s | samples/s: 13580
Iteration 0048 | train reward: -153.78 | best: -150.66 | KL: 3.902e-05 | std: 0.6043 | rollout: 4.934s | update: 0.202s | total: 5.136s | samples/s: 12462
Iteration 0049 | train reward: -146.59 | best: -146.59 | KL: 3.189e-05 | std: 0.6047 | rollout: 4.834s | update: 0.200s | total: 5.034s | samples/s: 12715
Iteration 0050 | train reward: -156.90 | best: -146.59 | KL: 2.898e-05 | std: 0.6047 | rollout: 4.956s | update: 0.183s | total: 5.138s | samples/s: 12455
Iteration 0051 | train reward: -156.31 | best: -146.59 | KL: 3.820e-05 | std: 0.6048 | rollout: 5.088s | update: 0.149s | total: 5.237s | samples/s: 12221
Iteration 0052 | train reward: -153.73 | best: -146.59 | KL: 3.135e-05 | std: 0.6047 | rollout: 5.177s | update: 0.157s | total: 5.334s | samples/s: 11999
Iteration 0053 | train reward: -147.75 | best: -146.59 | KL: 2.851e-05 | std: 0.6047 | rollout: 5.115s | update: 0.154s | total: 5.268s | samples/s: 12148
Iteration 0054 | train reward: -152.81 | best: -146.59 | KL: 2.695e-05 | std: 0.6047 | rollout: 5.012s | update: 0.171s | total: 5.183s | samples/s: 12348
Iteration 0055 | train reward: -152.44 | best: -146.59 | KL: 3.821e-05 | std: 0.6047 | rollout: 4.956s | update: 0.142s | total: 5.098s | samples/s: 12553
Iteration 0056 | train reward: -156.17 | best: -146.59 | KL: 3.346e-05 | std: 0.6047 | rollout: 4.919s | update: 0.214s | total: 5.133s | samples/s: 12468
Iteration 0057 | train reward: -147.10 | best: -146.59 | KL: 2.457e-05 | std: 0.6048 | rollout: 5.111s | update: 0.184s | total: 5.295s | samples/s: 12087
Iteration 0058 | train reward: -153.34 | best: -146.59 | KL: 2.802e-05 | std: 0.6048 | rollout: 5.168s | update: 0.207s | total: 5.375s | samples/s: 11907
Iteration 0059 | train reward: -147.29 | best: -146.59 | KL: 2.928e-05 | std: 0.6048 | rollout: 4.863s | update: 0.178s | total: 5.041s | samples/s: 12696
Iteration 0060 | train reward: -138.46 | best: -138.46 | KL: 3.220e-05 | std: 0.6048 | rollout: 4.993s | update: 0.276s | total: 5.270s | samples/s: 12145
Iteration 0061 | train reward: -156.25 | best: -138.46 | KL: 3.674e-05 | std: 0.6043 | rollout: 4.792s | update: 0.202s | total: 4.994s | samples/s: 12817
Iteration 0062 | train reward: -141.55 | best: -138.46 | KL: 3.174e-05 | std: 0.6043 | rollout: 4.702s | update: 0.151s | total: 4.853s | samples/s: 13187
Iteration 0063 | train reward: -152.60 | best: -138.46 | KL: 2.905e-05 | std: 0.6043 | rollout: 5.010s | update: 0.170s | total: 5.180s | samples/s: 12354
Iteration 0064 | train reward: -141.82 | best: -138.46 | KL: 3.203e-05 | std: 0.6043 | rollout: 4.759s | update: 0.196s | total: 4.955s | samples/s: 12916
Iteration 0065 | train reward: -146.35 | best: -138.46 | KL: 3.594e-05 | std: 0.6043 | rollout: 4.902s | update: 0.141s | total: 5.043s | samples/s: 12691
Iteration 0066 | train reward: -129.76 | best: -129.76 | KL: 2.579e-05 | std: 0.6043 | rollout: 4.909s | update: 0.203s | total: 5.112s | samples/s: 12519
Iteration 0067 | train reward: -132.11 | best: -129.76 | KL: 2.714e-05 | std: 0.6043 | rollout: 5.074s | update: 0.163s | total: 5.237s | samples/s: 12221
Iteration 0068 | train reward: -141.61 | best: -129.76 | KL: 2.925e-05 | std: 0.6047 | rollout: 4.869s | update: 0.196s | total: 5.065s | samples/s: 12636
Iteration 0069 | train reward: -144.93 | best: -129.76 | KL: 3.429e-05 | std: 0.6048 | rollout: 4.656s | update: 0.163s | total: 4.819s | samples/s: 13281
Iteration 0070 | train reward: -136.32 | best: -129.76 | KL: 2.659e-05 | std: 0.6047 | rollout: 4.976s | update: 0.148s | total: 5.124s | samples/s: 12490
Iteration 0071 | train reward: -142.48 | best: -129.76 | KL: 2.987e-05 | std: 0.6047 | rollout: 4.958s | update: 0.247s | total: 5.205s | samples/s: 12296
Iteration 0072 | train reward: -141.11 | best: -129.76 | KL: 3.186e-05 | std: 0.6047 | rollout: 4.901s | update: 0.279s | total: 5.180s | samples/s: 12355
Iteration 0073 | train reward: -142.33 | best: -129.76 | KL: 3.017e-05 | std: 0.6047 | rollout: 4.955s | update: 0.163s | total: 5.118s | samples/s: 12505
Iteration 0074 | train reward: -132.80 | best: -129.76 | KL: 2.859e-05 | std: 0.6043 | rollout: 4.940s | update: 0.149s | total: 5.089s | samples/s: 12576
Iteration 0075 | train reward: -136.64 | best: -129.76 | KL: 3.670e-05 | std: 0.6044 | rollout: 4.762s | update: 0.159s | total: 4.921s | samples/s: 13004
Iteration 0076 | train reward: -132.76 | best: -129.76 | KL: 3.173e-05 | std: 0.6044 | rollout: 4.780s | update: 0.143s | total: 4.923s | samples/s: 13000
Iteration 0077 | train reward: -132.94 | best: -129.76 | KL: 3.390e-05 | std: 0.6043 | rollout: 4.871s | update: 0.175s | total: 5.046s | samples/s: 12683
Iteration 0078 | train reward: -137.53 | best: -129.76 | KL: 2.506e-05 | std: 0.6042 | rollout: 4.936s | update: 0.160s | total: 5.096s | samples/s: 12558
Iteration 0079 | train reward: -137.81 | best: -129.76 | KL: 2.873e-05 | std: 0.6042 | rollout: 4.923s | update: 0.212s | total: 5.135s | samples/s: 12464
Iteration 0080 | train reward: -133.05 | best: -129.76 | KL: 2.538e-05 | std: 0.6043 | rollout: 4.984s | update: 0.170s | total: 5.154s | samples/s: 12416
Iteration 0081 | train reward: -122.27 | best: -122.27 | KL: 2.072e-05 | std: 0.6043 | rollout: 4.844s | update: 0.177s | total: 5.021s | samples/s: 12746
Iteration 0082 | train reward: -118.24 | best: -118.24 | KL: 2.387e-05 | std: 0.6043 | rollout: 5.024s | update: 0.152s | total: 5.175s | samples/s: 12366
Iteration 0083 | train reward: -134.49 | best: -118.24 | KL: 2.641e-05 | std: 0.6042 | rollout: 4.753s | update: 0.147s | total: 4.901s | samples/s: 13059
Iteration 0084 | train reward: -137.70 | best: -118.24 | KL: 3.259e-05 | std: 0.6042 | rollout: 4.853s | update: 0.221s | total: 5.074s | samples/s: 12614
Iteration 0085 | train reward: -125.70 | best: -118.24 | KL: 2.391e-05 | std: 0.6042 | rollout: 4.750s | update: 0.146s | total: 4.896s | samples/s: 13072
Iteration 0086 | train reward: -125.61 | best: -118.24 | KL: 2.078e-05 | std: 0.6042 | rollout: 4.851s | update: 0.196s | total: 5.047s | samples/s: 12681
Iteration 0087 | train reward: -123.84 | best: -118.24 | KL: 2.565e-05 | std: 0.6042 | rollout: 4.682s | update: 0.216s | total: 4.898s | samples/s: 13066
Iteration 0088 | train reward: -129.55 | best: -118.24 | KL: 2.716e-05 | std: 0.6042 | rollout: 4.875s | update: 0.172s | total: 5.047s | samples/s: 12682
Iteration 0089 | train reward: -125.83 | best: -118.24 | KL: 3.076e-05 | std: 0.6041 | rollout: 4.669s | update: 0.164s | total: 4.833s | samples/s: 13243
Iteration 0090 | train reward: -128.48 | best: -118.24 | KL: 2.740e-05 | std: 0.6040 | rollout: 5.059s | update: 0.169s | total: 5.228s | samples/s: 12241
Iteration 0091 | train reward: -127.31 | best: -118.24 | KL: 2.724e-05 | std: 0.6041 | rollout: 4.953s | update: 0.214s | total: 5.168s | samples/s: 12384
Iteration 0092 | train reward: -116.98 | best: -116.98 | KL: 2.635e-05 | std: 0.6041 | rollout: 5.260s | update: 0.268s | total: 5.528s | samples/s: 11578
Iteration 0093 | train reward: -115.03 | best: -115.03 | KL: 2.135e-05 | std: 0.6041 | rollout: 4.830s | update: 0.216s | total: 5.045s | samples/s: 12685
Iteration 0094 | train reward: -118.93 | best: -115.03 | KL: 2.849e-05 | std: 0.6041 | rollout: 4.893s | update: 0.138s | total: 5.030s | samples/s: 12723
Iteration 0095 | train reward: -117.76 | best: -115.03 | KL: 2.724e-05 | std: 0.6042 | rollout: 4.834s | update: 0.143s | total: 4.978s | samples/s: 12857
Iteration 0096 | train reward: -123.77 | best: -115.03 | KL: 2.839e-05 | std: 0.6042 | rollout: 4.863s | update: 0.155s | total: 5.018s | samples/s: 12754
Iteration 0097 | train reward: -122.05 | best: -115.03 | KL: 2.795e-05 | std: 0.6041 | rollout: 4.777s | update: 0.242s | total: 5.019s | samples/s: 12752
Iteration 0098 | train reward: -129.78 | best: -115.03 | KL: 3.357e-05 | std: 0.6041 | rollout: 4.690s | update: 0.153s | total: 4.843s | samples/s: 13215
Iteration 0099 | train reward: -124.46 | best: -115.03 | KL: 2.623e-05 | std: 0.6041 | rollout: 4.820s | update: 0.158s | total: 4.977s | samples/s: 12858
Iteration 0100 | train reward: -118.36 | best: -115.03 | KL: 2.552e-05 | std: 0.6040 | rollout: 4.812s | update: 0.162s | total: 4.973s | samples/s: 12869
Iteration 0101 | train reward: -114.52 | best: -114.52 | KL: 2.852e-05 | std: 0.6040 | rollout: 4.856s | update: 0.146s | total: 5.002s | samples/s: 12794
Iteration 0102 | train reward: -122.91 | best: -114.52 | KL: 2.869e-05 | std: 0.6040 | rollout: 4.951s | update: 0.154s | total: 5.105s | samples/s: 12536
Iteration 0103 | train reward: -117.36 | best: -114.52 | KL: 2.526e-05 | std: 0.6040 | rollout: 4.814s | update: 0.150s | total: 4.964s | samples/s: 12893
Iteration 0104 | train reward: -113.05 | best: -113.05 | KL: 2.595e-05 | std: 0.6040 | rollout: 5.314s | update: 0.203s | total: 5.517s | samples/s: 11601
Iteration 0105 | train reward: -114.50 | best: -113.05 | KL: 2.572e-05 | std: 0.6036 | rollout: 4.951s | update: 0.297s | total: 5.248s | samples/s: 12194
Iteration 0106 | train reward: -111.08 | best: -111.08 | KL: 2.562e-05 | std: 0.6040 | rollout: 5.123s | update: 0.176s | total: 5.299s | samples/s: 12077
Iteration 0107 | train reward: -111.13 | best: -111.08 | KL: 2.474e-05 | std: 0.6040 | rollout: 4.946s | update: 0.159s | total: 5.105s | samples/s: 12536
Iteration 0108 | train reward: -103.66 | best: -103.66 | KL: 2.675e-05 | std: 0.6040 | rollout: 4.855s | update: 0.177s | total: 5.032s | samples/s: 12719
Iteration 0109 | train reward: -105.07 | best: -103.66 | KL: 2.101e-05 | std: 0.6036 | rollout: 4.804s | update: 0.206s | total: 5.009s | samples/s: 12776
Iteration 0110 | train reward: -102.41 | best: -102.41 | KL: 2.089e-05 | std: 0.6036 | rollout: 4.915s | update: 0.267s | total: 5.183s | samples/s: 12349
Iteration 0111 | train reward: -111.16 | best: -102.41 | KL: 3.222e-05 | std: 0.6036 | rollout: 5.253s | update: 0.204s | total: 5.456s | samples/s: 11729
Iteration 0112 | train reward: -105.06 | best: -102.41 | KL: 2.609e-05 | std: 0.6036 | rollout: 4.852s | update: 0.159s | total: 5.011s | samples/s: 12772
Iteration 0113 | train reward: -109.35 | best: -102.41 | KL: 1.982e-05 | std: 0.6036 | rollout: 4.985s | update: 0.179s | total: 5.163s | samples/s: 12396
Iteration 0114 | train reward: -108.11 | best: -102.41 | KL: 3.086e-05 | std: 0.6036 | rollout: 5.128s | update: 0.236s | total: 5.364s | samples/s: 11931
Iteration 0115 | train reward: -102.06 | best: -102.06 | KL: 2.574e-05 | std: 0.6036 | rollout: 4.902s | update: 0.189s | total: 5.091s | samples/s: 12572
Iteration 0116 | train reward: -95.81 | best: -95.81 | KL: 2.444e-05 | std: 0.6036 | rollout: 5.217s | update: 0.255s | total: 5.473s | samples/s: 11694
Iteration 0117 | train reward: -102.07 | best: -95.81 | KL: 2.484e-05 | std: 0.6036 | rollout: 4.968s | update: 0.243s | total: 5.212s | samples/s: 12280
Iteration 0118 | train reward: -100.61 | best: -95.81 | KL: 1.958e-05 | std: 0.6036 | rollout: 5.944s | update: 0.234s | total: 6.178s | samples/s: 10359
Iteration 0119 | train reward: -101.17 | best: -95.81 | KL: 2.721e-05 | std: 0.6036 | rollout: 5.831s | update: 0.255s | total: 6.087s | samples/s: 10515
Iteration 0120 | train reward: -104.85 | best: -95.81 | KL: 2.349e-05 | std: 0.6036 | rollout: 5.516s | update: 0.228s | total: 5.744s | samples/s: 11142
Iteration 0121 | train reward: -99.56 | best: -95.81 | KL: 2.637e-05 | std: 0.6035 | rollout: 5.148s | update: 0.225s | total: 5.373s | samples/s: 11911
Iteration 0122 | train reward: -106.03 | best: -95.81 | KL: 2.646e-05 | std: 0.6035 | rollout: 5.266s | update: 0.179s | total: 5.446s | samples/s: 11752
Iteration 0123 | train reward: -93.97 | best: -93.97 | KL: 2.042e-05 | std: 0.6034 | rollout: 4.917s | update: 0.169s | total: 5.086s | samples/s: 12583
Iteration 0124 | train reward: -106.64 | best: -93.97 | KL: 2.869e-05 | std: 0.6034 | rollout: 4.712s | update: 0.223s | total: 4.935s | samples/s: 12968
Iteration 0125 | train reward: -103.39 | best: -93.97 | KL: 2.079e-05 | std: 0.6023 | rollout: 4.941s | update: 0.153s | total: 5.095s | samples/s: 12562
Iteration 0126 | train reward: -97.24 | best: -93.97 | KL: 2.962e-05 | std: 0.6023 | rollout: 4.943s | update: 0.254s | total: 5.197s | samples/s: 12315
Iteration 0127 | train reward: -106.94 | best: -93.97 | KL: 2.187e-05 | std: 0.6022 | rollout: 5.281s | update: 0.151s | total: 5.432s | samples/s: 11782
Iteration 0128 | train reward: -100.28 | best: -93.97 | KL: 1.878e-05 | std: 0.6022 | rollout: 4.827s | update: 0.207s | total: 5.034s | samples/s: 12713
Iteration 0129 | train reward: -84.86 | best: -84.86 | KL: 1.977e-05 | std: 0.6022 | rollout: 4.823s | update: 0.167s | total: 4.991s | samples/s: 12823
Iteration 0130 | train reward: -102.85 | best: -84.86 | KL: 2.093e-05 | std: 0.6022 | rollout: 4.977s | update: 0.173s | total: 5.149s | samples/s: 12429
Iteration 0131 | train reward: -91.56 | best: -84.86 | KL: 2.294e-05 | std: 0.6021 | rollout: 4.932s | update: 0.165s | total: 5.097s | samples/s: 12556
Iteration 0132 | train reward: -89.10 | best: -84.86 | KL: 2.176e-05 | std: 0.6021 | rollout: 4.931s | update: 0.168s | total: 5.098s | samples/s: 12553
Iteration 0133 | train reward: -87.72 | best: -84.86 | KL: 1.818e-05 | std: 0.6021 | rollout: 5.060s | update: 0.175s | total: 5.235s | samples/s: 12225
Iteration 0134 | train reward: -99.44 | best: -84.86 | KL: 2.008e-05 | std: 0.6017 | rollout: 4.779s | update: 0.220s | total: 4.998s | samples/s: 12804
Iteration 0135 | train reward: -99.59 | best: -84.86 | KL: 2.136e-05 | std: 0.6017 | rollout: 5.175s | update: 0.169s | total: 5.344s | samples/s: 11977
Iteration 0136 | train reward: -90.02 | best: -84.86 | KL: 2.174e-05 | std: 0.6017 | rollout: 4.981s | update: 0.171s | total: 5.152s | samples/s: 12422
Iteration 0137 | train reward: -84.54 | best: -84.54 | KL: 1.681e-05 | std: 0.6017 | rollout: 4.878s | update: 0.273s | total: 5.151s | samples/s: 12425
Iteration 0138 | train reward: -84.22 | best: -84.22 | KL: 1.822e-05 | std: 0.6017 | rollout: 4.890s | update: 0.216s | total: 5.106s | samples/s: 12533
Iteration 0139 | train reward: -89.58 | best: -84.22 | KL: 2.092e-05 | std: 0.6017 | rollout: 4.792s | update: 0.158s | total: 4.950s | samples/s: 12929
Iteration 0140 | train reward: -91.97 | best: -84.22 | KL: 2.214e-05 | std: 0.6016 | rollout: 4.770s | update: 0.196s | total: 4.966s | samples/s: 12887
Iteration 0141 | train reward: -91.82 | best: -84.22 | KL: 2.083e-05 | std: 0.6016 | rollout: 4.739s | update: 0.171s | total: 4.910s | samples/s: 13034
Iteration 0142 | train reward: -83.63 | best: -83.63 | KL: 2.079e-05 | std: 0.6016 | rollout: 4.882s | update: 0.149s | total: 5.030s | samples/s: 12722
Iteration 0143 | train reward: -81.12 | best: -81.12 | KL: 2.504e-05 | std: 0.6016 | rollout: 4.853s | update: 0.155s | total: 5.008s | samples/s: 12780
Iteration 0144 | train reward: -82.45 | best: -81.12 | KL: 2.231e-05 | std: 0.6016 | rollout: 5.018s | update: 0.181s | total: 5.199s | samples/s: 12311
Iteration 0145 | train reward: -88.61 | best: -81.12 | KL: 2.255e-05 | std: 0.6016 | rollout: 4.848s | update: 0.168s | total: 5.016s | samples/s: 12760
Iteration 0146 | train reward: -86.16 | best: -81.12 | KL: 2.439e-05 | std: 0.6016 | rollout: 4.955s | update: 0.172s | total: 5.127s | samples/s: 12484
Iteration 0147 | train reward: -82.81 | best: -81.12 | KL: 2.037e-05 | std: 0.6016 | rollout: 4.875s | update: 0.168s | total: 5.043s | samples/s: 12691
Iteration 0148 | train reward: -85.56 | best: -81.12 | KL: 2.402e-05 | std: 0.6016 | rollout: 4.792s | update: 0.158s | total: 4.949s | samples/s: 12931
Iteration 0149 | train reward: -85.87 | best: -81.12 | KL: 1.908e-05 | std: 0.6016 | rollout: 4.941s | update: 0.163s | total: 5.104s | samples/s: 12540
Iteration 0150 | train reward: -82.12 | best: -81.12 | KL: 2.081e-05 | std: 0.6016 | rollout: 4.845s | update: 0.173s | total: 5.018s | samples/s: 12754
Iteration 0151 | train reward: -85.29 | best: -81.12 | KL: 2.385e-05 | std: 0.6015 | rollout: 5.063s | update: 0.173s | total: 5.236s | samples/s: 12223
Iteration 0152 | train reward: -83.07 | best: -81.12 | KL: 2.256e-05 | std: 0.6015 | rollout: 4.877s | update: 0.186s | total: 5.063s | samples/s: 12642
Iteration 0153 | train reward: -82.93 | best: -81.12 | KL: 1.749e-05 | std: 0.6015 | rollout: 4.812s | update: 0.170s | total: 4.982s | samples/s: 12846
Iteration 0154 | train reward: -73.55 | best: -73.55 | KL: 2.290e-05 | std: 0.6015 | rollout: 4.841s | update: 0.351s | total: 5.192s | samples/s: 12326
Iteration 0155 | train reward: -84.02 | best: -73.55 | KL: 2.091e-05 | std: 0.6015 | rollout: 4.907s | update: 0.150s | total: 5.057s | samples/s: 12655
Iteration 0156 | train reward: -81.73 | best: -73.55 | KL: 1.653e-05 | std: 0.6015 | rollout: 4.950s | update: 0.245s | total: 5.195s | samples/s: 12319
Iteration 0157 | train reward: -78.21 | best: -73.55 | KL: 2.209e-05 | std: 0.6016 | rollout: 4.799s | update: 0.176s | total: 4.974s | samples/s: 12866
Iteration 0158 | train reward: -84.68 | best: -73.55 | KL: 1.815e-05 | std: 0.6015 | rollout: 4.843s | update: 0.174s | total: 5.017s | samples/s: 12757
Iteration 0159 | train reward: -72.65 | best: -72.65 | KL: 2.019e-05 | std: 0.6015 | rollout: 4.513s | update: 0.182s | total: 4.695s | samples/s: 13631
Iteration 0160 | train reward: -79.22 | best: -72.65 | KL: 1.669e-05 | std: 0.6015 | rollout: 4.845s | update: 0.148s | total: 4.993s | samples/s: 12818
Iteration 0161 | train reward: -68.02 | best: -68.02 | KL: 1.649e-05 | std: 0.6015 | rollout: 4.860s | update: 0.161s | total: 5.021s | samples/s: 12746
Iteration 0162 | train reward: -73.03 | best: -68.02 | KL: 1.690e-05 | std: 0.6014 | rollout: 4.847s | update: 0.179s | total: 5.026s | samples/s: 12733
Iteration 0163 | train reward: -78.28 | best: -68.02 | KL: 2.048e-05 | std: 0.6014 | rollout: 4.697s | update: 0.160s | total: 4.857s | samples/s: 13178
Iteration 0164 | train reward: -77.81 | best: -68.02 | KL: 1.848e-05 | std: 0.6014 | rollout: 4.920s | update: 0.192s | total: 5.111s | samples/s: 12521
Iteration 0165 | train reward: -68.29 | best: -68.02 | KL: 1.674e-05 | std: 0.6014 | rollout: 4.707s | update: 0.144s | total: 4.851s | samples/s: 13192
Iteration 0166 | train reward: -80.17 | best: -68.02 | KL: 1.821e-05 | std: 0.6010 | rollout: 4.878s | update: 0.151s | total: 5.029s | samples/s: 12725
Iteration 0167 | train reward: -78.23 | best: -68.02 | KL: 1.945e-05 | std: 0.6009 | rollout: 4.830s | update: 0.143s | total: 4.973s | samples/s: 12870
Iteration 0168 | train reward: -80.76 | best: -68.02 | KL: 1.728e-05 | std: 0.6009 | rollout: 4.903s | update: 0.155s | total: 5.058s | samples/s: 12653
Iteration 0169 | train reward: -75.82 | best: -68.02 | KL: 1.653e-05 | std: 0.6008 | rollout: 5.075s | update: 0.156s | total: 5.231s | samples/s: 12234
Iteration 0170 | train reward: -75.02 | best: -68.02 | KL: 1.543e-05 | std: 0.6008 | rollout: 5.175s | update: 0.280s | total: 5.455s | samples/s: 11732
Iteration 0171 | train reward: -72.88 | best: -68.02 | KL: 1.674e-05 | std: 0.6008 | rollout: 4.984s | update: 0.153s | total: 5.138s | samples/s: 12457
Iteration 0172 | train reward: -75.64 | best: -68.02 | KL: 1.759e-05 | std: 0.6008 | rollout: 4.805s | update: 0.137s | total: 4.942s | samples/s: 12950
Iteration 0173 | train reward: -64.66 | best: -64.66 | KL: 1.857e-05 | std: 0.6008 | rollout: 4.813s | update: 0.224s | total: 5.037s | samples/s: 12706
Iteration 0174 | train reward: -68.58 | best: -64.66 | KL: 1.852e-05 | std: 0.5997 | rollout: 5.065s | update: 0.145s | total: 5.210s | samples/s: 12285
Iteration 0175 | train reward: -64.80 | best: -64.66 | KL: 1.641e-05 | std: 0.5997 | rollout: 4.831s | update: 0.162s | total: 4.993s | samples/s: 12818
Iteration 0176 | train reward: -80.19 | best: -64.66 | KL: 1.979e-05 | std: 0.5997 | rollout: 4.936s | update: 0.167s | total: 5.103s | samples/s: 12541
Iteration 0177 | train reward: -63.73 | best: -63.73 | KL: 1.447e-05 | std: 0.5996 | rollout: 4.866s | update: 0.228s | total: 5.093s | samples/s: 12565
Iteration 0178 | train reward: -71.44 | best: -63.73 | KL: 2.189e-05 | std: 0.5997 | rollout: 5.093s | update: 0.181s | total: 5.273s | samples/s: 12137
Iteration 0179 | train reward: -68.44 | best: -63.73 | KL: 2.261e-05 | std: 0.5996 | rollout: 5.091s | update: 0.162s | total: 5.253s | samples/s: 12183
Iteration 0180 | train reward: -73.90 | best: -63.73 | KL: 1.744e-05 | std: 0.5995 | rollout: 4.890s | update: 0.297s | total: 5.186s | samples/s: 12340
Iteration 0181 | train reward: -73.52 | best: -63.73 | KL: 2.333e-05 | std: 0.5995 | rollout: 5.082s | update: 0.164s | total: 5.246s | samples/s: 12199
Iteration 0182 | train reward: -70.27 | best: -63.73 | KL: 1.802e-05 | std: 0.5995 | rollout: 5.052s | update: 0.154s | total: 5.205s | samples/s: 12295
Iteration 0183 | train reward: -66.96 | best: -63.73 | KL: 1.845e-05 | std: 0.5995 | rollout: 5.015s | update: 0.181s | total: 5.196s | samples/s: 12317
Iteration 0184 | train reward: -71.01 | best: -63.73 | KL: 1.816e-05 | std: 0.5995 | rollout: 4.949s | update: 0.327s | total: 5.276s | samples/s: 12130
Iteration 0185 | train reward: -64.79 | best: -63.73 | KL: 1.444e-05 | std: 0.5995 | rollout: 5.110s | update: 0.259s | total: 5.370s | samples/s: 11919
Iteration 0186 | train reward: -65.61 | best: -63.73 | KL: 1.558e-05 | std: 0.5995 | rollout: 5.096s | update: 0.369s | total: 5.465s | samples/s: 11710
Iteration 0187 | train reward: -72.05 | best: -63.73 | KL: 1.504e-05 | std: 0.5991 | rollout: 4.972s | update: 0.183s | total: 5.155s | samples/s: 12415
Iteration 0188 | train reward: -65.06 | best: -63.73 | KL: 1.520e-05 | std: 0.5991 | rollout: 5.006s | update: 0.160s | total: 5.166s | samples/s: 12388
Iteration 0189 | train reward: -65.08 | best: -63.73 | KL: 1.868e-05 | std: 0.5991 | rollout: 5.087s | update: 0.197s | total: 5.283s | samples/s: 12113
Iteration 0190 | train reward: -66.04 | best: -63.73 | KL: 1.738e-05 | std: 0.5991 | rollout: 5.030s | update: 0.244s | total: 5.274s | samples/s: 12135
Iteration 0191 | train reward: -67.68 | best: -63.73 | KL: 1.642e-05 | std: 0.5990 | rollout: 5.088s | update: 0.154s | total: 5.243s | samples/s: 12207
Iteration 0192 | train reward: -59.53 | best: -59.53 | KL: 1.621e-05 | std: 0.5990 | rollout: 5.184s | update: 0.218s | total: 5.401s | samples/s: 11849
Iteration 0193 | train reward: -66.47 | best: -59.53 | KL: 1.750e-05 | std: 0.5990 | rollout: 5.129s | update: 0.154s | total: 5.283s | samples/s: 12115
Iteration 0194 | train reward: -64.28 | best: -59.53 | KL: 1.991e-05 | std: 0.5990 | rollout: 4.784s | update: 0.169s | total: 4.953s | samples/s: 12921
Iteration 0195 | train reward: -64.36 | best: -59.53 | KL: 2.125e-05 | std: 0.5989 | rollout: 5.152s | update: 0.179s | total: 5.331s | samples/s: 12004
Iteration 0196 | train reward: -64.57 | best: -59.53 | KL: 1.521e-05 | std: 0.5989 | rollout: 4.903s | update: 0.141s | total: 5.044s | samples/s: 12687
Iteration 0197 | train reward: -65.62 | best: -59.53 | KL: 1.987e-05 | std: 0.5989 | rollout: 4.866s | update: 0.231s | total: 5.098s | samples/s: 12554
Iteration 0198 | train reward: -52.36 | best: -52.36 | KL: 1.643e-05 | std: 0.5989 | rollout: 4.953s | update: 0.182s | total: 5.134s | samples/s: 12466
Iteration 0199 | train reward: -61.38 | best: -52.36 | KL: 1.894e-05 | std: 0.5988 | rollout: 4.919s | update: 0.175s | total: 5.094s | samples/s: 12563
Iteration 0200 | train reward: -60.24 | best: -52.36 | KL: 1.979e-05 | std: 0.5988 | rollout: 4.800s | update: 0.150s | total: 4.950s | samples/s: 12930
Iteration 0201 | train reward: -65.01 | best: -52.36 | KL: 1.855e-05 | std: 0.5988 | rollout: 4.949s | update: 0.172s | total: 5.121s | samples/s: 12498
Iteration 0202 | train reward: -53.92 | best: -52.36 | KL: 1.675e-05 | std: 0.5988 | rollout: 4.940s | update: 0.146s | total: 5.086s | samples/s: 12583
Iteration 0203 | train reward: -50.85 | best: -50.85 | KL: 1.262e-05 | std: 0.5988 | rollout: 4.835s | update: 0.161s | total: 4.996s | samples/s: 12810
Iteration 0204 | train reward: -58.13 | best: -50.85 | KL: 1.690e-05 | std: 0.5988 | rollout: 5.184s | update: 0.243s | total: 5.427s | samples/s: 11793
Iteration 0205 | train reward: -58.09 | best: -50.85 | KL: 1.607e-05 | std: 0.5988 | rollout: 4.805s | update: 0.146s | total: 4.951s | samples/s: 12925
Iteration 0206 | train reward: -59.51 | best: -50.85 | KL: 1.647e-05 | std: 0.5988 | rollout: 4.896s | update: 0.140s | total: 5.036s | samples/s: 12709
Iteration 0207 | train reward: -58.84 | best: -50.85 | KL: 1.404e-05 | std: 0.5984 | rollout: 4.777s | update: 0.162s | total: 4.939s | samples/s: 12957
Iteration 0208 | train reward: -55.95 | best: -50.85 | KL: 1.526e-05 | std: 0.5984 | rollout: 5.477s | update: 0.141s | total: 5.618s | samples/s: 11392
Iteration 0209 | train reward: -53.75 | best: -50.85 | KL: 1.570e-05 | std: 0.5984 | rollout: 5.135s | update: 0.140s | total: 5.275s | samples/s: 12134
Iteration 0210 | train reward: -52.09 | best: -50.85 | KL: 1.600e-05 | std: 0.5984 | rollout: 5.128s | update: 0.137s | total: 5.265s | samples/s: 12156
Iteration 0211 | train reward: -52.19 | best: -50.85 | KL: 1.850e-05 | std: 0.5984 | rollout: 5.213s | update: 0.139s | total: 5.352s | samples/s: 11959
Iteration 0212 | train reward: -55.76 | best: -50.85 | KL: 1.438e-05 | std: 0.5984 | rollout: 4.998s | update: 0.146s | total: 5.144s | samples/s: 12442
Iteration 0213 | train reward: -56.08 | best: -50.85 | KL: 1.627e-05 | std: 0.5983 | rollout: 4.986s | update: 0.140s | total: 5.126s | samples/s: 12486
Iteration 0214 | train reward: -53.20 | best: -50.85 | KL: 1.626e-05 | std: 0.5983 | rollout: 5.019s | update: 0.154s | total: 5.173s | samples/s: 12372
Iteration 0215 | train reward: -48.75 | best: -48.75 | KL: 1.840e-05 | std: 0.5982 | rollout: 5.059s | update: 0.144s | total: 5.203s | samples/s: 12300
Iteration 0216 | train reward: -49.11 | best: -48.75 | KL: 1.495e-05 | std: 0.5982 | rollout: 4.998s | update: 0.140s | total: 5.138s | samples/s: 12455
Iteration 0217 | train reward: -51.73 | best: -48.75 | KL: 1.497e-05 | std: 0.5982 | rollout: 5.343s | update: 0.138s | total: 5.480s | samples/s: 11678
Iteration 0218 | train reward: -46.47 | best: -46.47 | KL: 1.541e-05 | std: 0.5982 | rollout: 5.038s | update: 0.143s | total: 5.181s | samples/s: 12353
Iteration 0219 | train reward: -56.55 | best: -46.47 | KL: 1.686e-05 | std: 0.5971 | rollout: 5.060s | update: 0.167s | total: 5.227s | samples/s: 12244
Iteration 0220 | train reward: -53.93 | best: -46.47 | KL: 1.540e-05 | std: 0.5971 | rollout: 5.127s | update: 0.145s | total: 5.273s | samples/s: 12138
Iteration 0221 | train reward: -47.98 | best: -46.47 | KL: 1.495e-05 | std: 0.5971 | rollout: 5.200s | update: 0.162s | total: 5.362s | samples/s: 11935
Iteration 0222 | train reward: -48.30 | best: -46.47 | KL: 1.418e-05 | std: 0.5971 | rollout: 5.024s | update: 0.196s | total: 5.220s | samples/s: 12259
Iteration 0223 | train reward: -53.60 | best: -46.47 | KL: 1.545e-05 | std: 0.5970 | rollout: 5.431s | update: 0.180s | total: 5.611s | samples/s: 11406
Iteration 0224 | train reward: -50.43 | best: -46.47 | KL: 1.921e-05 | std: 0.5970 | rollout: 4.977s | update: 0.181s | total: 5.158s | samples/s: 12408
Iteration 0225 | train reward: -46.66 | best: -46.47 | KL: 1.584e-05 | std: 0.5969 | rollout: 5.078s | update: 0.152s | total: 5.230s | samples/s: 12238
Iteration 0226 | train reward: -53.93 | best: -46.47 | KL: 1.781e-05 | std: 0.5969 | rollout: 5.005s | update: 0.177s | total: 5.182s | samples/s: 12351
Iteration 0227 | train reward: -52.96 | best: -46.47 | KL: 1.533e-05 | std: 0.5969 | rollout: 5.464s | update: 0.163s | total: 5.627s | samples/s: 11374
Iteration 0228 | train reward: -46.87 | best: -46.47 | KL: 1.651e-05 | std: 0.5969 | rollout: 5.122s | update: 0.150s | total: 5.273s | samples/s: 12138
Iteration 0229 | train reward: -47.08 | best: -46.47 | KL: 1.481e-05 | std: 0.5965 | rollout: 4.911s | update: 0.143s | total: 5.054s | samples/s: 12663
Iteration 0230 | train reward: -43.52 | best: -43.52 | KL: 1.157e-05 | std: 0.5965 | rollout: 5.082s | update: 0.160s | total: 5.242s | samples/s: 12209
Iteration 0231 | train reward: -44.65 | best: -43.52 | KL: 1.418e-05 | std: 0.5965 | rollout: 5.063s | update: 0.181s | total: 5.244s | samples/s: 12206
Iteration 0232 | train reward: -43.74 | best: -43.52 | KL: 1.408e-05 | std: 0.5965 | rollout: 5.230s | update: 0.206s | total: 5.436s | samples/s: 11773
Iteration 0233 | train reward: -44.52 | best: -43.52 | KL: 1.503e-05 | std: 0.5965 | rollout: 5.085s | update: 0.146s | total: 5.231s | samples/s: 12235
Iteration 0234 | train reward: -52.12 | best: -43.52 | KL: 1.362e-05 | std: 0.5965 | rollout: 5.085s | update: 0.144s | total: 5.228s | samples/s: 12241
Iteration 0235 | train reward: -46.56 | best: -43.52 | KL: 1.734e-05 | std: 0.5964 | rollout: 5.073s | update: 0.143s | total: 5.215s | samples/s: 12271
Iteration 0236 | train reward: -47.36 | best: -43.52 | KL: 1.400e-05 | std: 0.5964 | rollout: 4.970s | update: 0.144s | total: 5.114s | samples/s: 12515
Iteration 0237 | train reward: -50.05 | best: -43.52 | KL: 1.691e-05 | std: 0.5964 | rollout: 5.108s | update: 0.149s | total: 5.258s | samples/s: 12173
Iteration 0238 | train reward: -43.67 | best: -43.52 | KL: 1.381e-05 | std: 0.5964 | rollout: 5.009s | update: 0.173s | total: 5.181s | samples/s: 12352
Iteration 0239 | train reward: -39.44 | best: -39.44 | KL: 1.607e-05 | std: 0.5964 | rollout: 5.033s | update: 0.161s | total: 5.195s | samples/s: 12320
Iteration 0240 | train reward: -46.35 | best: -39.44 | KL: 1.335e-05 | std: 0.5964 | rollout: 5.209s | update: 0.159s | total: 5.368s | samples/s: 11922
Iteration 0241 | train reward: -40.27 | best: -39.44 | KL: 1.338e-05 | std: 0.5964 | rollout: 4.906s | update: 0.169s | total: 5.075s | samples/s: 12612
Iteration 0242 | train reward: -41.60 | best: -39.44 | KL: 1.698e-05 | std: 0.5964 | rollout: 4.908s | update: 0.184s | total: 5.092s | samples/s: 12568
Iteration 0243 | train reward: -47.98 | best: -39.44 | KL: 1.731e-05 | std: 0.5964 | rollout: 4.865s | update: 0.142s | total: 5.007s | samples/s: 12783
Iteration 0244 | train reward: -43.86 | best: -39.44 | KL: 1.328e-05 | std: 0.5963 | rollout: 4.917s | update: 0.207s | total: 5.123s | samples/s: 12492
Iteration 0245 | train reward: -46.07 | best: -39.44 | KL: 1.375e-05 | std: 0.5963 | rollout: 4.975s | update: 0.181s | total: 5.156s | samples/s: 12413
Iteration 0246 | train reward: -44.38 | best: -39.44 | KL: 1.607e-05 | std: 0.5963 | rollout: 4.914s | update: 0.155s | total: 5.069s | samples/s: 12626
Iteration 0247 | train reward: -40.96 | best: -39.44 | KL: 1.438e-05 | std: 0.5962 | rollout: 4.960s | update: 0.150s | total: 5.110s | samples/s: 12525
Iteration 0248 | train reward: -41.95 | best: -39.44 | KL: 1.678e-05 | std: 0.5962 | rollout: 5.009s | update: 0.152s | total: 5.161s | samples/s: 12400
Iteration 0249 | train reward: -40.33 | best: -39.44 | KL: 1.262e-05 | std: 0.5958 | rollout: 4.943s | update: 0.158s | total: 5.101s | samples/s: 12545
Iteration 0250 | train reward: -42.12 | best: -39.44 | KL: 1.783e-05 | std: 0.5958 | rollout: 4.896s | update: 0.158s | total: 5.054s | samples/s: 12663
Iteration 0251 | train reward: -44.55 | best: -39.44 | KL: 1.202e-05 | std: 0.5958 | rollout: 5.076s | update: 0.156s | total: 5.232s | samples/s: 12232
Iteration 0252 | train reward: -42.08 | best: -39.44 | KL: 1.155e-05 | std: 0.5958 | rollout: 5.126s | update: 0.141s | total: 5.267s | samples/s: 12151
Iteration 0253 | train reward: -34.12 | best: -34.12 | KL: 1.300e-05 | std: 0.5958 | rollout: 4.916s | update: 0.164s | total: 5.080s | samples/s: 12597
Iteration 0254 | train reward: -36.02 | best: -34.12 | KL: 1.513e-05 | std: 0.5956 | rollout: 4.918s | update: 0.154s | total: 5.072s | samples/s: 12619
Iteration 0255 | train reward: -41.14 | best: -34.12 | KL: 1.616e-05 | std: 0.5956 | rollout: 5.069s | update: 0.164s | total: 5.233s | samples/s: 12230
Iteration 0256 | train reward: -42.78 | best: -34.12 | KL: 1.695e-05 | std: 0.5956 | rollout: 4.885s | update: 0.146s | total: 5.031s | samples/s: 12721
Iteration 0257 | train reward: -38.56 | best: -34.12 | KL: 1.455e-05 | std: 0.5945 | rollout: 4.985s | update: 0.153s | total: 5.138s | samples/s: 12456
Iteration 0258 | train reward: -36.63 | best: -34.12 | KL: 1.374e-05 | std: 0.5945 | rollout: 4.848s | update: 0.158s | total: 5.007s | samples/s: 12783
Iteration 0259 | train reward: -34.17 | best: -34.12 | KL: 1.493e-05 | std: 0.5945 | rollout: 5.167s | update: 0.163s | total: 5.331s | samples/s: 12006
Iteration 0260 | train reward: -38.97 | best: -34.12 | KL: 1.231e-05 | std: 0.5945 | rollout: 5.111s | update: 0.149s | total: 5.260s | samples/s: 12166
Iteration 0261 | train reward: -36.34 | best: -34.12 | KL: 1.462e-05 | std: 0.5944 | rollout: 4.984s | update: 0.172s | total: 5.156s | samples/s: 12413
Iteration 0262 | train reward: -38.52 | best: -34.12 | KL: 1.311e-05 | std: 0.5943 | rollout: 4.922s | update: 0.157s | total: 5.079s | samples/s: 12602
Iteration 0263 | train reward: -41.51 | best: -34.12 | KL: 1.304e-05 | std: 0.5943 | rollout: 5.053s | update: 0.223s | total: 5.276s | samples/s: 12131
Iteration 0264 | train reward: -33.75 | best: -33.75 | KL: 1.320e-05 | std: 0.5943 | rollout: 5.115s | update: 0.158s | total: 5.273s | samples/s: 12138
Iteration 0265 | train reward: -35.50 | best: -33.75 | KL: 1.549e-05 | std: 0.5939 | rollout: 4.885s | update: 0.205s | total: 5.091s | samples/s: 12572
Iteration 0266 | train reward: -33.88 | best: -33.75 | KL: 1.354e-05 | std: 0.5939 | rollout: 5.192s | update: 0.152s | total: 5.344s | samples/s: 11977
Iteration 0267 | train reward: -30.05 | best: -30.05 | KL: 1.497e-05 | std: 0.5939 | rollout: 5.188s | update: 0.151s | total: 5.338s | samples/s: 11989
Iteration 0268 | train reward: -35.98 | best: -30.05 | KL: 1.541e-05 | std: 0.5939 | rollout: 5.080s | update: 0.151s | total: 5.231s | samples/s: 12236
Iteration 0269 | train reward: -35.72 | best: -30.05 | KL: 1.220e-05 | std: 0.5939 | rollout: 5.172s | update: 0.163s | total: 5.335s | samples/s: 11996
Iteration 0270 | train reward: -38.16 | best: -30.05 | KL: 1.236e-05 | std: 0.5939 | rollout: 4.920s | update: 0.152s | total: 5.073s | samples/s: 12617
Iteration 0271 | train reward: -31.57 | best: -30.05 | KL: 1.285e-05 | std: 0.5939 | rollout: 4.847s | update: 0.154s | total: 5.002s | samples/s: 12796
Iteration 0272 | train reward: -36.38 | best: -30.05 | KL: 1.494e-05 | std: 0.5938 | rollout: 4.868s | update: 0.147s | total: 5.015s | samples/s: 12761
Iteration 0273 | train reward: -34.60 | best: -30.05 | KL: 1.379e-05 | std: 0.5938 | rollout: 5.070s | update: 0.169s | total: 5.239s | samples/s: 12217
Iteration 0274 | train reward: -31.08 | best: -30.05 | KL: 1.270e-05 | std: 0.5938 | rollout: 5.114s | update: 0.157s | total: 5.271s | samples/s: 12141
Iteration 0275 | train reward: -30.79 | best: -30.05 | KL: 1.640e-05 | std: 0.5938 | rollout: 4.983s | update: 0.159s | total: 5.142s | samples/s: 12447
Iteration 0276 | train reward: -34.96 | best: -30.05 | KL: 1.681e-05 | std: 0.5938 | rollout: 5.068s | update: 0.203s | total: 5.270s | samples/s: 12143
Iteration 0277 | train reward: -30.35 | best: -30.05 | KL: 1.144e-05 | std: 0.5938 | rollout: 4.760s | update: 0.165s | total: 4.925s | samples/s: 12996
Iteration 0278 | train reward: -32.55 | best: -30.05 | KL: 1.349e-05 | std: 0.5937 | rollout: 5.034s | update: 0.153s | total: 5.188s | samples/s: 12337
Iteration 0279 | train reward: -25.79 | best: -25.79 | KL: 1.499e-05 | std: 0.5937 | rollout: 4.955s | update: 0.210s | total: 5.166s | samples/s: 12390
Iteration 0280 | train reward: -30.78 | best: -25.79 | KL: 1.442e-05 | std: 0.5937 | rollout: 4.925s | update: 0.145s | total: 5.070s | samples/s: 12622
Iteration 0281 | train reward: -31.02 | best: -25.79 | KL: 1.425e-05 | std: 0.5936 | rollout: 5.127s | update: 0.148s | total: 5.275s | samples/s: 12133
Iteration 0282 | train reward: -31.83 | best: -25.79 | KL: 1.471e-05 | std: 0.5936 | rollout: 4.927s | update: 0.157s | total: 5.084s | samples/s: 12588
Iteration 0283 | train reward: -38.13 | best: -25.79 | KL: 1.337e-05 | std: 0.5936 | rollout: 4.970s | update: 0.182s | total: 5.152s | samples/s: 12422
Iteration 0284 | train reward: -27.43 | best: -25.79 | KL: 1.261e-05 | std: 0.5936 | rollout: 4.832s | update: 0.229s | total: 5.061s | samples/s: 12646
Iteration 0285 | train reward: -29.08 | best: -25.79 | KL: 1.462e-05 | std: 0.5936 | rollout: 5.288s | update: 0.238s | total: 5.526s | samples/s: 11582
Iteration 0286 | train reward: -29.53 | best: -25.79 | KL: 1.182e-05 | std: 0.5932 | rollout: 5.165s | update: 0.162s | total: 5.326s | samples/s: 12016
Iteration 0287 | train reward: -30.26 | best: -25.79 | KL: 1.799e-05 | std: 0.5932 | rollout: 4.972s | update: 0.153s | total: 5.125s | samples/s: 12487
Iteration 0288 | train reward: -28.23 | best: -25.79 | KL: 1.157e-05 | std: 0.5932 | rollout: 5.017s | update: 0.151s | total: 5.168s | samples/s: 12384
Iteration 0289 | train reward: -38.54 | best: -25.79 | KL: 1.175e-05 | std: 0.5932 | rollout: 5.422s | update: 0.193s | total: 5.616s | samples/s: 11397
Iteration 0290 | train reward: -33.31 | best: -25.79 | KL: 1.282e-05 | std: 0.5932 | rollout: 5.746s | update: 0.174s | total: 5.920s | samples/s: 10811
Iteration 0291 | train reward: -30.04 | best: -25.79 | KL: 1.222e-05 | std: 0.5931 | rollout: 6.065s | update: 0.162s | total: 6.226s | samples/s: 10279
Iteration 0292 | train reward: -26.56 | best: -25.79 | KL: 1.379e-05 | std: 0.5930 | rollout: 5.878s | update: 0.171s | total: 6.049s | samples/s: 10580
Iteration 0293 | train reward: -24.08 | best: -24.08 | KL: 1.294e-05 | std: 0.5930 | rollout: 5.472s | update: 0.159s | total: 5.631s | samples/s: 11365
Iteration 0294 | train reward: -26.09 | best: -24.08 | KL: 1.278e-05 | std: 0.5930 | rollout: 4.924s | update: 0.149s | total: 5.074s | samples/s: 12614
Iteration 0295 | train reward: -27.26 | best: -24.08 | KL: 1.158e-05 | std: 0.5930 | rollout: 5.048s | update: 0.222s | total: 5.270s | samples/s: 12144
Iteration 0296 | train reward: -33.58 | best: -24.08 | KL: 1.457e-05 | std: 0.5919 | rollout: 4.981s | update: 0.152s | total: 5.134s | samples/s: 12466
Iteration 0297 | train reward: -31.66 | best: -24.08 | KL: 1.742e-05 | std: 0.5919 | rollout: 5.142s | update: 0.178s | total: 5.320s | samples/s: 12030
Iteration 0298 | train reward: -30.64 | best: -24.08 | KL: 1.241e-05 | std: 0.5919 | rollout: 4.858s | update: 0.157s | total: 5.015s | samples/s: 12762
Iteration 0299 | train reward: -23.42 | best: -23.42 | KL: 1.255e-05 | std: 0.5919 | rollout: 5.117s | update: 0.170s | total: 5.287s | samples/s: 12105
Iteration 0300 | train reward: -29.27 | best: -23.42 | KL: 1.333e-05 | std: 0.5919 | rollout: 5.415s | update: 0.455s | total: 5.870s | samples/s: 10903
Iteration 0301 | train reward: -26.08 | best: -23.42 | KL: 1.338e-05 | std: 0.5917 | rollout: 5.511s | update: 0.294s | total: 5.805s | samples/s: 11025
Iteration 0302 | train reward: -24.61 | best: -23.42 | KL: 1.605e-05 | std: 0.5917 | rollout: 5.099s | update: 0.154s | total: 5.253s | samples/s: 12184
Iteration 0303 | train reward: -20.31 | best: -20.31 | KL: 1.365e-05 | std: 0.5917 | rollout: 4.945s | update: 0.234s | total: 5.179s | samples/s: 12358
Iteration 0304 | train reward: -19.85 | best: -19.85 | KL: 1.413e-05 | std: 0.5917 | rollout: 5.004s | update: 0.160s | total: 5.164s | samples/s: 12394
Iteration 0305 | train reward: -28.33 | best: -19.85 | KL: 1.526e-05 | std: 0.5913 | rollout: 4.946s | update: 0.157s | total: 5.103s | samples/s: 12542
Iteration 0306 | train reward: -30.38 | best: -19.85 | KL: 1.368e-05 | std: 0.5913 | rollout: 4.919s | update: 0.149s | total: 5.068s | samples/s: 12628
Iteration 0307 | train reward: -19.53 | best: -19.53 | KL: 1.494e-05 | std: 0.5913 | rollout: 4.852s | update: 0.159s | total: 5.010s | samples/s: 12774
Iteration 0308 | train reward: -22.02 | best: -19.53 | KL: 1.330e-05 | std: 0.5913 | rollout: 5.050s | update: 0.152s | total: 5.203s | samples/s: 12302
Iteration 0309 | train reward: -31.81 | best: -19.53 | KL: 1.426e-05 | std: 0.5912 | rollout: 4.726s | update: 0.192s | total: 4.918s | samples/s: 13013
Iteration 0310 | train reward: -23.90 | best: -19.53 | KL: 1.109e-05 | std: 0.5912 | rollout: 4.967s | update: 0.155s | total: 5.122s | samples/s: 12496
Iteration 0311 | train reward: -18.09 | best: -18.09 | KL: 1.071e-05 | std: 0.5912 | rollout: 5.051s | update: 0.162s | total: 5.212s | samples/s: 12279
Iteration 0312 | train reward: -14.17 | best: -14.17 | KL: 1.351e-05 | std: 0.5912 | rollout: 5.376s | update: 0.186s | total: 5.563s | samples/s: 11505
Iteration 0313 | train reward: -19.63 | best: -14.17 | KL: 1.780e-05 | std: 0.5911 | rollout: 5.392s | update: 0.275s | total: 5.668s | samples/s: 11292
Iteration 0314 | train reward: -27.94 | best: -14.17 | KL: 1.290e-05 | std: 0.5911 | rollout: 4.875s | update: 0.169s | total: 5.044s | samples/s: 12689
Iteration 0315 | train reward: -24.53 | best: -14.17 | KL: 1.520e-05 | std: 0.5911 | rollout: 4.884s | update: 0.146s | total: 5.030s | samples/s: 12725
Iteration 0316 | train reward: -25.43 | best: -14.17 | KL: 1.239e-05 | std: 0.5911 | rollout: 4.853s | update: 0.166s | total: 5.019s | samples/s: 12751
Iteration 0317 | train reward: -21.30 | best: -14.17 | KL: 1.304e-05 | std: 0.5911 | rollout: 5.019s | update: 0.158s | total: 5.177s | samples/s: 12362
Iteration 0318 | train reward: -17.09 | best: -14.17 | KL: 1.370e-05 | std: 0.5910 | rollout: 5.151s | update: 0.143s | total: 5.294s | samples/s: 12089
Iteration 0319 | train reward: -23.42 | best: -14.17 | KL: 1.355e-05 | std: 0.5910 | rollout: 4.971s | update: 0.140s | total: 5.111s | samples/s: 12522
Iteration 0320 | train reward: -19.07 | best: -14.17 | KL: 1.301e-05 | std: 0.5910 | rollout: 5.011s | update: 0.178s | total: 5.190s | samples/s: 12332
Iteration 0321 | train reward: -27.81 | best: -14.17 | KL: 1.475e-05 | std: 0.5910 | rollout: 4.936s | update: 0.157s | total: 5.093s | samples/s: 12567
Iteration 0322 | train reward: -21.16 | best: -14.17 | KL: 1.429e-05 | std: 0.5910 | rollout: 5.081s | update: 0.134s | total: 5.215s | samples/s: 12271
Iteration 0323 | train reward: -23.07 | best: -14.17 | KL: 1.490e-05 | std: 0.5910 | rollout: 5.079s | update: 0.140s | total: 5.219s | samples/s: 12264
Iteration 0324 | train reward: -17.27 | best: -14.17 | KL: 1.150e-05 | std: 0.5910 | rollout: 4.966s | update: 0.150s | total: 5.116s | samples/s: 12511
Iteration 0325 | train reward: -17.05 | best: -14.17 | KL: 1.407e-05 | std: 0.5910 | rollout: 5.068s | update: 0.213s | total: 5.281s | samples/s: 12120
Iteration 0326 | train reward: -25.38 | best: -14.17 | KL: 1.828e-05 | std: 0.5910 | rollout: 5.246s | update: 0.145s | total: 5.391s | samples/s: 11871
Iteration 0327 | train reward: -19.84 | best: -14.17 | KL: 1.215e-05 | std: 0.5910 | rollout: 4.954s | update: 0.159s | total: 5.113s | samples/s: 12517
Iteration 0328 | train reward: -17.13 | best: -14.17 | KL: 1.646e-05 | std: 0.5906 | rollout: 5.211s | update: 0.199s | total: 5.410s | samples/s: 11830
Iteration 0329 | train reward: -14.21 | best: -14.17 | KL: 1.250e-05 | std: 0.5906 | rollout: 5.134s | update: 0.215s | total: 5.349s | samples/s: 11965
Iteration 0330 | train reward: -25.74 | best: -14.17 | KL: 1.160e-05 | std: 0.5906 | rollout: 4.746s | update: 0.182s | total: 4.928s | samples/s: 12987
Iteration 0331 | train reward: -12.83 | best: -12.83 | KL: 1.323e-05 | std: 0.5906 | rollout: 5.024s | update: 0.277s | total: 5.301s | samples/s: 12072
Iteration 0332 | train reward: -11.32 | best: -11.32 | KL: 1.519e-05 | std: 0.5906 | rollout: 5.022s | update: 0.155s | total: 5.178s | samples/s: 12361
Iteration 0333 | train reward: -15.63 | best: -11.32 | KL: 1.500e-05 | std: 0.5905 | rollout: 4.969s | update: 0.148s | total: 5.117s | samples/s: 12508
Iteration 0334 | train reward: -16.18 | best: -11.32 | KL: 1.394e-05 | std: 0.5905 | rollout: 5.019s | update: 0.150s | total: 5.168s | samples/s: 12383
Iteration 0335 | train reward: -11.97 | best: -11.32 | KL: 1.192e-05 | std: 0.5905 | rollout: 5.107s | update: 0.159s | total: 5.267s | samples/s: 12151
Iteration 0336 | train reward: -18.80 | best: -11.32 | KL: 1.272e-05 | std: 0.5905 | rollout: 5.276s | update: 0.161s | total: 5.438s | samples/s: 11770
Iteration 0337 | train reward: -12.90 | best: -11.32 | KL: 1.419e-05 | std: 0.5904 | rollout: 5.121s | update: 0.234s | total: 5.355s | samples/s: 11952
Iteration 0338 | train reward: -17.74 | best: -11.32 | KL: 1.412e-05 | std: 0.5904 | rollout: 5.003s | update: 0.151s | total: 5.155s | samples/s: 12416
Iteration 0339 | train reward: -17.69 | best: -11.32 | KL: 1.287e-05 | std: 0.5904 | rollout: 4.966s | update: 0.200s | total: 5.167s | samples/s: 12387
Iteration 0340 | train reward: -17.27 | best: -11.32 | KL: 1.319e-05 | std: 0.5904 | rollout: 5.112s | update: 0.159s | total: 5.271s | samples/s: 12142
Iteration 0341 | train reward: -14.59 | best: -11.32 | KL: 1.304e-05 | std: 0.5904 | rollout: 5.189s | update: 0.222s | total: 5.411s | samples/s: 11828
Iteration 0342 | train reward: -9.18 | best: -9.18 | KL: 1.426e-05 | std: 0.5904 | rollout: 5.238s | update: 0.153s | total: 5.390s | samples/s: 11873
Iteration 0343 | train reward: -16.47 | best: -9.18 | KL: 1.321e-05 | std: 0.5893 | rollout: 4.859s | update: 0.149s | total: 5.009s | samples/s: 12778
Iteration 0344 | train reward: -14.09 | best: -9.18 | KL: 1.445e-05 | std: 0.5893 | rollout: 4.933s | update: 0.182s | total: 5.115s | samples/s: 12512
Iteration 0345 | train reward: -19.67 | best: -9.18 | KL: 1.448e-05 | std: 0.5892 | rollout: 5.288s | update: 0.333s | total: 5.621s | samples/s: 11385
Iteration 0346 | train reward: -14.09 | best: -9.18 | KL: 1.659e-05 | std: 0.5891 | rollout: 5.881s | update: 0.225s | total: 6.106s | samples/s: 10482
Iteration 0347 | train reward: -11.91 | best: -9.18 | KL: 1.235e-05 | std: 0.5891 | rollout: 5.567s | update: 0.395s | total: 5.962s | samples/s: 10735
Iteration 0348 | train reward: -14.72 | best: -9.18 | KL: 1.418e-05 | std: 0.5887 | rollout: 5.826s | update: 0.347s | total: 6.173s | samples/s: 10367
Iteration 0349 | train reward: -17.87 | best: -9.18 | KL: 1.355e-05 | std: 0.5887 | rollout: 5.295s | update: 0.225s | total: 5.521s | samples/s: 11593
Iteration 0350 | train reward: -12.01 | best: -9.18 | KL: 1.242e-05 | std: 0.5887 | rollout: 5.808s | update: 0.172s | total: 5.979s | samples/s: 10704
Iteration 0351 | train reward: -10.21 | best: -9.18 | KL: 1.538e-05 | std: 0.5887 | rollout: 5.251s | update: 0.135s | total: 5.385s | samples/s: 11884
Iteration 0352 | train reward: -10.75 | best: -9.18 | KL: 1.126e-05 | std: 0.5887 | rollout: 4.836s | update: 0.137s | total: 4.973s | samples/s: 12870
Iteration 0353 | train reward: -16.50 | best: -9.18 | KL: 1.266e-05 | std: 0.5886 | rollout: 4.958s | update: 0.174s | total: 5.132s | samples/s: 12470
Iteration 0354 | train reward: -10.57 | best: -9.18 | KL: 1.311e-05 | std: 0.5887 | rollout: 5.061s | update: 0.178s | total: 5.239s | samples/s: 12217
Iteration 0355 | train reward: -13.90 | best: -9.18 | KL: 1.652e-05 | std: 0.5886 | rollout: 5.018s | update: 0.180s | total: 5.199s | samples/s: 12311
Iteration 0356 | train reward: -14.04 | best: -9.18 | KL: 1.234e-05 | std: 0.5886 | rollout: 5.850s | update: 0.267s | total: 6.117s | samples/s: 10462
Iteration 0357 | train reward: -9.20 | best: -9.18 | KL: 1.295e-05 | std: 0.5885 | rollout: 6.833s | update: 0.370s | total: 7.203s | samples/s: 8885
Iteration 0358 | train reward: -10.52 | best: -9.18 | KL: 1.722e-05 | std: 0.5885 | rollout: 5.208s | update: 0.388s | total: 5.596s | samples/s: 11437
Iteration 0359 | train reward: -16.15 | best: -9.18 | KL: 1.364e-05 | std: 0.5885 | rollout: 4.816s | update: 0.229s | total: 5.046s | samples/s: 12684
Iteration 0360 | train reward: -6.42 | best: -6.42 | KL: 1.520e-05 | std: 0.5885 | rollout: 5.014s | update: 0.157s | total: 5.171s | samples/s: 12376
Iteration 0361 | train reward: -10.27 | best: -6.42 | KL: 1.166e-05 | std: 0.5885 | rollout: 5.131s | update: 0.201s | total: 5.332s | samples/s: 12002
Iteration 0362 | train reward: -10.23 | best: -6.42 | KL: 1.629e-05 | std: 0.5884 | rollout: 5.967s | update: 0.289s | total: 6.256s | samples/s: 10230
Iteration 0363 | train reward: -11.43 | best: -6.42 | KL: 1.356e-05 | std: 0.5884 | rollout: 5.277s | update: 0.159s | total: 5.435s | samples/s: 11775
Iteration 0364 | train reward: -14.37 | best: -6.42 | KL: 1.191e-05 | std: 0.5884 | rollout: 5.152s | update: 0.173s | total: 5.324s | samples/s: 12020
Iteration 0365 | train reward: -8.27 | best: -6.42 | KL: 1.355e-05 | std: 0.5884 | rollout: 5.503s | update: 0.364s | total: 5.867s | samples/s: 10909
Iteration 0366 | train reward: -7.38 | best: -6.42 | KL: 1.261e-05 | std: 0.5880 | rollout: 5.540s | update: 0.186s | total: 5.727s | samples/s: 11175
Iteration 0367 | train reward: -1.67 | best: -1.67 | KL: 1.169e-05 | std: 0.5880 | rollout: 5.077s | update: 0.276s | total: 5.353s | samples/s: 11956
Iteration 0368 | train reward: -5.40 | best: -1.67 | KL: 1.292e-05 | std: 0.5879 | rollout: 5.134s | update: 0.199s | total: 5.333s | samples/s: 12001
Iteration 0369 | train reward: -11.48 | best: -1.67 | KL: 1.453e-05 | std: 0.5879 | rollout: 5.524s | update: 0.223s | total: 5.747s | samples/s: 11136
Iteration 0370 | train reward: -3.79 | best: -1.67 | KL: 1.405e-05 | std: 0.5879 | rollout: 5.277s | update: 0.220s | total: 5.497s | samples/s: 11643
Iteration 0371 | train reward: -8.93 | best: -1.67 | KL: 1.376e-05 | std: 0.5879 | rollout: 5.086s | update: 0.224s | total: 5.310s | samples/s: 12053
Iteration 0372 | train reward: -4.86 | best: -1.67 | KL: 1.323e-05 | std: 0.5878 | rollout: 5.268s | update: 0.273s | total: 5.541s | samples/s: 11551
Iteration 0373 | train reward: -6.35 | best: -1.67 | KL: 1.622e-05 | std: 0.5878 | rollout: 5.089s | update: 0.290s | total: 5.379s | samples/s: 11899
Iteration 0374 | train reward: -4.74 | best: -1.67 | KL: 1.345e-05 | std: 0.5878 | rollout: 5.115s | update: 0.168s | total: 5.282s | samples/s: 12116
Iteration 0375 | train reward: -5.71 | best: -1.67 | KL: 1.305e-05 | std: 0.5878 | rollout: 5.439s | update: 0.223s | total: 5.662s | samples/s: 11303
Iteration 0376 | train reward: -5.38 | best: -1.67 | KL: 1.506e-05 | std: 0.5878 | rollout: 5.082s | update: 0.233s | total: 5.315s | samples/s: 12041
Iteration 0377 | train reward: -1.78 | best: -1.67 | KL: 1.340e-05 | std: 0.5878 | rollout: 5.646s | update: 0.439s | total: 6.085s | samples/s: 10519
Iteration 0378 | train reward: -9.62 | best: -1.67 | KL: 1.458e-05 | std: 0.5867 | rollout: 5.206s | update: 0.297s | total: 5.504s | samples/s: 11629
Iteration 0379 | train reward: -5.89 | best: -1.67 | KL: 1.238e-05 | std: 0.5867 | rollout: 5.844s | update: 0.229s | total: 6.073s | samples/s: 10538
Iteration 0380 | train reward: 2.76 | best: 2.76 | KL: 1.594e-05 | std: 0.5867 | rollout: 5.375s | update: 0.175s | total: 5.550s | samples/s: 11532
Iteration 0381 | train reward: 0.46 | best: 2.76 | KL: 1.507e-05 | std: 0.5867 | rollout: 5.467s | update: 0.215s | total: 5.682s | samples/s: 11264
Iteration 0382 | train reward: -1.21 | best: 2.76 | KL: 1.469e-05 | std: 0.5867 | rollout: 4.998s | update: 0.153s | total: 5.152s | samples/s: 12423
Iteration 0383 | train reward: -0.13 | best: 2.76 | KL: 1.247e-05 | std: 0.5866 | rollout: 5.146s | update: 0.189s | total: 5.335s | samples/s: 11996
Iteration 0384 | train reward: -2.19 | best: 2.76 | KL: 1.437e-05 | std: 0.5866 | rollout: 5.198s | update: 0.165s | total: 5.363s | samples/s: 11933
Iteration 0385 | train reward: 1.28 | best: 2.76 | KL: 1.244e-05 | std: 0.5866 | rollout: 5.372s | update: 0.151s | total: 5.523s | samples/s: 11588
Iteration 0386 | train reward: -9.72 | best: 2.76 | KL: 1.407e-05 | std: 0.5865 | rollout: 5.160s | update: 0.380s | total: 5.540s | samples/s: 11553
Iteration 0387 | train reward: 1.71 | best: 2.76 | KL: 1.397e-05 | std: 0.5865 | rollout: 5.430s | update: 0.241s | total: 5.671s | samples/s: 11286
Iteration 0388 | train reward: -0.10 | best: 2.76 | KL: 1.388e-05 | std: 0.5865 | rollout: 5.118s | update: 0.158s | total: 5.276s | samples/s: 12130
Iteration 0389 | train reward: 0.31 | best: 2.76 | KL: 1.536e-05 | std: 0.5865 | rollout: 5.234s | update: 0.187s | total: 5.421s | samples/s: 11807
Iteration 0390 | train reward: -2.99 | best: 2.76 | KL: 1.400e-05 | std: 0.5861 | rollout: 5.301s | update: 0.186s | total: 5.487s | samples/s: 11665
Iteration 0391 | train reward: 6.56 | best: 6.56 | KL: 1.586e-05 | std: 0.5861 | rollout: 4.924s | update: 0.197s | total: 5.121s | samples/s: 12497
Iteration 0392 | train reward: -6.97 | best: 6.56 | KL: 1.446e-05 | std: 0.5861 | rollout: 5.271s | update: 0.193s | total: 5.464s | samples/s: 11713
Iteration 0393 | train reward: -1.08 | best: 6.56 | KL: 1.367e-05 | std: 0.5861 | rollout: 5.744s | update: 0.252s | total: 5.997s | samples/s: 10673
Iteration 0394 | train reward: -1.78 | best: 6.56 | KL: 1.407e-05 | std: 0.5860 | rollout: 5.071s | update: 0.166s | total: 5.237s | samples/s: 12220
Iteration 0395 | train reward: -1.37 | best: 6.56 | KL: 1.275e-05 | std: 0.5860 | rollout: 5.021s | update: 0.241s | total: 5.262s | samples/s: 12164
Iteration 0396 | train reward: -1.47 | best: 6.56 | KL: 1.522e-05 | std: 0.5859 | rollout: 5.083s | update: 0.219s | total: 5.301s | samples/s: 12072
Iteration 0397 | train reward: 2.41 | best: 6.56 | KL: 1.479e-05 | std: 0.5859 | rollout: 5.950s | update: 0.362s | total: 6.312s | samples/s: 10139
Iteration 0398 | train reward: 9.30 | best: 9.30 | KL: 1.763e-05 | std: 0.5859 | rollout: 6.210s | update: 0.327s | total: 6.537s | samples/s: 9790
Iteration 0399 | train reward: 3.24 | best: 9.30 | KL: 1.417e-05 | std: 0.5859 | rollout: 5.348s | update: 0.364s | total: 5.712s | samples/s: 11205
Iteration 0400 | train reward: -3.99 | best: 9.30 | KL: 1.523e-05 | std: 0.5859 | rollout: 5.502s | update: 0.285s | total: 5.787s | samples/s: 11060
Iteration 0401 | train reward: 7.27 | best: 9.30 | KL: 1.456e-05 | std: 0.5859 | rollout: 5.067s | update: 0.172s | total: 5.238s | samples/s: 12218
Iteration 0402 | train reward: 0.60 | best: 9.30 | KL: 1.212e-05 | std: 0.5858 | rollout: 5.042s | update: 0.148s | total: 5.190s | samples/s: 12332
Iteration 0403 | train reward: 9.94 | best: 9.94 | KL: 1.354e-05 | std: 0.5858 | rollout: 5.100s | update: 0.212s | total: 5.311s | samples/s: 12050
Iteration 0404 | train reward: 5.27 | best: 9.94 | KL: 1.732e-05 | std: 0.5857 | rollout: 5.120s | update: 0.230s | total: 5.349s | samples/s: 11964
Iteration 0405 | train reward: 5.39 | best: 9.94 | KL: 1.556e-05 | std: 0.5857 | rollout: 6.102s | update: 0.207s | total: 6.309s | samples/s: 10145
Iteration 0406 | train reward: 5.11 | best: 9.94 | KL: 2.180e-05 | std: 0.5853 | rollout: 5.269s | update: 0.175s | total: 5.444s | samples/s: 11756
Iteration 0407 | train reward: 5.93 | best: 9.94 | KL: 1.563e-05 | std: 0.5853 | rollout: 5.076s | update: 0.274s | total: 5.351s | samples/s: 11961
Iteration 0408 | train reward: 3.29 | best: 9.94 | KL: 1.525e-05 | std: 0.5852 | rollout: 5.051s | update: 0.303s | total: 5.354s | samples/s: 11954
Iteration 0409 | train reward: 8.50 | best: 9.94 | KL: 1.271e-05 | std: 0.5852 | rollout: 5.034s | update: 0.159s | total: 5.193s | samples/s: 12324
Iteration 0410 | train reward: 12.17 | best: 12.17 | KL: 2.027e-05 | std: 0.5852 | rollout: 5.088s | update: 0.173s | total: 5.261s | samples/s: 12164
Iteration 0411 | train reward: 7.75 | best: 12.17 | KL: 1.239e-05 | std: 0.5852 | rollout: 5.430s | update: 0.322s | total: 5.752s | samples/s: 11127
Iteration 0412 | train reward: 11.16 | best: 12.17 | KL: 1.675e-05 | std: 0.5852 | rollout: 5.151s | update: 0.232s | total: 5.383s | samples/s: 11890
Iteration 0413 | train reward: 3.74 | best: 12.17 | KL: 1.710e-05 | std: 0.5852 | rollout: 5.036s | update: 0.230s | total: 5.267s | samples/s: 12152
Iteration 0414 | train reward: 10.84 | best: 12.17 | KL: 1.245e-05 | std: 0.5852 | rollout: 4.926s | update: 0.195s | total: 5.121s | samples/s: 12498
Iteration 0415 | train reward: 11.66 | best: 12.17 | KL: 1.559e-05 | std: 0.5852 | rollout: 4.918s | update: 0.175s | total: 5.093s | samples/s: 12567
Iteration 0416 | train reward: 11.21 | best: 12.17 | KL: 1.580e-05 | std: 0.5852 | rollout: 5.049s | update: 0.244s | total: 5.293s | samples/s: 12091
Iteration 0417 | train reward: 10.85 | best: 12.17 | KL: 1.224e-05 | std: 0.5841 | rollout: 5.369s | update: 0.247s | total: 5.617s | samples/s: 11395
Iteration 0418 | train reward: 8.15 | best: 12.17 | KL: 1.679e-05 | std: 0.5841 | rollout: 5.532s | update: 0.230s | total: 5.762s | samples/s: 11107
Iteration 0419 | train reward: 7.78 | best: 12.17 | KL: 1.774e-05 | std: 0.5840 | rollout: 4.922s | update: 0.155s | total: 5.077s | samples/s: 12607
Iteration 0420 | train reward: 13.55 | best: 13.55 | KL: 1.424e-05 | std: 0.5840 | rollout: 5.021s | update: 0.239s | total: 5.260s | samples/s: 12167
Iteration 0421 | train reward: 8.17 | best: 13.55 | KL: 1.250e-05 | std: 0.5839 | rollout: 5.179s | update: 0.159s | total: 5.337s | samples/s: 11991
Iteration 0422 | train reward: 10.74 | best: 13.55 | KL: 1.698e-05 | std: 0.5839 | rollout: 5.165s | update: 0.280s | total: 5.445s | samples/s: 11753
Iteration 0423 | train reward: 15.07 | best: 15.07 | KL: 1.638e-05 | std: 0.5839 | rollout: 4.792s | update: 0.259s | total: 5.051s | samples/s: 12671
Iteration 0424 | train reward: 12.04 | best: 15.07 | KL: 1.450e-05 | std: 0.5839 | rollout: 4.816s | update: 0.244s | total: 5.060s | samples/s: 12648
Iteration 0425 | train reward: 15.89 | best: 15.89 | KL: 1.485e-05 | std: 0.5835 | rollout: 4.826s | update: 0.234s | total: 5.059s | samples/s: 12650
Iteration 0426 | train reward: 8.24 | best: 15.89 | KL: 1.713e-05 | std: 0.5835 | rollout: 4.652s | update: 0.166s | total: 4.818s | samples/s: 13282
Iteration 0427 | train reward: 11.05 | best: 15.89 | KL: 1.371e-05 | std: 0.5835 | rollout: 4.768s | update: 0.212s | total: 4.980s | samples/s: 12851
Iteration 0428 | train reward: 12.31 | best: 15.89 | KL: 1.584e-05 | std: 0.5834 | rollout: 4.935s | update: 0.169s | total: 5.104s | samples/s: 12539
Iteration 0429 | train reward: 10.57 | best: 15.89 | KL: 1.615e-05 | std: 0.5834 | rollout: 5.036s | update: 0.156s | total: 5.192s | samples/s: 12327
Iteration 0430 | train reward: 13.38 | best: 15.89 | KL: 2.068e-05 | std: 0.5833 | rollout: 5.261s | update: 0.286s | total: 5.547s | samples/s: 11537
Iteration 0431 | train reward: 11.52 | best: 15.89 | KL: 1.606e-05 | std: 0.5833 | rollout: 5.036s | update: 0.164s | total: 5.200s | samples/s: 12307
Iteration 0432 | train reward: 9.84 | best: 15.89 | KL: 1.667e-05 | std: 0.5833 | rollout: 5.256s | update: 0.177s | total: 5.433s | samples/s: 11780
Iteration 0433 | train reward: 20.66 | best: 20.66 | KL: 1.505e-05 | std: 0.5833 | rollout: 5.056s | update: 0.155s | total: 5.211s | samples/s: 12282
Iteration 0434 | train reward: 11.48 | best: 20.66 | KL: 1.584e-05 | std: 0.5833 | rollout: 5.128s | update: 0.220s | total: 5.348s | samples/s: 11966
Iteration 0435 | train reward: 18.44 | best: 20.66 | KL: 1.997e-05 | std: 0.5833 | rollout: 5.539s | update: 0.250s | total: 5.789s | samples/s: 11056
Iteration 0436 | train reward: 18.95 | best: 20.66 | KL: 1.666e-05 | std: 0.5833 | rollout: 5.652s | update: 0.302s | total: 5.954s | samples/s: 10749
Iteration 0437 | train reward: 22.98 | best: 22.98 | KL: 2.051e-05 | std: 0.5833 | rollout: 5.875s | update: 0.272s | total: 6.146s | samples/s: 10413
Iteration 0438 | train reward: 13.09 | best: 22.98 | KL: 2.107e-05 | std: 0.5833 | rollout: 5.479s | update: 0.183s | total: 5.661s | samples/s: 11305
Iteration 0439 | train reward: 8.87 | best: 22.98 | KL: 1.468e-05 | std: 0.5833 | rollout: 5.153s | update: 0.205s | total: 5.357s | samples/s: 11947
Iteration 0440 | train reward: 15.03 | best: 22.98 | KL: 1.901e-05 | std: 0.5832 | rollout: 5.250s | update: 0.176s | total: 5.426s | samples/s: 11794
Iteration 0441 | train reward: 12.15 | best: 22.98 | KL: 1.720e-05 | std: 0.5832 | rollout: 4.689s | update: 0.207s | total: 4.896s | samples/s: 13072
Iteration 0442 | train reward: 16.22 | best: 22.98 | KL: 1.524e-05 | std: 0.5832 | rollout: 4.907s | update: 0.206s | total: 5.113s | samples/s: 12518
Iteration 0443 | train reward: 10.73 | best: 22.98 | KL: 1.636e-05 | std: 0.5832 | rollout: 5.112s | update: 0.189s | total: 5.301s | samples/s: 12074
Iteration 0444 | train reward: 18.56 | best: 22.98 | KL: 1.547e-05 | std: 0.5828 | rollout: 4.955s | update: 0.181s | total: 5.136s | samples/s: 12461
Iteration 0445 | train reward: 21.61 | best: 22.98 | KL: 1.953e-05 | std: 0.5828 | rollout: 5.180s | update: 0.217s | total: 5.397s | samples/s: 11859
Iteration 0446 | train reward: 16.59 | best: 22.98 | KL: 1.566e-05 | std: 0.5827 | rollout: 5.179s | update: 0.342s | total: 5.521s | samples/s: 11592
Iteration 0447 | train reward: 19.28 | best: 22.98 | KL: 2.138e-05 | std: 0.5827 | rollout: 5.205s | update: 0.239s | total: 5.444s | samples/s: 11755
Iteration 0448 | train reward: 24.29 | best: 24.29 | KL: 1.585e-05 | std: 0.5827 | rollout: 5.032s | update: 0.149s | total: 5.180s | samples/s: 12354
Iteration 0449 | train reward: 20.63 | best: 24.29 | KL: 1.841e-05 | std: 0.5826 | rollout: 5.190s | update: 0.181s | total: 5.371s | samples/s: 11916
Iteration 0450 | train reward: 19.46 | best: 24.29 | KL: 1.703e-05 | std: 0.5826 | rollout: 5.034s | update: 0.202s | total: 5.237s | samples/s: 12222
Iteration 0451 | train reward: 15.85 | best: 24.29 | KL: 1.837e-05 | std: 0.5826 | rollout: 4.949s | update: 0.224s | total: 5.174s | samples/s: 12370
Iteration 0452 | train reward: 28.51 | best: 28.51 | KL: 2.044e-05 | std: 0.5826 | rollout: 5.090s | update: 0.191s | total: 5.281s | samples/s: 12118
Iteration 0453 | train reward: 24.38 | best: 28.51 | KL: 1.870e-05 | std: 0.5815 | rollout: 4.988s | update: 0.162s | total: 5.150s | samples/s: 12426
Iteration 0454 | train reward: 19.41 | best: 28.51 | KL: 1.852e-05 | std: 0.5815 | rollout: 5.136s | update: 0.169s | total: 5.305s | samples/s: 12064
Iteration 0455 | train reward: 19.00 | best: 28.51 | KL: 1.567e-05 | std: 0.5815 | rollout: 5.080s | update: 0.217s | total: 5.298s | samples/s: 12081
Iteration 0456 | train reward: 20.39 | best: 28.51 | KL: 1.581e-05 | std: 0.5815 | rollout: 4.932s | update: 0.175s | total: 5.107s | samples/s: 12532
Iteration 0457 | train reward: 19.77 | best: 28.51 | KL: 1.563e-05 | std: 0.5814 | rollout: 5.821s | update: 0.436s | total: 6.257s | samples/s: 10228
Iteration 0458 | train reward: 29.59 | best: 29.59 | KL: 1.877e-05 | std: 0.5814 | rollout: 6.539s | update: 0.558s | total: 7.097s | samples/s: 9018
Iteration 0459 | train reward: 20.23 | best: 29.59 | KL: 1.631e-05 | std: 0.5813 | rollout: 5.228s | update: 0.234s | total: 5.463s | samples/s: 11716
Iteration 0460 | train reward: 29.06 | best: 29.59 | KL: 2.038e-05 | std: 0.5813 | rollout: 5.079s | update: 0.170s | total: 5.248s | samples/s: 12194
Iteration 0461 | train reward: 27.52 | best: 29.59 | KL: 2.024e-05 | std: 0.5813 | rollout: 5.124s | update: 0.150s | total: 5.274s | samples/s: 12135
Iteration 0462 | train reward: 33.69 | best: 33.69 | KL: 2.376e-05 | std: 0.5813 | rollout: 5.038s | update: 0.174s | total: 5.212s | samples/s: 12279
Iteration 0463 | train reward: 28.14 | best: 33.69 | KL: 1.212e-05 | std: 0.5809 | rollout: 4.866s | update: 0.180s | total: 5.046s | samples/s: 12684
Iteration 0464 | train reward: 29.24 | best: 33.69 | KL: 1.958e-05 | std: 0.5809 | rollout: 4.860s | update: 0.201s | total: 5.061s | samples/s: 12646
Iteration 0465 | train reward: 34.94 | best: 34.94 | KL: 1.540e-05 | std: 0.5809 | rollout: 4.819s | update: 0.191s | total: 5.011s | samples/s: 12773
Iteration 0466 | train reward: 27.22 | best: 34.94 | KL: 1.613e-05 | std: 0.5809 | rollout: 5.144s | update: 0.217s | total: 5.361s | samples/s: 11938
Iteration 0467 | train reward: 29.69 | best: 34.94 | KL: 1.638e-05 | std: 0.5809 | rollout: 5.385s | update: 0.235s | total: 5.619s | samples/s: 11389
Iteration 0468 | train reward: 23.00 | best: 34.94 | KL: 1.689e-05 | std: 0.5809 | rollout: 5.505s | update: 0.155s | total: 5.660s | samples/s: 11306
Iteration 0469 | train reward: 28.86 | best: 34.94 | KL: 2.098e-05 | std: 0.5808 | rollout: 4.981s | update: 0.163s | total: 5.144s | samples/s: 12442
Iteration 0470 | train reward: 31.69 | best: 34.94 | KL: 1.970e-05 | std: 0.5807 | rollout: 5.215s | update: 0.182s | total: 5.397s | samples/s: 11858
Iteration 0471 | train reward: 25.48 | best: 34.94 | KL: 2.064e-05 | std: 0.5807 | rollout: 5.076s | update: 0.157s | total: 5.233s | samples/s: 12230
Iteration 0472 | train reward: 32.16 | best: 34.94 | KL: 2.667e-05 | std: 0.5807 | rollout: 4.975s | update: 0.162s | total: 5.138s | samples/s: 12457
Iteration 0473 | train reward: 32.34 | best: 34.94 | KL: 1.822e-05 | std: 0.5807 | rollout: 5.057s | update: 0.159s | total: 5.216s | samples/s: 12270
Iteration 0474 | train reward: 35.64 | best: 35.64 | KL: 1.928e-05 | std: 0.5807 | rollout: 5.098s | update: 0.211s | total: 5.308s | samples/s: 12056
Iteration 0475 | train reward: 32.01 | best: 35.64 | KL: 1.676e-05 | std: 0.5807 | rollout: 4.972s | update: 0.232s | total: 5.204s | samples/s: 12298
Iteration 0476 | train reward: 36.21 | best: 36.21 | KL: 1.694e-05 | std: 0.5806 | rollout: 5.318s | update: 0.173s | total: 5.491s | samples/s: 11655
Iteration 0477 | train reward: 40.58 | best: 40.58 | KL: 1.750e-05 | std: 0.5805 | rollout: 5.021s | update: 0.194s | total: 5.215s | samples/s: 12273
Iteration 0478 | train reward: 41.02 | best: 41.02 | KL: 2.153e-05 | std: 0.5802 | rollout: 5.439s | update: 0.159s | total: 5.598s | samples/s: 11434
Iteration 0479 | train reward: 35.17 | best: 41.02 | KL: 2.115e-05 | std: 0.5801 | rollout: 5.207s | update: 0.237s | total: 5.444s | samples/s: 11756
Iteration 0480 | train reward: 35.55 | best: 41.02 | KL: 1.893e-05 | std: 0.5801 | rollout: 5.170s | update: 0.150s | total: 5.320s | samples/s: 12030
Iteration 0481 | train reward: 34.55 | best: 41.02 | KL: 2.141e-05 | std: 0.5801 | rollout: 5.127s | update: 0.166s | total: 5.293s | samples/s: 12092
Iteration 0482 | train reward: 37.65 | best: 41.02 | KL: 2.123e-05 | std: 0.5800 | rollout: 5.070s | update: 0.313s | total: 5.383s | samples/s: 11890
Iteration 0483 | train reward: 37.60 | best: 41.02 | KL: 1.823e-05 | std: 0.5800 | rollout: 4.967s | update: 0.182s | total: 5.149s | samples/s: 12430
Iteration 0484 | train reward: 34.62 | best: 41.02 | KL: 2.101e-05 | std: 0.5800 | rollout: 5.099s | update: 0.208s | total: 5.306s | samples/s: 12061
Iteration 0485 | train reward: 37.10 | best: 41.02 | KL: 2.029e-05 | std: 0.5789 | rollout: 4.979s | update: 0.176s | total: 5.155s | samples/s: 12415
Iteration 0486 | train reward: 45.26 | best: 45.26 | KL: 1.827e-05 | std: 0.5789 | rollout: 5.088s | update: 0.166s | total: 5.255s | samples/s: 12180
Iteration 0487 | train reward: 38.56 | best: 45.26 | KL: 2.571e-05 | std: 0.5789 | rollout: 5.191s | update: 0.138s | total: 5.329s | samples/s: 12010
Iteration 0488 | train reward: 43.00 | best: 45.26 | KL: 1.988e-05 | std: 0.5787 | rollout: 4.996s | update: 0.165s | total: 5.160s | samples/s: 12403
Iteration 0489 | train reward: 43.84 | best: 45.26 | KL: 2.168e-05 | std: 0.5787 | rollout: 4.980s | update: 0.142s | total: 5.122s | samples/s: 12496
Iteration 0490 | train reward: 39.95 | best: 45.26 | KL: 2.150e-05 | std: 0.5787 | rollout: 4.952s | update: 0.195s | total: 5.147s | samples/s: 12435
Iteration 0491 | train reward: 40.56 | best: 45.26 | KL: 2.107e-05 | std: 0.5787 | rollout: 5.154s | update: 0.183s | total: 5.337s | samples/s: 11991
Iteration 0492 | train reward: 46.12 | best: 46.12 | KL: 2.030e-05 | std: 0.5783 | rollout: 5.278s | update: 0.166s | total: 5.444s | samples/s: 11755
Iteration 0493 | train reward: 40.51 | best: 46.12 | KL: 2.095e-05 | std: 0.5783 | rollout: 4.882s | update: 0.169s | total: 5.050s | samples/s: 12672
Iteration 0494 | train reward: 43.49 | best: 46.12 | KL: 2.069e-05 | std: 0.5782 | rollout: 5.094s | update: 0.186s | total: 5.280s | samples/s: 12122
Iteration 0495 | train reward: 36.04 | best: 46.12 | KL: 2.173e-05 | std: 0.5782 | rollout: 5.233s | update: 0.174s | total: 5.407s | samples/s: 11836
Iteration 0496 | train reward: 35.57 | best: 46.12 | KL: 2.043e-05 | std: 0.5782 | rollout: 5.136s | update: 0.219s | total: 5.355s | samples/s: 11950
Iteration 0497 | train reward: 50.04 | best: 50.04 | KL: 2.005e-05 | std: 0.5782 | rollout: 5.340s | update: 0.178s | total: 5.518s | samples/s: 11599
Iteration 0498 | train reward: 44.96 | best: 50.04 | KL: 2.271e-05 | std: 0.5782 | rollout: 5.007s | update: 0.175s | total: 5.182s | samples/s: 12351
Iteration 0499 | train reward: 45.70 | best: 50.04 | KL: 2.713e-05 | std: 0.5781 | rollout: 4.959s | update: 0.193s | total: 5.152s | samples/s: 12423
Iteration 0500 | train reward: 48.68 | best: 50.04 | KL: 2.182e-05 | std: 0.5781 | rollout: 5.386s | update: 0.238s | total: 5.624s | samples/s: 11380
Iteration 0501 | train reward: 49.96 | best: 50.04 | KL: 2.600e-05 | std: 0.5781 | rollout: 5.086s | update: 0.239s | total: 5.325s | samples/s: 12019
Iteration 0502 | train reward: 47.78 | best: 50.04 | KL: 2.514e-05 | std: 0.5781 | rollout: 5.414s | update: 0.197s | total: 5.611s | samples/s: 11406
Iteration 0503 | train reward: 50.01 | best: 50.04 | KL: 2.228e-05 | std: 0.5781 | rollout: 5.185s | update: 0.275s | total: 5.460s | samples/s: 11721
Iteration 0504 | train reward: 54.22 | best: 54.22 | KL: 2.909e-05 | std: 0.5779 | rollout: 5.207s | update: 0.327s | total: 5.534s | samples/s: 11566
Iteration 0505 | train reward: 60.87 | best: 60.87 | KL: 2.661e-05 | std: 0.5779 | rollout: 5.227s | update: 0.278s | total: 5.505s | samples/s: 11626
Iteration 0506 | train reward: 51.91 | best: 60.87 | KL: 1.766e-05 | std: 0.5775 | rollout: 6.187s | update: 0.282s | total: 6.469s | samples/s: 9894
Iteration 0507 | train reward: 51.16 | best: 60.87 | KL: 2.741e-05 | std: 0.5775 | rollout: 4.882s | update: 0.162s | total: 5.044s | samples/s: 12688
Iteration 0508 | train reward: 54.07 | best: 60.87 | KL: 2.438e-05 | std: 0.5775 | rollout: 5.013s | update: 0.171s | total: 5.183s | samples/s: 12347
Iteration 0509 | train reward: 49.03 | best: 60.87 | KL: 1.960e-05 | std: 0.5775 | rollout: 4.736s | update: 0.148s | total: 4.885s | samples/s: 13102
Iteration 0510 | train reward: 56.17 | best: 60.87 | KL: 2.066e-05 | std: 0.5774 | rollout: 5.024s | update: 0.148s | total: 5.172s | samples/s: 12374
Iteration 0511 | train reward: 55.07 | best: 60.87 | KL: 2.328e-05 | std: 0.5774 | rollout: 5.137s | update: 0.177s | total: 5.314s | samples/s: 12044
Iteration 0512 | train reward: 54.70 | best: 60.87 | KL: 2.066e-05 | std: 0.5763 | rollout: 4.694s | update: 0.247s | total: 4.941s | samples/s: 12952
Iteration 0513 | train reward: 54.92 | best: 60.87 | KL: 2.566e-05 | std: 0.5763 | rollout: 5.112s | update: 0.192s | total: 5.305s | samples/s: 12065
Iteration 0514 | train reward: 56.28 | best: 60.87 | KL: 2.139e-05 | std: 0.5762 | rollout: 5.058s | update: 0.204s | total: 5.262s | samples/s: 12162
Iteration 0515 | train reward: 52.04 | best: 60.87 | KL: 2.084e-05 | std: 0.5761 | rollout: 5.102s | update: 0.167s | total: 5.270s | samples/s: 12145
Iteration 0516 | train reward: 64.11 | best: 64.11 | KL: 2.645e-05 | std: 0.5761 | rollout: 4.984s | update: 0.302s | total: 5.286s | samples/s: 12108
Iteration 0517 | train reward: 58.65 | best: 64.11 | KL: 2.326e-05 | std: 0.5761 | rollout: 4.895s | update: 0.170s | total: 5.065s | samples/s: 12636
Iteration 0518 | train reward: 63.40 | best: 64.11 | KL: 2.468e-05 | std: 0.5761 | rollout: 4.827s | update: 0.171s | total: 4.998s | samples/s: 12806
Iteration 0519 | train reward: 49.97 | best: 64.11 | KL: 2.599e-05 | std: 0.5757 | rollout: 5.655s | update: 0.315s | total: 5.970s | samples/s: 10720
Iteration 0520 | train reward: 53.39 | best: 64.11 | KL: 2.875e-05 | std: 0.5757 | rollout: 4.904s | update: 0.162s | total: 5.066s | samples/s: 12633
Iteration 0521 | train reward: 65.99 | best: 65.99 | KL: 2.664e-05 | std: 0.5757 | rollout: 4.956s | update: 0.156s | total: 5.111s | samples/s: 12522
Iteration 0522 | train reward: 57.53 | best: 65.99 | KL: 2.480e-05 | std: 0.5757 | rollout: 5.174s | update: 0.148s | total: 5.322s | samples/s: 12025
Iteration 0523 | train reward: 52.53 | best: 65.99 | KL: 2.802e-05 | std: 0.5756 | rollout: 5.661s | update: 0.156s | total: 5.817s | samples/s: 11003
Iteration 0524 | train reward: 66.92 | best: 66.92 | KL: 2.559e-05 | std: 0.5756 | rollout: 5.307s | update: 0.195s | total: 5.502s | samples/s: 11633
Iteration 0525 | train reward: 56.97 | best: 66.92 | KL: 2.508e-05 | std: 0.5755 | rollout: 5.447s | update: 0.200s | total: 5.648s | samples/s: 11332
Iteration 0526 | train reward: 64.25 | best: 66.92 | KL: 2.944e-05 | std: 0.5755 | rollout: 4.825s | update: 0.164s | total: 4.989s | samples/s: 12829
Iteration 0527 | train reward: 70.87 | best: 70.87 | KL: 2.296e-05 | std: 0.5755 | rollout: 5.026s | update: 0.213s | total: 5.239s | samples/s: 12216
Iteration 0528 | train reward: 60.19 | best: 70.87 | KL: 3.051e-05 | std: 0.5755 | rollout: 5.045s | update: 0.147s | total: 5.193s | samples/s: 12325
Iteration 0529 | train reward: 67.39 | best: 70.87 | KL: 2.170e-05 | std: 0.5755 | rollout: 5.095s | update: 0.225s | total: 5.320s | samples/s: 12029
Iteration 0530 | train reward: 65.17 | best: 70.87 | KL: 2.948e-05 | std: 0.5755 | rollout: 5.284s | update: 0.199s | total: 5.483s | samples/s: 11672
Iteration 0531 | train reward: 62.42 | best: 70.87 | KL: 2.774e-05 | std: 0.5754 | rollout: 5.363s | update: 0.191s | total: 5.555s | samples/s: 11522
Iteration 0532 | train reward: 66.32 | best: 70.87 | KL: 2.927e-05 | std: 0.5753 | rollout: 4.869s | update: 0.150s | total: 5.019s | samples/s: 12752
Iteration 0533 | train reward: 67.32 | best: 70.87 | KL: 3.071e-05 | std: 0.5753 | rollout: 5.313s | update: 0.236s | total: 5.550s | samples/s: 11532
Iteration 0534 | train reward: 72.53 | best: 72.53 | KL: 3.018e-05 | std: 0.5753 | rollout: 5.301s | update: 0.151s | total: 5.451s | samples/s: 11740
Iteration 0535 | train reward: 64.81 | best: 72.53 | KL: 2.840e-05 | std: 0.5749 | rollout: 5.260s | update: 0.228s | total: 5.488s | samples/s: 11662
Iteration 0536 | train reward: 67.25 | best: 72.53 | KL: 3.211e-05 | std: 0.5749 | rollout: 5.020s | update: 0.164s | total: 5.185s | samples/s: 12344
Iteration 0537 | train reward: 70.55 | best: 72.53 | KL: 3.187e-05 | std: 0.5749 | rollout: 4.890s | update: 0.180s | total: 5.070s | samples/s: 12624
Iteration 0538 | train reward: 62.88 | best: 72.53 | KL: 2.377e-05 | std: 0.5748 | rollout: 4.887s | update: 0.170s | total: 5.057s | samples/s: 12655
Iteration 0539 | train reward: 67.32 | best: 72.53 | KL: 2.376e-05 | std: 0.5748 | rollout: 5.161s | update: 0.183s | total: 5.344s | samples/s: 11976
Iteration 0540 | train reward: 70.57 | best: 72.53 | KL: 2.647e-05 | std: 0.5748 | rollout: 5.130s | update: 0.192s | total: 5.322s | samples/s: 12025
Iteration 0541 | train reward: 78.15 | best: 78.15 | KL: 3.083e-05 | std: 0.5747 | rollout: 5.026s | update: 0.193s | total: 5.219s | samples/s: 12264
Iteration 0542 | train reward: 74.24 | best: 78.15 | KL: 2.301e-05 | std: 0.5748 | rollout: 5.096s | update: 0.215s | total: 5.311s | samples/s: 12050
Iteration 0543 | train reward: 64.40 | best: 78.15 | KL: 2.539e-05 | std: 0.5747 | rollout: 5.015s | update: 0.221s | total: 5.236s | samples/s: 12223
Iteration 0544 | train reward: 73.86 | best: 78.15 | KL: 2.933e-05 | std: 0.5737 | rollout: 5.266s | update: 0.294s | total: 5.561s | samples/s: 11509
Iteration 0545 | train reward: 79.48 | best: 79.48 | KL: 2.738e-05 | std: 0.5747 | rollout: 5.258s | update: 0.180s | total: 5.438s | samples/s: 11769
Iteration 0546 | train reward: 74.82 | best: 79.48 | KL: 3.009e-05 | std: 0.5736 | rollout: 5.010s | update: 0.202s | total: 5.212s | samples/s: 12279
Iteration 0547 | train reward: 73.90 | best: 79.48 | KL: 3.208e-05 | std: 0.5736 | rollout: 5.306s | update: 0.216s | total: 5.522s | samples/s: 11589
Iteration 0548 | train reward: 72.69 | best: 79.48 | KL: 3.124e-05 | std: 0.5737 | rollout: 4.986s | update: 0.172s | total: 5.158s | samples/s: 12407
Iteration 0549 | train reward: 76.78 | best: 79.48 | KL: 2.643e-05 | std: 0.5735 | rollout: 5.196s | update: 0.160s | total: 5.356s | samples/s: 11950
Iteration 0550 | train reward: 83.01 | best: 83.01 | KL: 2.706e-05 | std: 0.5735 | rollout: 4.891s | update: 0.220s | total: 5.111s | samples/s: 12522
Iteration 0551 | train reward: 91.96 | best: 91.96 | KL: 3.630e-05 | std: 0.5735 | rollout: 4.895s | update: 0.170s | total: 5.065s | samples/s: 12636
Iteration 0552 | train reward: 75.96 | best: 91.96 | KL: 3.197e-05 | std: 0.5731 | rollout: 4.881s | update: 0.162s | total: 5.043s | samples/s: 12692
Iteration 0553 | train reward: 70.90 | best: 91.96 | KL: 3.074e-05 | std: 0.5735 | rollout: 4.760s | update: 0.157s | total: 4.917s | samples/s: 13017
Iteration 0554 | train reward: 76.05 | best: 91.96 | KL: 2.854e-05 | std: 0.5735 | rollout: 4.796s | update: 0.158s | total: 4.955s | samples/s: 12917
Iteration 0555 | train reward: 87.81 | best: 91.96 | KL: 3.509e-05 | std: 0.5731 | rollout: 4.723s | update: 0.290s | total: 5.013s | samples/s: 12767
Iteration 0556 | train reward: 92.28 | best: 92.28 | KL: 3.804e-05 | std: 0.5731 | rollout: 5.179s | update: 0.169s | total: 5.349s | samples/s: 11965
Iteration 0557 | train reward: 84.33 | best: 92.28 | KL: 3.609e-05 | std: 0.5731 | rollout: 5.048s | update: 0.179s | total: 5.227s | samples/s: 12244
Iteration 0558 | train reward: 87.54 | best: 92.28 | KL: 3.211e-05 | std: 0.5729 | rollout: 4.885s | update: 0.332s | total: 5.217s | samples/s: 12267
Iteration 0559 | train reward: 86.25 | best: 92.28 | KL: 3.689e-05 | std: 0.5729 | rollout: 5.260s | update: 0.283s | total: 5.543s | samples/s: 11546
