mechanism audit 501: 1/60
mechanism audit 502: 2/60
mechanism audit 503: 3/60
mechanism audit 504: 4/60
mechanism audit 505: 5/60
mechanism audit 506: 6/60
mechanism audit 507: 7/60
mechanism audit 508: 8/60
mechanism audit 509: 9/60
mechanism audit 510: 10/60
mechanism audit 511: 11/60
mechanism audit 512: 12/60
mechanism audit 513: 13/60
mechanism audit 514: 14/60
mechanism audit 515: 15/60
mechanism audit 516: 16/60
mechanism audit 517: 17/60
mechanism audit 518: 18/60
mechanism audit 519: 19/60
mechanism audit 520: 20/60
mechanism audit 521: 21/60
mechanism audit 522: 22/60
mechanism audit 523: 23/60
mechanism audit 524: 24/60
mechanism audit 525: 25/60
mechanism audit 526: 26/60
mechanism audit 527: 27/60
mechanism audit 528: 28/60
mechanism audit 529: 29/60
mechanism audit 530: 30/60
mechanism audit 531: 31/60
mechanism audit 532: 32/60
mechanism audit 533: 33/60
mechanism audit 534: 34/60
mechanism audit 535: 35/60
mechanism audit 536: 36/60
mechanism audit 537: 37/60
mechanism audit 538: 38/60
mechanism audit 539: 39/60
mechanism audit 540: 40/60
mechanism audit 541: 41/60
mechanism audit 542: 42/60
mechanism audit 543: 43/60
mechanism audit 544: 44/60
mechanism audit 545: 45/60
mechanism audit 546: 46/60
mechanism audit 547: 47/60
mechanism audit 548: 48/60
mechanism audit 549: 49/60
mechanism audit 550: 50/60
mechanism audit 551: 51/60
mechanism audit 552: 52/60
mechanism audit 553: 53/60
mechanism audit 554: 54/60
mechanism audit 555: 55/60
mechanism audit 556: 56/60
mechanism audit 557: 57/60
mechanism audit 558: 58/60
mechanism audit 559: 59/60
mechanism audit 560: 60/60
{
  "complete": true,
  "discordant_seed_diagnostic_rows": 20,
  "discordant_seed_diagnostics": "discordant_seed_diagnostics.csv",
  "mechanism_seed_rows": 60,
  "outcomes_used_to_change_configuration": false,
  "paired_failure_discordance": {
    "exact_two_sided_mcnemar_p": 0.109375,
    "reward_failed_handoff_succeeded": 8,
    "reward_succeeded_handoff_failed": 2
  },
  "paired_seed_count": 60,
  "predeclaration": {
    "architecture": [
      8,
      8
    ],
    "base_seeds": [
      501,
      502,
      503,
      504,
      505,
      506,
      507,
      508,
      509,
      510,
      511,
      512,
      513,
      514,
      515,
      516,
      517,
      518,
      519,
      520
    ],
    "broad_global_entropy_is_primary_mechanism_metric": false,
    "center_returns": true,
    "collector_mode": "complete_episodes_by_update",
    "episodes_per_update": 8,
    "evaluation_episodes_per_checkpoint": 32,
    "extension_seeds": [
      521,
      522,
      523,
      524,
      525,
      526,
      527,
      528,
      529,
      530,
      531,
      532,
      533,
      534,
      535,
      536,
      537,
      538,
      539,
      540,
      541,
      542,
      543,
      544,
      545,
      546,
      547,
      548,
      549,
      550,
      551,
      552,
      553,
      554,
      555,
      556,
      557,
      558,
      559,
      560
    ],
    "failure_definition": "final stochastic return < -300 OR final stochastic termination rate < 0.8",
    "gamma": 0.99,
    "handoff_fraction": 0.25,
    "horizon": 500,
    "learning_rate": 0.003,
    "mechanism_checkpoint_update": 250,
    "mechanism_diagnostics": [
      "deterministic return at handoff",
      "per-state action probability and entropy distributions on the frozen reference bank",
      "greedy-action agreement on the frozen reference bank",
      "best-minus-second-best action margins",
      "reference-bank states with different greedy actions",
      "frequency of the disagreement region under each policy's handoff visitation distribution"
    ],
    "methods": [
      "reward_only",
      "logbarrier_handoff_h25"
    ],
    "normalize_returns": false,
    "optimizer": "Adam",
    "outcomes_used_for_configuration": false,
    "primary_endpoint": "catastrophic failure rate",
    "schema_version": 1,
    "secondary_endpoints": [
      "final stochastic return",
      "true environment-step return AUC"
    ],
    "selected_beta": 546.4135158976487,
    "total_paired_seeds": 60,
    "training_episodes_per_seed": 8000,
    "updates": 1000,
    "visitation_frequency_definition": "fraction of 2048 independently collected on-policy handoff states at which the paired reward-only and handoff policies choose different greedy actions"
  },
  "schema_version": 1
}
